Component: ARM Compiler 5.06 update 6 (build 750) Tool: armlink [4d35ed]

==============================================================================

Section Cross References

    gpio_program.o(i.GPIO_Init) refers to gpio_program.o(i.GPIO_configure_pin_mode) for GPIO_configure_pin_mode
    gpio_program.o(i.GPIO_Init) refers to gpio_program.o(i.GPIO_configure_pin_speed) for GPIO_configure_pin_speed
    gpio_program.o(i.GPIO_Init) refers to gpio_program.o(i.GPIO_configure_pin_otype) for GPIO_configure_pin_otype
    gpio_program.o(i.GPIO_Init) refers to gpio_program.o(i.GPIO_configure_pin_pupd) for GPIO_configure_pin_pupd
    gpio_program.o(i.GPIO_Init) refers to gpio_program.o(i.GPIO_set_alt_function) for GPIO_set_alt_function
    main.o(i.main) refers to rcc_program.o(i.RCC_voidInitSysClock) for RCC_voidInitSysClock
    main.o(i.main) refers to stk_program.o(i.STK_voidInit) for STK_voidInit
    main.o(i.main) refers to rcc_program.o(i.RCC_uint8_tGetClock) for RCC_uint8_tGetClock
    main.o(i.main) refers to rcc_program.o(i.RCC_voidEnableClock) for RCC_voidEnableClock
    main.o(i.main) refers to tft_prog.o(i.TFT_Init) for TFT_Init
    main.o(i.main) refers to tft_prog.o(i.TFT_Set_Rotation) for TFT_Set_Rotation
    main.o(i.main) refers to tft_prog.o(i.TFT_fillScreen) for TFT_fillScreen
    main.o(i.main) refers to tft_prog.o(i.TFT_SetTextSize) for TFT_SetTextSize
    main.o(i.main) refers to tft_prog.o(i.TFT_SetCursor) for TFT_SetCursor
    main.o(i.main) refers to tft_prog.o(i.TFT_SetTextColor) for TFT_SetTextColor
    main.o(i.main) refers to tft_prog.o(i.TFT_Print_String) for TFT_Print_String
    main.o(i.main) refers to gpio_program.o(i.GPIO_Init) for GPIO_Init
    main.o(i.main) refers to main.o(.data) for clk
    main.o(i.random2) refers to rand.o(.emb_text) for rand
    main.o(i.random2) refers to dflt_clz.o(x$fpl$dflt) for __aeabi_i2d
    main.o(i.random2) refers to ddiv.o(x$fpl$ddiv) for __aeabi_ddiv
    tft_prog.o(i.PIN_OUTPUT) refers to gpio_program.o(i.GPIO_Init) for GPIO_Init
    tft_prog.o(i.TFT_Clear) refers to tft_prog.o(i.TFT_SetAddrWindow) for TFT_SetAddrWindow
    tft_prog.o(i.TFT_Clear) refers to tft_prog.o(i.TFT_Write_Cmd_Byte) for TFT_Write_Cmd_Byte
    tft_prog.o(i.TFT_Clear) refers to tft_prog.o(i.TFT_Write_Data_Word) for TFT_Write_Data_Word
    tft_prog.o(i.TFT_Clear) refers to tft_prog.o(.data) for tft_H
    tft_prog.o(i.TFT_DrawFastHLine) refers to tft_prog.o(i.TFT_fillRect) for TFT_fillRect
    tft_prog.o(i.TFT_DrawFastHLine) refers to tft_prog.o(.data) for tft_W
    tft_prog.o(i.TFT_DrawFastVLine) refers to tft_prog.o(i.TFT_fillRect) for TFT_fillRect
    tft_prog.o(i.TFT_DrawFastVLine) refers to tft_prog.o(.data) for tft_W
    tft_prog.o(i.TFT_DrawRect) refers to tft_prog.o(i.TFT_DrawFastHLine) for TFT_DrawFastHLine
    tft_prog.o(i.TFT_DrawRect) refers to tft_prog.o(i.TFT_DrawFastVLine) for TFT_DrawFastVLine
    tft_prog.o(i.TFT_Draw_Circle) refers to tft_prog.o(i.drawPixel) for drawPixel
    tft_prog.o(i.TFT_Draw_Line) refers to tft_prog.o(i.TFT_DrawFastHLine) for TFT_DrawFastHLine
    tft_prog.o(i.TFT_Draw_Line) refers to tft_prog.o(i.TFT_DrawFastVLine) for TFT_DrawFastVLine
    tft_prog.o(i.TFT_Draw_Line) refers to tft_prog.o(i.drawPixel) for drawPixel
    tft_prog.o(i.TFT_Draw_Point) refers to tft_prog.o(i.TFT_DrawFastVLine) for TFT_DrawFastVLine
    tft_prog.o(i.TFT_Draw_Point) refers to tft_prog.o(i.TFT_fillCircleHelper) for TFT_fillCircleHelper
    tft_prog.o(i.TFT_GPIO_Init) refers to tft_prog.o(i.PIN_OUTPUT) for PIN_OUTPUT
    tft_prog.o(i.TFT_Init) refers to tft_prog.o(i.TFT_GPIO_Init) for TFT_GPIO_Init
    tft_prog.o(i.TFT_Init) refers to tft_prog.o(i.TFT_Reset) for TFT_Reset
    tft_prog.o(i.TFT_Init) refers to tft_prog.o(i.TFT_Write_Cmd_Byte) for TFT_Write_Cmd_Byte
    tft_prog.o(i.TFT_Init) refers to stk_program.o(i.STK_voidDelayMs) for STK_voidDelayMs
    tft_prog.o(i.TFT_Init) refers to tft_prog.o(i.TFT_Write_Data_Byte) for TFT_Write_Data_Byte
    tft_prog.o(i.TFT_Init) refers to tft_prog.o(i.TFT_Set_Rotation) for TFT_Set_Rotation
    tft_prog.o(i.TFT_Print_Char14x24) refers to tft_prog.o(i.TFT_SetAddrWindow) for TFT_SetAddrWindow
    tft_prog.o(i.TFT_Print_Char14x24) refers to tft_prog.o(i.drawPixel) for drawPixel
    tft_prog.o(i.TFT_Print_Char14x24) refers to tft_prog.o(.data) for tft_W
    tft_prog.o(i.TFT_Print_Char14x24) refers to tft_prog.o(.constdata) for Consolas14x24
    tft_prog.o(i.TFT_Print_Char18x32) refers to tft_prog.o(i.TFT_SetAddrWindow) for TFT_SetAddrWindow
    tft_prog.o(i.TFT_Print_Char18x32) refers to tft_prog.o(i.drawPixel) for drawPixel
    tft_prog.o(i.TFT_Print_Char18x32) refers to tft_prog.o(.data) for tft_W
    tft_prog.o(i.TFT_Print_Char18x32) refers to tft_prog.o(.constdata) for Consolas18x32
    tft_prog.o(i.TFT_Print_Char8x16) refers to tft_prog.o(i.TFT_SetAddrWindow) for TFT_SetAddrWindow
    tft_prog.o(i.TFT_Print_Char8x16) refers to tft_prog.o(i.drawPixel) for drawPixel
    tft_prog.o(i.TFT_Print_Char8x16) refers to tft_prog.o(.data) for POINT_COLOR
    tft_prog.o(i.TFT_Print_Char8x16) refers to tft_prog.o(.constdata) for asc2_1608
    tft_prog.o(i.TFT_Print_Number) refers to tft_prog.o(i.TFT_Print_Char8x16) for TFT_Print_Char8x16
    tft_prog.o(i.TFT_Print_Number) refers to tft_prog.o(i.TFT_Print_Char14x24) for TFT_Print_Char14x24
    tft_prog.o(i.TFT_Print_Number) refers to tft_prog.o(i.TFT_Print_Char18x32) for TFT_Print_Char18x32
    tft_prog.o(i.TFT_Print_Number) refers to tft_prog.o(.data) for textsize
    tft_prog.o(i.TFT_Print_String) refers to tft_prog.o(i.TFT_Print_String8x16) for TFT_Print_String8x16
    tft_prog.o(i.TFT_Print_String) refers to tft_prog.o(i.TFT_Print_String14x24) for TFT_Print_String14x24
    tft_prog.o(i.TFT_Print_String) refers to tft_prog.o(i.TFT_Print_String18x32) for TFT_Print_String18x32
    tft_prog.o(i.TFT_Print_String) refers to tft_prog.o(.data) for textsize
    tft_prog.o(i.TFT_Print_String14x24) refers to tft_prog.o(i.TFT_Print_Char14x24) for TFT_Print_Char14x24
    tft_prog.o(i.TFT_Print_String14x24) refers to tft_prog.o(.data) for cursor_x
    tft_prog.o(i.TFT_Print_String18x32) refers to tft_prog.o(i.TFT_Print_Char18x32) for TFT_Print_Char18x32
    tft_prog.o(i.TFT_Print_String18x32) refers to tft_prog.o(.data) for cursor_x
    tft_prog.o(i.TFT_Print_String8x16) refers to tft_prog.o(i.TFT_Print_Char8x16) for TFT_Print_Char8x16
    tft_prog.o(i.TFT_Print_String8x16) refers to tft_prog.o(.data) for cursor_x
    tft_prog.o(i.TFT_Reset) refers to stk_program.o(i.STK_voidDelayMs) for STK_voidDelayMs
    tft_prog.o(i.TFT_Scroll_Vertical) refers to tft_prog.o(i.TFT_Write_Cmd_ParamN) for TFT_Write_Cmd_ParamN
    tft_prog.o(i.TFT_Scroll_Vertical) refers to tft_prog.o(.data) for tft_H
    tft_prog.o(i.TFT_SetAddrWindow) refers to tft_prog.o(i.TFT_Write_Cmd_Param4) for TFT_Write_Cmd_Param4
    tft_prog.o(i.TFT_SetCursor) refers to tft_prog.o(.data) for cursor_x
    tft_prog.o(i.TFT_SetTextColor) refers to tft_prog.o(.data) for POINT_COLOR
    tft_prog.o(i.TFT_SetTextSize) refers to tft_prog.o(.data) for textsize
    tft_prog.o(i.TFT_Set_Rotation) refers to tft_prog.o(i.TFT_Write_Cmd_Byte) for TFT_Write_Cmd_Byte
    tft_prog.o(i.TFT_Set_Rotation) refers to tft_prog.o(i.TFT_Write_Data_Byte) for TFT_Write_Data_Byte
    tft_prog.o(i.TFT_Set_Rotation) refers to tft_prog.o(.data) for tft_W
    tft_prog.o(i.TFT_Write_Cmd_Data) refers to tft_prog.o(i.TFT_Write_Cmd_Byte) for TFT_Write_Cmd_Byte
    tft_prog.o(i.TFT_Write_Cmd_Data) refers to tft_prog.o(i.TFT_Write_Data_Word) for TFT_Write_Data_Word
    tft_prog.o(i.TFT_Write_Cmd_Param4) refers to tft_prog.o(i.TFT_Write_Cmd_ParamN) for TFT_Write_Cmd_ParamN
    tft_prog.o(i.TFT_Write_Cmd_ParamN) refers to tft_prog.o(i.TFT_Write_Cmd_Byte) for TFT_Write_Cmd_Byte
    tft_prog.o(i.TFT_Write_Cmd_ParamN) refers to tft_prog.o(i.TFT_Write_Data_Byte) for TFT_Write_Data_Byte
    tft_prog.o(i.TFT_Write_Data_Cmd) refers to tft_prog.o(i.TFT_Write_Cmd_Byte) for TFT_Write_Cmd_Byte
    tft_prog.o(i.TFT_Write_Data_Cmd) refers to tft_prog.o(i.TFT_Write_Data_Word) for TFT_Write_Data_Word
    tft_prog.o(i.TFT_fillCircle) refers to tft_prog.o(i.TFT_DrawFastVLine) for TFT_DrawFastVLine
    tft_prog.o(i.TFT_fillCircle) refers to tft_prog.o(i.TFT_fillCircleHelper) for TFT_fillCircleHelper
    tft_prog.o(i.TFT_fillCircleHelper) refers to tft_prog.o(i.TFT_DrawFastVLine) for TFT_DrawFastVLine
    tft_prog.o(i.TFT_fillRect) refers to tft_prog.o(i.TFT_SetAddrWindow) for TFT_SetAddrWindow
    tft_prog.o(i.TFT_fillRect) refers to tft_prog.o(i.TFT_Write_Cmd_Byte) for TFT_Write_Cmd_Byte
    tft_prog.o(i.TFT_fillRect) refers to tft_prog.o(i.TFT_Write_Data_Word) for TFT_Write_Data_Word
    tft_prog.o(i.TFT_fillRect) refers to tft_prog.o(.data) for tft_W
    tft_prog.o(i.TFT_fillScreen) refers to tft_prog.o(i.TFT_fillRect) for TFT_fillRect
    tft_prog.o(i.TFT_fillScreen) refers to tft_prog.o(.data) for tft_H
    tft_prog.o(i.drawPixel) refers to tft_prog.o(i.TFT_Write_Cmd_Param4) for TFT_Write_Cmd_Param4
    tft_prog.o(i.drawPixel) refers to tft_prog.o(i.TFT_Write_Cmd_Data) for TFT_Write_Cmd_Data
    tft_prog.o(i.drawPixel) refers to tft_prog.o(.data) for tft_W
    stk_program.o(i.STK_Set_CallBack) refers to stk_program.o(.data) for STK_CallBack
    stk_program.o(i.STK_uint32_t_millis) refers to stk_program.o(.data) for msTicks
    stk_program.o(i.STK_voidDelayMs) refers to stk_program.o(i.STK_uint32_t_millis) for STK_uint32_t_millis
    stk_program.o(i.SysTick_Handler) refers to stk_program.o(.data) for msTicks
    startup_stm32f303xe.o(STACK) refers (Special) to heapauxi.o(.text) for __use_two_region_memory
    startup_stm32f303xe.o(HEAP) refers (Special) to heapauxi.o(.text) for __use_two_region_memory
    startup_stm32f303xe.o(RESET) refers (Special) to heapauxi.o(.text) for __use_two_region_memory
    startup_stm32f303xe.o(RESET) refers to startup_stm32f303xe.o(STACK) for __initial_sp
    startup_stm32f303xe.o(RESET) refers to startup_stm32f303xe.o(.text) for Reset_Handler
    startup_stm32f303xe.o(RESET) refers to stk_program.o(i.SysTick_Handler) for SysTick_Handler
    startup_stm32f303xe.o(.text) refers (Special) to heapauxi.o(.text) for __use_two_region_memory
    startup_stm32f303xe.o(.text) refers to system_stm32f3xx.o(i.SystemInit) for SystemInit
    startup_stm32f303xe.o(.text) refers to __main.o(!!!main) for __main
    startup_stm32f303xe.o(.text) refers to startup_stm32f303xe.o(HEAP) for Heap_Mem
    startup_stm32f303xe.o(.text) refers to startup_stm32f303xe.o(STACK) for Stack_Mem
    system_stm32f3xx.o(i.SystemCoreClockUpdate) refers to system_stm32f3xx.o(.data) for SystemCoreClock
    system_stm32f3xx.o(i.SystemCoreClockUpdate) refers to system_stm32f3xx.o(.constdata) for AHBPrescTable
    rand.o(.emb_text) refers (Special) to libinit2.o(.ARM.Collect$$libinit$$0000000D) for __rt_lib_init_rand_2
    rand.o(.emb_text) refers to rand.o(.text) for _rand_init
    rand.o(.emb_text) refers to rand.o(.bss) for _random_number_data
    rand.o(.text) refers (Special) to libinit2.o(.ARM.Collect$$libinit$$0000000D) for __rt_lib_init_rand_2
    rand.o(.text) refers to rand.o(.bss) for .bss
    rand.o(.bss) refers (Special) to libinit2.o(.ARM.Collect$$libinit$$0000000D) for __rt_lib_init_rand_2
    __main.o(!!!main) refers to __rtentry.o(.ARM.Collect$$rtentry$$00000000) for __rt_entry
    ddiv.o(x$fpl$drdiv) refers (Special) to usenofp.o(x$fpl$usenofp) for __I$use$fp
    ddiv.o(x$fpl$drdiv) refers to ddiv.o(x$fpl$ddiv) for ddiv_entry
    ddiv.o(x$fpl$ddiv) refers (Special) to usenofp.o(x$fpl$usenofp) for __I$use$fp
    ddiv.o(x$fpl$ddiv) refers to dretinf.o(x$fpl$dretinf) for __fpl_dretinf
    ddiv.o(x$fpl$ddiv) refers to dnaninf.o(x$fpl$dnaninf) for __fpl_dnaninf
    dflt_clz.o(x$fpl$dfltu) refers (Special) to usenofp.o(x$fpl$usenofp) for __I$use$fp
    dflt_clz.o(x$fpl$dflt) refers (Special) to usenofp.o(x$fpl$usenofp) for __I$use$fp
    dflt_clz.o(x$fpl$dfltn) refers (Special) to usenofp.o(x$fpl$usenofp) for __I$use$fp
    __rtentry.o(.ARM.Collect$$rtentry$$00000000) refers (Special) to __rtentry2.o(.ARM.Collect$$rtentry$$0000000A) for __rt_entry_li
    __rtentry.o(.ARM.Collect$$rtentry$$00000000) refers (Special) to __rtentry2.o(.ARM.Collect$$rtentry$$0000000D) for __rt_entry_main
    __rtentry.o(.ARM.Collect$$rtentry$$00000000) refers (Special) to __rtentry2.o(.ARM.Collect$$rtentry$$0000000C) for __rt_entry_postli_1
    __rtentry.o(.ARM.Collect$$rtentry$$00000000) refers (Special) to __rtentry2.o(.ARM.Collect$$rtentry$$00000009) for __rt_entry_postsh_1
    __rtentry.o(.ARM.Collect$$rtentry$$00000000) refers (Special) to __rtentry2.o(.ARM.Collect$$rtentry$$00000002) for __rt_entry_presh_1
    __rtentry.o(.ARM.Collect$$rtentry$$00000000) refers (Special) to __rtentry4.o(.ARM.Collect$$rtentry$$00000004) for __rt_entry_sh
    libinit2.o(.ARM.Collect$$libinit$$00000001) refers to fpinit.o(x$fpl$fpinit) for _fp_init
    libinit2.o(.ARM.Collect$$libinit$$0000000D) refers (Weak) to rand.o(.text) for _rand_init
    libinit2.o(.ARM.Collect$$libinit$$00000010) refers to libinit2.o(.ARM.Collect$$libinit$$0000000F) for .ARM.Collect$$libinit$$0000000F
    libinit2.o(.ARM.Collect$$libinit$$00000012) refers to libinit2.o(.ARM.Collect$$libinit$$0000000F) for .ARM.Collect$$libinit$$0000000F
    libinit2.o(.ARM.Collect$$libinit$$00000014) refers to libinit2.o(.ARM.Collect$$libinit$$0000000F) for .ARM.Collect$$libinit$$0000000F
    libinit2.o(.ARM.Collect$$libinit$$00000016) refers to libinit2.o(.ARM.Collect$$libinit$$0000000F) for .ARM.Collect$$libinit$$0000000F
    libinit2.o(.ARM.Collect$$libinit$$00000018) refers to libinit2.o(.ARM.Collect$$libinit$$0000000F) for .ARM.Collect$$libinit$$0000000F
    libinit2.o(.ARM.Collect$$libinit$$00000026) refers to argv_veneer.o(.emb_text) for __ARM_argv_veneer
    libinit2.o(.ARM.Collect$$libinit$$00000027) refers to argv_veneer.o(.emb_text) for __ARM_argv_veneer
    dnaninf.o(x$fpl$dnaninf) refers (Special) to usenofp.o(x$fpl$usenofp) for __I$use$fp
    dretinf.o(x$fpl$dretinf) refers (Special) to usenofp.o(x$fpl$usenofp) for __I$use$fp
    __rtentry2.o(.ARM.Collect$$rtentry$$00000008) refers to boardinit2.o(.text) for _platform_post_stackheap_init
    __rtentry2.o(.ARM.Collect$$rtentry$$0000000A) refers to libinit.o(.ARM.Collect$$libinit$$00000000) for __rt_lib_init
    __rtentry2.o(.ARM.Collect$$rtentry$$0000000B) refers to boardinit3.o(.text) for _platform_post_lib_init
    __rtentry2.o(.ARM.Collect$$rtentry$$0000000D) refers to main.o(i.main) for main
    __rtentry2.o(.ARM.Collect$$rtentry$$0000000D) refers to exit.o(.text) for exit
    __rtentry2.o(.ARM.exidx) refers to __rtentry2.o(.ARM.Collect$$rtentry$$00000001) for .ARM.Collect$$rtentry$$00000001
    __rtentry2.o(.ARM.exidx) refers to __rtentry2.o(.ARM.Collect$$rtentry$$00000008) for .ARM.Collect$$rtentry$$00000008
    __rtentry2.o(.ARM.exidx) refers to __rtentry2.o(.ARM.Collect$$rtentry$$0000000A) for .ARM.Collect$$rtentry$$0000000A
    __rtentry2.o(.ARM.exidx) refers to __rtentry2.o(.ARM.Collect$$rtentry$$0000000B) for .ARM.Collect$$rtentry$$0000000B
    __rtentry2.o(.ARM.exidx) refers to __rtentry2.o(.ARM.Collect$$rtentry$$0000000D) for .ARM.Collect$$rtentry$$0000000D
    __rtentry4.o(.ARM.Collect$$rtentry$$00000004) refers to sys_stackheap_outer.o(.text) for __user_setup_stackheap
    __rtentry4.o(.ARM.exidx) refers to __rtentry4.o(.ARM.Collect$$rtentry$$00000004) for .ARM.Collect$$rtentry$$00000004
    argv_veneer.o(.emb_text) refers to no_argv.o(.text) for __ARM_get_argv
    sys_stackheap_outer.o(.text) refers to libspace.o(.text) for __user_perproc_libspace
    sys_stackheap_outer.o(.text) refers to startup_stm32f303xe.o(.text) for __user_initial_stackheap
    exit.o(.text) refers to rtexit.o(.ARM.Collect$$rtexit$$00000000) for __rt_exit
    _get_argv_nomalloc.o(.text) refers (Special) to hrguard.o(.text) for __heap_region$guard
    _get_argv_nomalloc.o(.text) refers to defsig_rtmem_outer.o(.text) for __rt_SIGRTMEM
    _get_argv_nomalloc.o(.text) refers to sys_command.o(.text) for _sys_command_string
    libinit.o(.ARM.Collect$$libinit$$00000000) refers (Special) to libinit2.o(.ARM.Collect$$libinit$$0000002E) for __rt_lib_init_alloca_1
    libinit.o(.ARM.Collect$$libinit$$00000000) refers (Special) to libinit2.o(.ARM.Collect$$libinit$$0000002C) for __rt_lib_init_argv_1
    libinit.o(.ARM.Collect$$libinit$$00000000) refers (Special) to libinit2.o(.ARM.Collect$$libinit$$0000001B) for __rt_lib_init_atexit_1
    libinit.o(.ARM.Collect$$libinit$$00000000) refers (Special) to libinit2.o(.ARM.Collect$$libinit$$00000021) for __rt_lib_init_clock_1
    libinit.o(.ARM.Collect$$libinit$$00000000) refers (Special) to libinit2.o(.ARM.Collect$$libinit$$00000032) for __rt_lib_init_cpp_1
    libinit.o(.ARM.Collect$$libinit$$00000000) refers (Special) to libinit2.o(.ARM.Collect$$libinit$$00000030) for __rt_lib_init_exceptions_1
    libinit.o(.ARM.Collect$$libinit$$00000000) refers (Special) to libinit2.o(.ARM.Collect$$libinit$$00000001) for __rt_lib_init_fp_1
    libinit.o(.ARM.Collect$$libinit$$00000000) refers (Special) to libinit2.o(.ARM.Collect$$libinit$$0000001F) for __rt_lib_init_fp_trap_1
    libinit.o(.ARM.Collect$$libinit$$00000000) refers (Special) to libinit2.o(.ARM.Collect$$libinit$$00000023) for __rt_lib_init_getenv_1
    libinit.o(.ARM.Collect$$libinit$$00000000) refers (Special) to libinit2.o(.ARM.Collect$$libinit$$0000000A) for __rt_lib_init_heap_1
    libinit.o(.ARM.Collect$$libinit$$00000000) refers (Special) to libinit2.o(.ARM.Collect$$libinit$$00000011) for __rt_lib_init_lc_collate_1
    libinit.o(.ARM.Collect$$libinit$$00000000) refers (Special) to libinit2.o(.ARM.Collect$$libinit$$00000013) for __rt_lib_init_lc_ctype_1
    libinit.o(.ARM.Collect$$libinit$$00000000) refers (Special) to libinit2.o(.ARM.Collect$$libinit$$00000015) for __rt_lib_init_lc_monetary_1
    libinit.o(.ARM.Collect$$libinit$$00000000) refers (Special) to libinit2.o(.ARM.Collect$$libinit$$00000017) for __rt_lib_init_lc_numeric_1
    libinit.o(.ARM.Collect$$libinit$$00000000) refers (Special) to libinit2.o(.ARM.Collect$$libinit$$00000019) for __rt_lib_init_lc_time_1
    libinit.o(.ARM.Collect$$libinit$$00000000) refers (Special) to libinit2.o(.ARM.Collect$$libinit$$00000004) for __rt_lib_init_preinit_1
    libinit.o(.ARM.Collect$$libinit$$00000000) refers (Special) to libinit2.o(.ARM.Collect$$libinit$$0000000E) for __rt_lib_init_rand_1
    libinit.o(.ARM.Collect$$libinit$$00000000) refers (Special) to libinit2.o(.ARM.Collect$$libinit$$00000033) for __rt_lib_init_return
    libinit.o(.ARM.Collect$$libinit$$00000000) refers (Special) to libinit2.o(.ARM.Collect$$libinit$$0000001D) for __rt_lib_init_signal_1
    libinit.o(.ARM.Collect$$libinit$$00000000) refers (Special) to libinit2.o(.ARM.Collect$$libinit$$00000025) for __rt_lib_init_stdio_1
    libinit.o(.ARM.Collect$$libinit$$00000000) refers (Special) to libinit2.o(.ARM.Collect$$libinit$$0000000C) for __rt_lib_init_user_alloc_1
    sys_command.o(.text) refers (Special) to use_no_semi.o(.text) for __I$use$semihosting
    sys_command.o(.text) refers (Special) to indicate_semi.o(.text) for __semihosting_library_function
    libspace.o(.text) refers to libspace.o(.bss) for __libspace_start
    rtexit.o(.ARM.Collect$$rtexit$$00000000) refers (Special) to rtexit2.o(.ARM.Collect$$rtexit$$00000004) for __rt_exit_exit
    rtexit.o(.ARM.Collect$$rtexit$$00000000) refers (Special) to rtexit2.o(.ARM.Collect$$rtexit$$00000003) for __rt_exit_ls
    rtexit.o(.ARM.Collect$$rtexit$$00000000) refers (Special) to rtexit2.o(.ARM.Collect$$rtexit$$00000002) for __rt_exit_prels_1
    rtexit.o(.ARM.exidx) refers (Special) to rtexit2.o(.ARM.Collect$$rtexit$$00000004) for __rt_exit_exit
    rtexit.o(.ARM.exidx) refers (Special) to rtexit2.o(.ARM.Collect$$rtexit$$00000003) for __rt_exit_ls
    rtexit.o(.ARM.exidx) refers (Special) to rtexit2.o(.ARM.Collect$$rtexit$$00000002) for __rt_exit_prels_1
    rtexit.o(.ARM.exidx) refers to rtexit.o(.ARM.Collect$$rtexit$$00000000) for .ARM.Collect$$rtexit$$00000000
    defsig_rtmem_outer.o(.text) refers to defsig_rtmem_inner.o(.text) for __rt_SIGRTMEM_inner
    defsig_rtmem_outer.o(.text) refers to defsig_exit.o(.text) for __sig_exit
    defsig_rtmem_formal.o(.text) refers to rt_raise.o(.text) for __rt_raise
    rtexit2.o(.ARM.Collect$$rtexit$$00000003) refers to libshutdown.o(.ARM.Collect$$libshutdown$$00000000) for __rt_lib_shutdown
    rtexit2.o(.ARM.Collect$$rtexit$$00000004) refers to sys_exit.o(.text) for _sys_exit
    rtexit2.o(.ARM.exidx) refers to rtexit2.o(.ARM.Collect$$rtexit$$00000001) for .ARM.Collect$$rtexit$$00000001
    rtexit2.o(.ARM.exidx) refers to rtexit2.o(.ARM.Collect$$rtexit$$00000003) for .ARM.Collect$$rtexit$$00000003
    rtexit2.o(.ARM.exidx) refers to rtexit2.o(.ARM.Collect$$rtexit$$00000004) for .ARM.Collect$$rtexit$$00000004
    rt_raise.o(.text) refers to __raise.o(.text) for __raise
    rt_raise.o(.text) refers to sys_exit.o(.text) for _sys_exit
    defsig_exit.o(.text) refers to sys_exit.o(.text) for _sys_exit
    defsig_rtmem_inner.o(.text) refers to defsig_general.o(.text) for __default_signal_display
    sys_exit.o(.text) refers (Special) to use_no_semi.o(.text) for __I$use$semihosting
    sys_exit.o(.text) refers (Special) to indicate_semi.o(.text) for __semihosting_library_function
    __raise.o(.text) refers to defsig.o(CL$$defsig) for __default_signal_handler
    defsig_general.o(.text) refers to sys_wrch.o(.text) for _ttywrch
    libshutdown.o(.ARM.Collect$$libshutdown$$00000000) refers (Special) to libshutdown2.o(.ARM.Collect$$libshutdown$$00000002) for __rt_lib_shutdown_cpp_1
    libshutdown.o(.ARM.Collect$$libshutdown$$00000000) refers (Special) to libshutdown2.o(.ARM.Collect$$libshutdown$$00000007) for __rt_lib_shutdown_fp_trap_1
    libshutdown.o(.ARM.Collect$$libshutdown$$00000000) refers (Special) to libshutdown2.o(.ARM.Collect$$libshutdown$$0000000F) for __rt_lib_shutdown_heap_1
    libshutdown.o(.ARM.Collect$$libshutdown$$00000000) refers (Special) to libshutdown2.o(.ARM.Collect$$libshutdown$$00000010) for __rt_lib_shutdown_return
    libshutdown.o(.ARM.Collect$$libshutdown$$00000000) refers (Special) to libshutdown2.o(.ARM.Collect$$libshutdown$$0000000A) for __rt_lib_shutdown_signal_1
    libshutdown.o(.ARM.Collect$$libshutdown$$00000000) refers (Special) to libshutdown2.o(.ARM.Collect$$libshutdown$$00000004) for __rt_lib_shutdown_stdio_1
    libshutdown.o(.ARM.Collect$$libshutdown$$00000000) refers (Special) to libshutdown2.o(.ARM.Collect$$libshutdown$$0000000C) for __rt_lib_shutdown_user_alloc_1
    sys_wrch.o(.text) refers (Special) to use_no_semi.o(.text) for __I$use$semihosting
    sys_wrch.o(.text) refers (Special) to indicate_semi.o(.text) for __semihosting_library_function
    defsig.o(CL$$defsig) refers to defsig_rtmem_inner.o(.text) for __rt_SIGRTMEM_inner
    defsig_abrt_inner.o(.text) refers to defsig_general.o(.text) for __default_signal_display
    defsig_fpe_inner.o(.text) refers to defsig_general.o(.text) for __default_signal_display
    defsig_rtred_inner.o(.text) refers to defsig_general.o(.text) for __default_signal_display
    defsig_stak_inner.o(.text) refers to defsig_general.o(.text) for __default_signal_display
    defsig_pvfn_inner.o(.text) refers to defsig_general.o(.text) for __default_signal_display
    defsig_cppl_inner.o(.text) refers to defsig_general.o(.text) for __default_signal_display
    defsig_segv_inner.o(.text) refers to defsig_general.o(.text) for __default_signal_display
    defsig_other.o(.text) refers to defsig_general.o(.text) for __default_signal_display


==============================================================================

Removing Unused input sections from the image.

    Removing gpio_program.o(i.GPIO_Read_Pin), (12 bytes).
    Removing gpio_program.o(i.GPIO_Write_Pin), (28 bytes).
    Removing gpio_program.o(i.GPIO_Write_Port), (4 bytes).
    Removing main.o(i.map), (22 bytes).
    Removing main.o(i.random2), (52 bytes).
    Removing rcc_program.o(i.RCC_voidDisableClock), (72 bytes).
    Removing tft_prog.o(i.TFT_Clear), (84 bytes).
    Removing tft_prog.o(i.TFT_DrawFastHLine), (80 bytes).
    Removing tft_prog.o(i.TFT_DrawFastVLine), (80 bytes).
    Removing tft_prog.o(i.TFT_DrawRect), (76 bytes).
    Removing tft_prog.o(i.TFT_Draw_Circle), (260 bytes).
    Removing tft_prog.o(i.TFT_Draw_Line), (328 bytes).
    Removing tft_prog.o(i.TFT_Draw_Point), (46 bytes).
    Removing tft_prog.o(i.TFT_Print_Number), (328 bytes).
    Removing tft_prog.o(i.TFT_Scroll_Vertical), (124 bytes).
    Removing tft_prog.o(i.TFT_Write_Cmd_Word), (260 bytes).
    Removing tft_prog.o(i.TFT_Write_Data_Cmd), (20 bytes).
    Removing tft_prog.o(i.TFT_fillCircle), (48 bytes).
    Removing tft_prog.o(i.TFT_fillCircleHelper), (198 bytes).
    Removing stk_program.o(i.STK_Set_CallBack), (12 bytes).
    Removing stk_program.o(i.STK_voidStop), (34 bytes).
    Removing system_stm32f3xx.o(.rev16_text), (4 bytes).
    Removing system_stm32f3xx.o(.revsh_text), (4 bytes).
    Removing system_stm32f3xx.o(.rrx_text), (6 bytes).
    Removing system_stm32f3xx.o(i.SystemCoreClockUpdate), (164 bytes).
    Removing system_stm32f3xx.o(.constdata), (24 bytes).
    Removing system_stm32f3xx.o(.data), (4 bytes).

27 unused section(s) (total 2374 bytes) removed from the image.

==============================================================================

Image Symbol Table

    Local Symbols

    Symbol Name                              Value     Ov Type        Size  Object(Section)

    ../clib/angel/boardlib.s                 0x00000000   Number         0  boardinit3.o ABSOLUTE
    ../clib/angel/boardlib.s                 0x00000000   Number         0  boardinit2.o ABSOLUTE
    ../clib/angel/boardlib.s                 0x00000000   Number         0  boardinit1.o ABSOLUTE
    ../clib/angel/boardlib.s                 0x00000000   Number         0  boardshut.o ABSOLUTE
    ../clib/angel/handlers.s                 0x00000000   Number         0  __scatter_zi.o ABSOLUTE
    ../clib/angel/handlers.s                 0x00000000   Number         0  __scatter_copy.o ABSOLUTE
    ../clib/angel/kernel.s                   0x00000000   Number         0  rtexit2.o ABSOLUTE
    ../clib/angel/kernel.s                   0x00000000   Number         0  rtexit.o ABSOLUTE
    ../clib/angel/kernel.s                   0x00000000   Number         0  __rtentry.o ABSOLUTE
    ../clib/angel/kernel.s                   0x00000000   Number         0  __rtentry4.o ABSOLUTE
    ../clib/angel/kernel.s                   0x00000000   Number         0  __rtentry2.o ABSOLUTE
    ../clib/angel/rt.s                       0x00000000   Number         0  rt_raise.o ABSOLUTE
    ../clib/angel/scatter.s                  0x00000000   Number         0  __scatter.o ABSOLUTE
    ../clib/angel/startup.s                  0x00000000   Number         0  __main.o ABSOLUTE
    ../clib/angel/sys.s                      0x00000000   Number         0  libspace.o ABSOLUTE
    ../clib/angel/sys.s                      0x00000000   Number         0  sys_stackheap_outer.o ABSOLUTE
    ../clib/angel/sys.s                      0x00000000   Number         0  use_no_semi.o ABSOLUTE
    ../clib/angel/sys.s                      0x00000000   Number         0  indicate_semi.o ABSOLUTE
    ../clib/angel/sysapp.c                   0x00000000   Number         0  sys_command.o ABSOLUTE
    ../clib/angel/sysapp.c                   0x00000000   Number         0  sys_exit.o ABSOLUTE
    ../clib/angel/sysapp.c                   0x00000000   Number         0  sys_wrch.o ABSOLUTE
    ../clib/armsys.c                         0x00000000   Number         0  _get_argv_nomalloc.o ABSOLUTE
    ../clib/armsys.c                         0x00000000   Number         0  argv_veneer.o ABSOLUTE
    ../clib/armsys.c                         0x00000000   Number         0  argv_veneer.o ABSOLUTE
    ../clib/armsys.c                         0x00000000   Number         0  no_argv.o ABSOLUTE
    ../clib/heapalloc.c                      0x00000000   Number         0  hrguard.o ABSOLUTE
    ../clib/heapaux.c                        0x00000000   Number         0  heapauxi.o ABSOLUTE
    ../clib/libinit.s                        0x00000000   Number         0  libinit2.o ABSOLUTE
    ../clib/libinit.s                        0x00000000   Number         0  libshutdown2.o ABSOLUTE
    ../clib/libinit.s                        0x00000000   Number         0  libinit.o ABSOLUTE
    ../clib/libinit.s                        0x00000000   Number         0  libshutdown.o ABSOLUTE
    ../clib/signal.c                         0x00000000   Number         0  defsig_rtmem_outer.o ABSOLUTE
    ../clib/signal.c                         0x00000000   Number         0  defsig_rtmem_formal.o ABSOLUTE
    ../clib/signal.c                         0x00000000   Number         0  defsig_cppl_inner.o ABSOLUTE
    ../clib/signal.c                         0x00000000   Number         0  defsig_pvfn_inner.o ABSOLUTE
    ../clib/signal.c                         0x00000000   Number         0  defsig_stak_inner.o ABSOLUTE
    ../clib/signal.c                         0x00000000   Number         0  defsig_rtred_inner.o ABSOLUTE
    ../clib/signal.c                         0x00000000   Number         0  defsig_fpe_inner.o ABSOLUTE
    ../clib/signal.c                         0x00000000   Number         0  defsig_abrt_inner.o ABSOLUTE
    ../clib/signal.c                         0x00000000   Number         0  __raise.o ABSOLUTE
    ../clib/signal.c                         0x00000000   Number         0  defsig_general.o ABSOLUTE
    ../clib/signal.c                         0x00000000   Number         0  defsig_other.o ABSOLUTE
    ../clib/signal.c                         0x00000000   Number         0  defsig_rtmem_inner.o ABSOLUTE
    ../clib/signal.c                         0x00000000   Number         0  defsig_exit.o ABSOLUTE
    ../clib/signal.c                         0x00000000   Number         0  defsig_segv_inner.o ABSOLUTE
    ../clib/signal.s                         0x00000000   Number         0  defsig.o ABSOLUTE
    ../clib/stdlib.c                         0x00000000   Number         0  rand.o ABSOLUTE
    ../clib/stdlib.c                         0x00000000   Number         0  exit.o ABSOLUTE
    ../clib/stdlib.c                         0x00000000   Number         0  rand.o ABSOLUTE
    ../fplib/ddiv.s                          0x00000000   Number         0  ddiv.o ABSOLUTE
    ../fplib/dflt.s                          0x00000000   Number         0  dflt_clz.o ABSOLUTE
    ../fplib/dnaninf.s                       0x00000000   Number         0  dnaninf.o ABSOLUTE
    ../fplib/dretinf.s                       0x00000000   Number         0  dretinf.o ABSOLUTE
    ../fplib/fpinit.s                        0x00000000   Number         0  fpinit.o ABSOLUTE
    ../fplib/usenofp.s                       0x00000000   Number         0  usenofp.o ABSOLUTE
    GPIO_program.c                           0x00000000   Number         0  gpio_program.o ABSOLUTE
    RCC_program.c                            0x00000000   Number         0  rcc_program.o ABSOLUTE
    RTE\Device\STM32F303RETx\startup_stm32f303xe.s 0x00000000   Number         0  startup_stm32f303xe.o ABSOLUTE
    RTE\Device\STM32F303RETx\system_stm32f3xx.c 0x00000000   Number         0  system_stm32f3xx.o ABSOLUTE
    RTE\\Device\\STM32F303RETx\\system_stm32f3xx.c 0x00000000   Number         0  system_stm32f3xx.o ABSOLUTE
    STK_program.c                            0x00000000   Number         0  stk_program.o ABSOLUTE
    TFT_prog.c                               0x00000000   Number         0  tft_prog.o ABSOLUTE
    dc.s                                     0x00000000   Number         0  dc.o ABSOLUTE
    main.c                                   0x00000000   Number         0  main.o ABSOLUTE
    RESET                                    0x08000000   Section      404  startup_stm32f303xe.o(RESET)
    !!!main                                  0x08000194   Section        8  __main.o(!!!main)
    !!!scatter                               0x0800019c   Section       52  __scatter.o(!!!scatter)
    !!handler_copy                           0x080001d0   Section       26  __scatter_copy.o(!!handler_copy)
    !!handler_zi                             0x080001ec   Section       28  __scatter_zi.o(!!handler_zi)
    .ARM.Collect$$libinit$$00000000          0x08000208   Section        2  libinit.o(.ARM.Collect$$libinit$$00000000)
    .ARM.Collect$$libinit$$00000001          0x0800020a   Section        4  libinit2.o(.ARM.Collect$$libinit$$00000001)
    .ARM.Collect$$libinit$$00000004          0x0800020e   Section        0  libinit2.o(.ARM.Collect$$libinit$$00000004)
    .ARM.Collect$$libinit$$0000000A          0x0800020e   Section        0  libinit2.o(.ARM.Collect$$libinit$$0000000A)
    .ARM.Collect$$libinit$$0000000C          0x0800020e   Section        0  libinit2.o(.ARM.Collect$$libinit$$0000000C)
    .ARM.Collect$$libinit$$0000000E          0x0800020e   Section        0  libinit2.o(.ARM.Collect$$libinit$$0000000E)
    .ARM.Collect$$libinit$$00000011          0x0800020e   Section        0  libinit2.o(.ARM.Collect$$libinit$$00000011)
    .ARM.Collect$$libinit$$00000013          0x0800020e   Section        0  libinit2.o(.ARM.Collect$$libinit$$00000013)
    .ARM.Collect$$libinit$$00000015          0x0800020e   Section        0  libinit2.o(.ARM.Collect$$libinit$$00000015)
    .ARM.Collect$$libinit$$00000017          0x0800020e   Section        0  libinit2.o(.ARM.Collect$$libinit$$00000017)
    .ARM.Collect$$libinit$$00000019          0x0800020e   Section        0  libinit2.o(.ARM.Collect$$libinit$$00000019)
    .ARM.Collect$$libinit$$0000001B          0x0800020e   Section        0  libinit2.o(.ARM.Collect$$libinit$$0000001B)
    .ARM.Collect$$libinit$$0000001D          0x0800020e   Section        0  libinit2.o(.ARM.Collect$$libinit$$0000001D)
    .ARM.Collect$$libinit$$0000001F          0x0800020e   Section        0  libinit2.o(.ARM.Collect$$libinit$$0000001F)
    .ARM.Collect$$libinit$$00000021          0x0800020e   Section        0  libinit2.o(.ARM.Collect$$libinit$$00000021)
    .ARM.Collect$$libinit$$00000023          0x0800020e   Section        0  libinit2.o(.ARM.Collect$$libinit$$00000023)
    .ARM.Collect$$libinit$$00000025          0x0800020e   Section        0  libinit2.o(.ARM.Collect$$libinit$$00000025)
    .ARM.Collect$$libinit$$0000002C          0x0800020e   Section        0  libinit2.o(.ARM.Collect$$libinit$$0000002C)
    .ARM.Collect$$libinit$$0000002E          0x0800020e   Section        0  libinit2.o(.ARM.Collect$$libinit$$0000002E)
    .ARM.Collect$$libinit$$00000030          0x0800020e   Section        0  libinit2.o(.ARM.Collect$$libinit$$00000030)
    .ARM.Collect$$libinit$$00000032          0x0800020e   Section        0  libinit2.o(.ARM.Collect$$libinit$$00000032)
    .ARM.Collect$$libinit$$00000033          0x0800020e   Section        2  libinit2.o(.ARM.Collect$$libinit$$00000033)
    .ARM.Collect$$libshutdown$$00000000      0x08000210   Section        2  libshutdown.o(.ARM.Collect$$libshutdown$$00000000)
    .ARM.Collect$$libshutdown$$00000002      0x08000212   Section        0  libshutdown2.o(.ARM.Collect$$libshutdown$$00000002)
    .ARM.Collect$$libshutdown$$00000004      0x08000212   Section        0  libshutdown2.o(.ARM.Collect$$libshutdown$$00000004)
    .ARM.Collect$$libshutdown$$00000007      0x08000212   Section        0  libshutdown2.o(.ARM.Collect$$libshutdown$$00000007)
    .ARM.Collect$$libshutdown$$0000000A      0x08000212   Section        0  libshutdown2.o(.ARM.Collect$$libshutdown$$0000000A)
    .ARM.Collect$$libshutdown$$0000000C      0x08000212   Section        0  libshutdown2.o(.ARM.Collect$$libshutdown$$0000000C)
    .ARM.Collect$$libshutdown$$0000000F      0x08000212   Section        0  libshutdown2.o(.ARM.Collect$$libshutdown$$0000000F)
    .ARM.Collect$$libshutdown$$00000010      0x08000212   Section        2  libshutdown2.o(.ARM.Collect$$libshutdown$$00000010)
    .ARM.Collect$$rtentry$$00000000          0x08000214   Section        0  __rtentry.o(.ARM.Collect$$rtentry$$00000000)
    .ARM.Collect$$rtentry$$00000002          0x08000214   Section        0  __rtentry2.o(.ARM.Collect$$rtentry$$00000002)
    .ARM.Collect$$rtentry$$00000004          0x08000214   Section        6  __rtentry4.o(.ARM.Collect$$rtentry$$00000004)
    .ARM.Collect$$rtentry$$00000009          0x0800021a   Section        0  __rtentry2.o(.ARM.Collect$$rtentry$$00000009)
    .ARM.Collect$$rtentry$$0000000A          0x0800021a   Section        4  __rtentry2.o(.ARM.Collect$$rtentry$$0000000A)
    .ARM.Collect$$rtentry$$0000000C          0x0800021e   Section        0  __rtentry2.o(.ARM.Collect$$rtentry$$0000000C)
    .ARM.Collect$$rtentry$$0000000D          0x0800021e   Section        8  __rtentry2.o(.ARM.Collect$$rtentry$$0000000D)
    .ARM.Collect$$rtexit$$00000000           0x08000226   Section        2  rtexit.o(.ARM.Collect$$rtexit$$00000000)
    .ARM.Collect$$rtexit$$00000002           0x08000228   Section        0  rtexit2.o(.ARM.Collect$$rtexit$$00000002)
    .ARM.Collect$$rtexit$$00000003           0x08000228   Section        4  rtexit2.o(.ARM.Collect$$rtexit$$00000003)
    .ARM.Collect$$rtexit$$00000004           0x0800022c   Section        6  rtexit2.o(.ARM.Collect$$rtexit$$00000004)
    .text                                    0x08000234   Section       64  startup_stm32f303xe.o(.text)
    $v0                                      0x08000234   Number         0  startup_stm32f303xe.o(.text)
    .text                                    0x08000274   Section        0  heapauxi.o(.text)
    .text                                    0x0800027a   Section       74  sys_stackheap_outer.o(.text)
    .text                                    0x080002c4   Section        0  exit.o(.text)
    .text                                    0x080002d8   Section        8  libspace.o(.text)
    .text                                    0x080002e0   Section        2  use_no_semi.o(.text)
    .text                                    0x080002e2   Section        0  indicate_semi.o(.text)
    .text                                    0x080002e4   Section        0  sys_exit.o(.text)
    i.GPIO_Init                              0x080002f0   Section        0  gpio_program.o(i.GPIO_Init)
    i.GPIO_configure_pin_mode                0x08000336   Section        0  gpio_program.o(i.GPIO_configure_pin_mode)
    i.GPIO_configure_pin_otype               0x08000352   Section        0  gpio_program.o(i.GPIO_configure_pin_otype)
    i.GPIO_configure_pin_pupd                0x08000360   Section        0  gpio_program.o(i.GPIO_configure_pin_pupd)
    i.GPIO_configure_pin_speed               0x08000370   Section        0  gpio_program.o(i.GPIO_configure_pin_speed)
    i.GPIO_set_alt_function                  0x08000380   Section        0  gpio_program.o(i.GPIO_set_alt_function)
    i.PIN_OUTPUT                             0x080003b0   Section        0  tft_prog.o(i.PIN_OUTPUT)
    i.RCC_uint8_tGetClock                    0x080003d4   Section        0  rcc_program.o(i.RCC_uint8_tGetClock)
    i.RCC_voidEnableClock                    0x08000424   Section        0  rcc_program.o(i.RCC_voidEnableClock)
    i.RCC_voidInitSysClock                   0x0800046c   Section        0  rcc_program.o(i.RCC_voidInitSysClock)
    i.STK_uint32_t_millis                    0x080004c0   Section        0  stk_program.o(i.STK_uint32_t_millis)
    i.STK_voidDelayMs                        0x080004cc   Section        0  stk_program.o(i.STK_voidDelayMs)
    i.STK_voidInit                           0x08000504   Section        0  stk_program.o(i.STK_voidInit)
    i.SysTick_Handler                        0x08000530   Section        0  stk_program.o(i.SysTick_Handler)
    i.SystemInit                             0x08000554   Section        0  system_stm32f3xx.o(i.SystemInit)
    i.TFT_GPIO_Init                          0x080005d0   Section        0  tft_prog.o(i.TFT_GPIO_Init)
    i.TFT_Init                               0x08000650   Section        0  tft_prog.o(i.TFT_Init)
    i.TFT_Print_Char14x24                    0x08000788   Section        0  tft_prog.o(i.TFT_Print_Char14x24)
    i.TFT_Print_Char18x32                    0x0800083c   Section        0  tft_prog.o(i.TFT_Print_Char18x32)
    i.TFT_Print_Char8x16                     0x080008ec   Section        0  tft_prog.o(i.TFT_Print_Char8x16)
    i.TFT_Print_String                       0x0800098c   Section        0  tft_prog.o(i.TFT_Print_String)
    i.TFT_Print_String14x24                  0x080009c4   Section        0  tft_prog.o(i.TFT_Print_String14x24)
    i.TFT_Print_String18x32                  0x08000a68   Section        0  tft_prog.o(i.TFT_Print_String18x32)
    i.TFT_Print_String8x16                   0x08000b0c   Section        0  tft_prog.o(i.TFT_Print_String8x16)
    i.TFT_Reset                              0x08000bb0   Section        0  tft_prog.o(i.TFT_Reset)
    i.TFT_SetAddrWindow                      0x08000bec   Section        0  tft_prog.o(i.TFT_SetAddrWindow)
    i.TFT_SetCursor                          0x08000c20   Section        0  tft_prog.o(i.TFT_SetCursor)
    i.TFT_SetTextColor                       0x08000c34   Section        0  tft_prog.o(i.TFT_SetTextColor)
    i.TFT_SetTextSize                        0x08000c40   Section        0  tft_prog.o(i.TFT_SetTextSize)
    i.TFT_Set_Rotation                       0x08000c4c   Section        0  tft_prog.o(i.TFT_Set_Rotation)
    i.TFT_Write_Cmd_Byte                     0x08000cc8   Section        0  tft_prog.o(i.TFT_Write_Cmd_Byte)
    i.TFT_Write_Cmd_Data                     0x08000d54   Section        0  tft_prog.o(i.TFT_Write_Cmd_Data)
    i.TFT_Write_Cmd_Param4                   0x08000d68   Section        0  tft_prog.o(i.TFT_Write_Cmd_Param4)
    i.TFT_Write_Cmd_ParamN                   0x08000d96   Section        0  tft_prog.o(i.TFT_Write_Cmd_ParamN)
    i.TFT_Write_Data_Byte                    0x08000dc0   Section        0  tft_prog.o(i.TFT_Write_Data_Byte)
    i.TFT_Write_Data_Word                    0x08000e4c   Section        0  tft_prog.o(i.TFT_Write_Data_Word)
    i.TFT_fillRect                           0x08000f50   Section        0  tft_prog.o(i.TFT_fillRect)
    i.TFT_fillScreen                         0x0800100c   Section        0  tft_prog.o(i.TFT_fillScreen)
    i.drawPixel                              0x08001030   Section        0  tft_prog.o(i.drawPixel)
    i.main                                   0x08001088   Section        0  main.o(i.main)
    x$fpl$fpinit                             0x0800112c   Section       10  fpinit.o(x$fpl$fpinit)
    $v0                                      0x0800112c   Number         0  fpinit.o(x$fpl$fpinit)
    .constdata                               0x08001136   Section    12464  tft_prog.o(.constdata)
    .data                                    0x20000000   Section        8  main.o(.data)
    .data                                    0x20000008   Section       28  tft_prog.o(.data)
    .data                                    0x20000024   Section        8  stk_program.o(.data)
    .bss                                     0x2000002c   Section       96  libspace.o(.bss)
    HEAP                                     0x20000090   Section      512  startup_stm32f303xe.o(HEAP)
    Heap_Mem                                 0x20000090   Data         512  startup_stm32f303xe.o(HEAP)
    STACK                                    0x20000290   Section     1024  startup_stm32f303xe.o(STACK)
    Stack_Mem                                0x20000290   Data        1024  startup_stm32f303xe.o(STACK)
    __initial_sp                             0x20000690   Data           0  startup_stm32f303xe.o(STACK)

    Global Symbols

    Symbol Name                              Value     Ov Type        Size  Object(Section)

    BuildAttributes$$THM_ISAv4$E$P$D$K$B$S$7EM$VFPi3$EXTD16$VFPS$VFMA$PE$A:L22UL41UL21$X:L11$S22US41US21$IEEE1$IW$USESV6$~STKCKD$USESV7$~SHL$OSPACE$ROPI$EBA8$UX$STANDARDLIB$REQ8$PRES8$EABIv2 0x00000000   Number         0  anon$$obj.o ABSOLUTE
    __ARM_use_no_argv                        0x00000000   Number         0  main.o ABSOLUTE
    __ARM_exceptions_init                     - Undefined Weak Reference
    __alloca_initialize                       - Undefined Weak Reference
    __arm_preinit_                            - Undefined Weak Reference
    __cpp_initialize__aeabi_                  - Undefined Weak Reference
    __cxa_finalize                            - Undefined Weak Reference
    __rt_locale                               - Undefined Weak Reference
    __sigvec_lookup                           - Undefined Weak Reference
    _atexit_init                              - Undefined Weak Reference
    _call_atexit_fns                          - Undefined Weak Reference
    _clock_init                               - Undefined Weak Reference
    _fp_trap_init                             - Undefined Weak Reference
    _fp_trap_shutdown                         - Undefined Weak Reference
    _get_lc_collate                           - Undefined Weak Reference
    _get_lc_ctype                             - Undefined Weak Reference
    _get_lc_monetary                          - Undefined Weak Reference
    _get_lc_numeric                           - Undefined Weak Reference
    _get_lc_time                              - Undefined Weak Reference
    _getenv_init                              - Undefined Weak Reference
    _handle_redirection                       - Undefined Weak Reference
    _init_alloc                               - Undefined Weak Reference
    _init_user_alloc                          - Undefined Weak Reference
    _initio                                   - Undefined Weak Reference
    _signal_finish                            - Undefined Weak Reference
    _signal_init                              - Undefined Weak Reference
    _terminate_alloc                          - Undefined Weak Reference
    _terminate_user_alloc                     - Undefined Weak Reference
    _terminateio                              - Undefined Weak Reference
    __Vectors_Size                           0x00000194   Number         0  startup_stm32f303xe.o ABSOLUTE
    __Vectors                                0x08000000   Data           4  startup_stm32f303xe.o(RESET)
    __Vectors_End                            0x08000194   Data           0  startup_stm32f303xe.o(RESET)
    __main                                   0x08000195   Thumb Code     8  __main.o(!!!main)
    __scatterload                            0x0800019d   Thumb Code     0  __scatter.o(!!!scatter)
    __scatterload_rt2                        0x0800019d   Thumb Code    44  __scatter.o(!!!scatter)
    __scatterload_rt2_thumb_only             0x0800019d   Thumb Code     0  __scatter.o(!!!scatter)
    __scatterload_null                       0x080001ab   Thumb Code     0  __scatter.o(!!!scatter)
    __scatterload_copy                       0x080001d1   Thumb Code    26  __scatter_copy.o(!!handler_copy)
    __scatterload_zeroinit                   0x080001ed   Thumb Code    28  __scatter_zi.o(!!handler_zi)
    __rt_lib_init                            0x08000209   Thumb Code     0  libinit.o(.ARM.Collect$$libinit$$00000000)
    __rt_lib_init_fp_1                       0x0800020b   Thumb Code     0  libinit2.o(.ARM.Collect$$libinit$$00000001)
    __rt_lib_init_alloca_1                   0x0800020f   Thumb Code     0  libinit2.o(.ARM.Collect$$libinit$$0000002E)
    __rt_lib_init_argv_1                     0x0800020f   Thumb Code     0  libinit2.o(.ARM.Collect$$libinit$$0000002C)
    __rt_lib_init_atexit_1                   0x0800020f   Thumb Code     0  libinit2.o(.ARM.Collect$$libinit$$0000001B)
    __rt_lib_init_clock_1                    0x0800020f   Thumb Code     0  libinit2.o(.ARM.Collect$$libinit$$00000021)
    __rt_lib_init_cpp_1                      0x0800020f   Thumb Code     0  libinit2.o(.ARM.Collect$$libinit$$00000032)
    __rt_lib_init_exceptions_1               0x0800020f   Thumb Code     0  libinit2.o(.ARM.Collect$$libinit$$00000030)
    __rt_lib_init_fp_trap_1                  0x0800020f   Thumb Code     0  libinit2.o(.ARM.Collect$$libinit$$0000001F)
    __rt_lib_init_getenv_1                   0x0800020f   Thumb Code     0  libinit2.o(.ARM.Collect$$libinit$$00000023)
    __rt_lib_init_heap_1                     0x0800020f   Thumb Code     0  libinit2.o(.ARM.Collect$$libinit$$0000000A)
    __rt_lib_init_lc_collate_1               0x0800020f   Thumb Code     0  libinit2.o(.ARM.Collect$$libinit$$00000011)
    __rt_lib_init_lc_ctype_1                 0x0800020f   Thumb Code     0  libinit2.o(.ARM.Collect$$libinit$$00000013)
    __rt_lib_init_lc_monetary_1              0x0800020f   Thumb Code     0  libinit2.o(.ARM.Collect$$libinit$$00000015)
    __rt_lib_init_lc_numeric_1               0x0800020f   Thumb Code     0  libinit2.o(.ARM.Collect$$libinit$$00000017)
    __rt_lib_init_lc_time_1                  0x0800020f   Thumb Code     0  libinit2.o(.ARM.Collect$$libinit$$00000019)
    __rt_lib_init_preinit_1                  0x0800020f   Thumb Code     0  libinit2.o(.ARM.Collect$$libinit$$00000004)
    __rt_lib_init_rand_1                     0x0800020f   Thumb Code     0  libinit2.o(.ARM.Collect$$libinit$$0000000E)
    __rt_lib_init_return                     0x0800020f   Thumb Code     0  libinit2.o(.ARM.Collect$$libinit$$00000033)
    __rt_lib_init_signal_1                   0x0800020f   Thumb Code     0  libinit2.o(.ARM.Collect$$libinit$$0000001D)
    __rt_lib_init_stdio_1                    0x0800020f   Thumb Code     0  libinit2.o(.ARM.Collect$$libinit$$00000025)
    __rt_lib_init_user_alloc_1               0x0800020f   Thumb Code     0  libinit2.o(.ARM.Collect$$libinit$$0000000C)
    __rt_lib_shutdown                        0x08000211   Thumb Code     0  libshutdown.o(.ARM.Collect$$libshutdown$$00000000)
    __rt_lib_shutdown_cpp_1                  0x08000213   Thumb Code     0  libshutdown2.o(.ARM.Collect$$libshutdown$$00000002)
    __rt_lib_shutdown_fp_trap_1              0x08000213   Thumb Code     0  libshutdown2.o(.ARM.Collect$$libshutdown$$00000007)
    __rt_lib_shutdown_heap_1                 0x08000213   Thumb Code     0  libshutdown2.o(.ARM.Collect$$libshutdown$$0000000F)
    __rt_lib_shutdown_return                 0x08000213   Thumb Code     0  libshutdown2.o(.ARM.Collect$$libshutdown$$00000010)
    __rt_lib_shutdown_signal_1               0x08000213   Thumb Code     0  libshutdown2.o(.ARM.Collect$$libshutdown$$0000000A)
    __rt_lib_shutdown_stdio_1                0x08000213   Thumb Code     0  libshutdown2.o(.ARM.Collect$$libshutdown$$00000004)
    __rt_lib_shutdown_user_alloc_1           0x08000213   Thumb Code     0  libshutdown2.o(.ARM.Collect$$libshutdown$$0000000C)
    __rt_entry                               0x08000215   Thumb Code     0  __rtentry.o(.ARM.Collect$$rtentry$$00000000)
    __rt_entry_presh_1                       0x08000215   Thumb Code     0  __rtentry2.o(.ARM.Collect$$rtentry$$00000002)
    __rt_entry_sh                            0x08000215   Thumb Code     0  __rtentry4.o(.ARM.Collect$$rtentry$$00000004)
    __rt_entry_li                            0x0800021b   Thumb Code     0  __rtentry2.o(.ARM.Collect$$rtentry$$0000000A)
    __rt_entry_postsh_1                      0x0800021b   Thumb Code     0  __rtentry2.o(.ARM.Collect$$rtentry$$00000009)
    __rt_entry_main                          0x0800021f   Thumb Code     0  __rtentry2.o(.ARM.Collect$$rtentry$$0000000D)
    __rt_entry_postli_1                      0x0800021f   Thumb Code     0  __rtentry2.o(.ARM.Collect$$rtentry$$0000000C)
    __rt_exit                                0x08000227   Thumb Code     0  rtexit.o(.ARM.Collect$$rtexit$$00000000)
    __rt_exit_ls                             0x08000229   Thumb Code     0  rtexit2.o(.ARM.Collect$$rtexit$$00000003)
    __rt_exit_prels_1                        0x08000229   Thumb Code     0  rtexit2.o(.ARM.Collect$$rtexit$$00000002)
    __rt_exit_exit                           0x0800022d   Thumb Code     0  rtexit2.o(.ARM.Collect$$rtexit$$00000004)
    Reset_Handler                            0x08000235   Thumb Code     8  startup_stm32f303xe.o(.text)
    NMI_Handler                              0x0800023d   Thumb Code     2  startup_stm32f303xe.o(.text)
    HardFault_Handler                        0x0800023f   Thumb Code     2  startup_stm32f303xe.o(.text)
    MemManage_Handler                        0x08000241   Thumb Code     2  startup_stm32f303xe.o(.text)
    BusFault_Handler                         0x08000243   Thumb Code     2  startup_stm32f303xe.o(.text)
    UsageFault_Handler                       0x08000245   Thumb Code     2  startup_stm32f303xe.o(.text)
    SVC_Handler                              0x08000247   Thumb Code     2  startup_stm32f303xe.o(.text)
    DebugMon_Handler                         0x08000249   Thumb Code     2  startup_stm32f303xe.o(.text)
    PendSV_Handler                           0x0800024b   Thumb Code     2  startup_stm32f303xe.o(.text)
    ADC1_2_IRQHandler                        0x0800024f   Thumb Code     0  startup_stm32f303xe.o(.text)
    ADC3_IRQHandler                          0x0800024f   Thumb Code     0  startup_stm32f303xe.o(.text)
    ADC4_IRQHandler                          0x0800024f   Thumb Code     0  startup_stm32f303xe.o(.text)
    CAN_RX1_IRQHandler                       0x0800024f   Thumb Code     0  startup_stm32f303xe.o(.text)
    CAN_SCE_IRQHandler                       0x0800024f   Thumb Code     0  startup_stm32f303xe.o(.text)
    COMP1_2_3_IRQHandler                     0x0800024f   Thumb Code     0  startup_stm32f303xe.o(.text)
    COMP4_5_6_IRQHandler                     0x0800024f   Thumb Code     0  startup_stm32f303xe.o(.text)
    COMP7_IRQHandler                         0x0800024f   Thumb Code     0  startup_stm32f303xe.o(.text)
    DMA1_Channel1_IRQHandler                 0x0800024f   Thumb Code     0  startup_stm32f303xe.o(.text)
    DMA1_Channel2_IRQHandler                 0x0800024f   Thumb Code     0  startup_stm32f303xe.o(.text)
    DMA1_Channel3_IRQHandler                 0x0800024f   Thumb Code     0  startup_stm32f303xe.o(.text)
    DMA1_Channel4_IRQHandler                 0x0800024f   Thumb Code     0  startup_stm32f303xe.o(.text)
    DMA1_Channel5_IRQHandler                 0x0800024f   Thumb Code     0  startup_stm32f303xe.o(.text)
    DMA1_Channel6_IRQHandler                 0x0800024f   Thumb Code     0  startup_stm32f303xe.o(.text)
    DMA1_Channel7_IRQHandler                 0x0800024f   Thumb Code     0  startup_stm32f303xe.o(.text)
    DMA2_Channel1_IRQHandler                 0x0800024f   Thumb Code     0  startup_stm32f303xe.o(.text)
    DMA2_Channel2_IRQHandler                 0x0800024f   Thumb Code     0  startup_stm32f303xe.o(.text)
    DMA2_Channel3_IRQHandler                 0x0800024f   Thumb Code     0  startup_stm32f303xe.o(.text)
    DMA2_Channel4_IRQHandler                 0x0800024f   Thumb Code     0  startup_stm32f303xe.o(.text)
    DMA2_Channel5_IRQHandler                 0x0800024f   Thumb Code     0  startup_stm32f303xe.o(.text)
    EXTI0_IRQHandler                         0x0800024f   Thumb Code     0  startup_stm32f303xe.o(.text)
    EXTI15_10_IRQHandler                     0x0800024f   Thumb Code     0  startup_stm32f303xe.o(.text)
    EXTI1_IRQHandler                         0x0800024f   Thumb Code     0  startup_stm32f303xe.o(.text)
    EXTI2_TSC_IRQHandler                     0x0800024f   Thumb Code     0  startup_stm32f303xe.o(.text)
    EXTI3_IRQHandler                         0x0800024f   Thumb Code     0  startup_stm32f303xe.o(.text)
    EXTI4_IRQHandler                         0x0800024f   Thumb Code     0  startup_stm32f303xe.o(.text)
    EXTI9_5_IRQHandler                       0x0800024f   Thumb Code     0  startup_stm32f303xe.o(.text)
    FLASH_IRQHandler                         0x0800024f   Thumb Code     0  startup_stm32f303xe.o(.text)
    FMC_IRQHandler                           0x0800024f   Thumb Code     0  startup_stm32f303xe.o(.text)
    FPU_IRQHandler                           0x0800024f   Thumb Code     0  startup_stm32f303xe.o(.text)
    I2C1_ER_IRQHandler                       0x0800024f   Thumb Code     0  startup_stm32f303xe.o(.text)
    I2C1_EV_IRQHandler                       0x0800024f   Thumb Code     0  startup_stm32f303xe.o(.text)
    I2C2_ER_IRQHandler                       0x0800024f   Thumb Code     0  startup_stm32f303xe.o(.text)
    I2C2_EV_IRQHandler                       0x0800024f   Thumb Code     0  startup_stm32f303xe.o(.text)
    I2C3_ER_IRQHandler                       0x0800024f   Thumb Code     0  startup_stm32f303xe.o(.text)
    I2C3_EV_IRQHandler                       0x0800024f   Thumb Code     0  startup_stm32f303xe.o(.text)
    PVD_IRQHandler                           0x0800024f   Thumb Code     0  startup_stm32f303xe.o(.text)
    RCC_IRQHandler                           0x0800024f   Thumb Code     0  startup_stm32f303xe.o(.text)
    RTC_Alarm_IRQHandler                     0x0800024f   Thumb Code     0  startup_stm32f303xe.o(.text)
    RTC_WKUP_IRQHandler                      0x0800024f   Thumb Code     0  startup_stm32f303xe.o(.text)
    SPI1_IRQHandler                          0x0800024f   Thumb Code     0  startup_stm32f303xe.o(.text)
    SPI2_IRQHandler                          0x0800024f   Thumb Code     0  startup_stm32f303xe.o(.text)
    SPI3_IRQHandler                          0x0800024f   Thumb Code     0  startup_stm32f303xe.o(.text)
    SPI4_IRQHandler                          0x0800024f   Thumb Code     0  startup_stm32f303xe.o(.text)
    TAMP_STAMP_IRQHandler                    0x0800024f   Thumb Code     0  startup_stm32f303xe.o(.text)
    TIM1_BRK_TIM15_IRQHandler                0x0800024f   Thumb Code     0  startup_stm32f303xe.o(.text)
    TIM1_CC_IRQHandler                       0x0800024f   Thumb Code     0  startup_stm32f303xe.o(.text)
    TIM1_TRG_COM_TIM17_IRQHandler            0x0800024f   Thumb Code     0  startup_stm32f303xe.o(.text)
    TIM1_UP_TIM16_IRQHandler                 0x0800024f   Thumb Code     0  startup_stm32f303xe.o(.text)
    TIM20_BRK_IRQHandler                     0x0800024f   Thumb Code     0  startup_stm32f303xe.o(.text)
    TIM20_CC_IRQHandler                      0x0800024f   Thumb Code     0  startup_stm32f303xe.o(.text)
    TIM20_TRG_COM_IRQHandler                 0x0800024f   Thumb Code     0  startup_stm32f303xe.o(.text)
    TIM20_UP_IRQHandler                      0x0800024f   Thumb Code     0  startup_stm32f303xe.o(.text)
    TIM2_IRQHandler                          0x0800024f   Thumb Code     0  startup_stm32f303xe.o(.text)
    TIM3_IRQHandler                          0x0800024f   Thumb Code     0  startup_stm32f303xe.o(.text)
    TIM4_IRQHandler                          0x0800024f   Thumb Code     0  startup_stm32f303xe.o(.text)
    TIM6_DAC_IRQHandler                      0x0800024f   Thumb Code     0  startup_stm32f303xe.o(.text)
    TIM7_IRQHandler                          0x0800024f   Thumb Code     0  startup_stm32f303xe.o(.text)
    TIM8_BRK_IRQHandler                      0x0800024f   Thumb Code     0  startup_stm32f303xe.o(.text)
    TIM8_CC_IRQHandler                       0x0800024f   Thumb Code     0  startup_stm32f303xe.o(.text)
    TIM8_TRG_COM_IRQHandler                  0x0800024f   Thumb Code     0  startup_stm32f303xe.o(.text)
    TIM8_UP_IRQHandler                       0x0800024f   Thumb Code     0  startup_stm32f303xe.o(.text)
    UART4_IRQHandler                         0x0800024f   Thumb Code     0  startup_stm32f303xe.o(.text)
    UART5_IRQHandler                         0x0800024f   Thumb Code     0  startup_stm32f303xe.o(.text)
    USART1_IRQHandler                        0x0800024f   Thumb Code     0  startup_stm32f303xe.o(.text)
    USART2_IRQHandler                        0x0800024f   Thumb Code     0  startup_stm32f303xe.o(.text)
    USART3_IRQHandler                        0x0800024f   Thumb Code     0  startup_stm32f303xe.o(.text)
    USBWakeUp_IRQHandler                     0x0800024f   Thumb Code     0  startup_stm32f303xe.o(.text)
    USBWakeUp_RMP_IRQHandler                 0x0800024f   Thumb Code     0  startup_stm32f303xe.o(.text)
    USB_HP_CAN_TX_IRQHandler                 0x0800024f   Thumb Code     0  startup_stm32f303xe.o(.text)
    USB_HP_IRQHandler                        0x0800024f   Thumb Code     0  startup_stm32f303xe.o(.text)
    USB_LP_CAN_RX0_IRQHandler                0x0800024f   Thumb Code     0  startup_stm32f303xe.o(.text)
    USB_LP_IRQHandler                        0x0800024f   Thumb Code     0  startup_stm32f303xe.o(.text)
    WWDG_IRQHandler                          0x0800024f   Thumb Code     0  startup_stm32f303xe.o(.text)
    __user_initial_stackheap                 0x08000251   Thumb Code     0  startup_stm32f303xe.o(.text)
    __use_two_region_memory                  0x08000275   Thumb Code     2  heapauxi.o(.text)
    __rt_heap_escrow$2region                 0x08000277   Thumb Code     2  heapauxi.o(.text)
    __rt_heap_expand$2region                 0x08000279   Thumb Code     2  heapauxi.o(.text)
    __user_setup_stackheap                   0x0800027b   Thumb Code    74  sys_stackheap_outer.o(.text)
    exit                                     0x080002c5   Thumb Code    18  exit.o(.text)
    __user_libspace                          0x080002d9   Thumb Code     8  libspace.o(.text)
    __user_perproc_libspace                  0x080002d9   Thumb Code     0  libspace.o(.text)
    __user_perthread_libspace                0x080002d9   Thumb Code     0  libspace.o(.text)
    __I$use$semihosting                      0x080002e1   Thumb Code     0  use_no_semi.o(.text)
    __use_no_semihosting_swi                 0x080002e1   Thumb Code     2  use_no_semi.o(.text)
    __semihosting_library_function           0x080002e3   Thumb Code     0  indicate_semi.o(.text)
    _sys_exit                                0x080002e5   Thumb Code     8  sys_exit.o(.text)
    GPIO_Init                                0x080002f1   Thumb Code    70  gpio_program.o(i.GPIO_Init)
    GPIO_configure_pin_mode                  0x08000337   Thumb Code    28  gpio_program.o(i.GPIO_configure_pin_mode)
    GPIO_configure_pin_otype                 0x08000353   Thumb Code    14  gpio_program.o(i.GPIO_configure_pin_otype)
    GPIO_configure_pin_pupd                  0x08000361   Thumb Code    16  gpio_program.o(i.GPIO_configure_pin_pupd)
    GPIO_configure_pin_speed                 0x08000371   Thumb Code    16  gpio_program.o(i.GPIO_configure_pin_speed)
    GPIO_set_alt_function                    0x08000381   Thumb Code    48  gpio_program.o(i.GPIO_set_alt_function)
    PIN_OUTPUT                               0x080003b1   Thumb Code    36  tft_prog.o(i.PIN_OUTPUT)
    RCC_uint8_tGetClock                      0x080003d5   Thumb Code    76  rcc_program.o(i.RCC_uint8_tGetClock)
    RCC_voidEnableClock                      0x08000425   Thumb Code    68  rcc_program.o(i.RCC_voidEnableClock)
    RCC_voidInitSysClock                     0x0800046d   Thumb Code    80  rcc_program.o(i.RCC_voidInitSysClock)
    STK_uint32_t_millis                      0x080004c1   Thumb Code     6  stk_program.o(i.STK_uint32_t_millis)
    STK_voidDelayMs                          0x080004cd   Thumb Code    56  stk_program.o(i.STK_voidDelayMs)
    STK_voidInit                             0x08000505   Thumb Code    44  stk_program.o(i.STK_voidInit)
    SysTick_Handler                          0x08000531   Thumb Code    26  stk_program.o(i.SysTick_Handler)
    SystemInit                               0x08000555   Thumb Code   104  system_stm32f3xx.o(i.SystemInit)
    TFT_GPIO_Init                            0x080005d1   Thumb Code   118  tft_prog.o(i.TFT_GPIO_Init)
    TFT_Init                                 0x08000651   Thumb Code   310  tft_prog.o(i.TFT_Init)
    TFT_Print_Char14x24                      0x08000789   Thumb Code   164  tft_prog.o(i.TFT_Print_Char14x24)
    TFT_Print_Char18x32                      0x0800083d   Thumb Code   160  tft_prog.o(i.TFT_Print_Char18x32)
    TFT_Print_Char8x16                       0x080008ed   Thumb Code   144  tft_prog.o(i.TFT_Print_Char8x16)
    TFT_Print_String                         0x0800098d   Thumb Code    50  tft_prog.o(i.TFT_Print_String)
    TFT_Print_String14x24                    0x080009c5   Thumb Code   148  tft_prog.o(i.TFT_Print_String14x24)
    TFT_Print_String18x32                    0x08000a69   Thumb Code   148  tft_prog.o(i.TFT_Print_String18x32)
    TFT_Print_String8x16                     0x08000b0d   Thumb Code   148  tft_prog.o(i.TFT_Print_String8x16)
    TFT_Reset                                0x08000bb1   Thumb Code    50  tft_prog.o(i.TFT_Reset)
    TFT_SetAddrWindow                        0x08000bed   Thumb Code    52  tft_prog.o(i.TFT_SetAddrWindow)
    TFT_SetCursor                            0x08000c21   Thumb Code    10  tft_prog.o(i.TFT_SetCursor)
    TFT_SetTextColor                         0x08000c35   Thumb Code     6  tft_prog.o(i.TFT_SetTextColor)
    TFT_SetTextSize                          0x08000c41   Thumb Code     6  tft_prog.o(i.TFT_SetTextSize)
    TFT_Set_Rotation                         0x08000c4d   Thumb Code   114  tft_prog.o(i.TFT_Set_Rotation)
    TFT_Write_Cmd_Byte                       0x08000cc9   Thumb Code   130  tft_prog.o(i.TFT_Write_Cmd_Byte)
    TFT_Write_Cmd_Data                       0x08000d55   Thumb Code    20  tft_prog.o(i.TFT_Write_Cmd_Data)
    TFT_Write_Cmd_Param4                     0x08000d69   Thumb Code    46  tft_prog.o(i.TFT_Write_Cmd_Param4)
    TFT_Write_Cmd_ParamN                     0x08000d97   Thumb Code    40  tft_prog.o(i.TFT_Write_Cmd_ParamN)
    TFT_Write_Data_Byte                      0x08000dc1   Thumb Code   130  tft_prog.o(i.TFT_Write_Data_Byte)
    TFT_Write_Data_Word                      0x08000e4d   Thumb Code   250  tft_prog.o(i.TFT_Write_Data_Word)
    TFT_fillRect                             0x08000f51   Thumb Code   180  tft_prog.o(i.TFT_fillRect)
    TFT_fillScreen                           0x0800100d   Thumb Code    28  tft_prog.o(i.TFT_fillScreen)
    drawPixel                                0x08001031   Thumb Code    78  tft_prog.o(i.drawPixel)
    main                                     0x08001089   Thumb Code   130  main.o(i.main)
    _fp_init                                 0x0800112d   Thumb Code    10  fpinit.o(x$fpl$fpinit)
    __fplib_config_fpu_vfp                   0x08001135   Thumb Code     0  fpinit.o(x$fpl$fpinit)
    __fplib_config_pureend_doubles           0x08001135   Thumb Code     0  fpinit.o(x$fpl$fpinit)
    Consolas14x24                            0x08001136   Data        4032  tft_prog.o(.constdata)
    Consolas18x32                            0x080020f6   Data        6912  tft_prog.o(.constdata)
    asc2_1608                                0x08003bf6   Data        1520  tft_prog.o(.constdata)
    Region$$Table$$Base                      0x080041e8   Number         0  anon$$obj.o(Region$$Table)
    Region$$Table$$Limit                     0x08004208   Number         0  anon$$obj.o(Region$$Table)
    msticks                                  0x20000000   Data           4  main.o(.data)
    clk                                      0x20000004   Data           4  main.o(.data)
    font_width                               0x20000008   Data           1  tft_prog.o(.data)
    font_height                              0x20000009   Data           1  tft_prog.o(.data)
    font_offset                              0x2000000a   Data           1  tft_prog.o(.data)
    font_addr                                0x2000000c   Data           4  tft_prog.o(.data)
    tft_W                                    0x20000010   Data           2  tft_prog.o(.data)
    tft_H                                    0x20000012   Data           2  tft_prog.o(.data)
    _width                                   0x20000014   Data           2  tft_prog.o(.data)
    _height                                  0x20000016   Data           2  tft_prog.o(.data)
    cursor_x                                 0x20000018   Data           2  tft_prog.o(.data)
    cursor_y                                 0x2000001a   Data           2  tft_prog.o(.data)
    color                                    0x2000001c   Data           2  tft_prog.o(.data)
    POINT_COLOR                              0x2000001e   Data           2  tft_prog.o(.data)
    BACK_COLOR                               0x20000020   Data           2  tft_prog.o(.data)
    textsize                                 0x20000022   Data           1  tft_prog.o(.data)
    rotation                                 0x20000023   Data           1  tft_prog.o(.data)
    msTicks                                  0x20000024   Data           4  stk_program.o(.data)
    STK_CallBack                             0x20000028   Data           4  stk_program.o(.data)
    __libspace_start                         0x2000002c   Data          96  libspace.o(.bss)
    __temporary_stack_top$libspace           0x2000008c   Data           0  libspace.o(.bss)



==============================================================================

Memory Map of the image

  Image Entry point : 0x08000195

  Load Region LR_IROM1 (Base: 0x08000000, Size: 0x00004234, Max: 0x00080000, ABSOLUTE)

    Execution Region ER_IROM1 (Exec base: 0x08000000, Load base: 0x08000000, Size: 0x00004208, Max: 0x00080000, ABSOLUTE)

    Exec Addr    Load Addr    Size         Type   Attr      Idx    E Section Name        Object

    0x08000000   0x08000000   0x00000194   Data   RO          454    RESET               startup_stm32f303xe.o
    0x08000194   0x08000194   0x00000008   Code   RO          528  * !!!main             c_w.l(__main.o)
    0x0800019c   0x0800019c   0x00000034   Code   RO          700    !!!scatter          c_w.l(__scatter.o)
    0x080001d0   0x080001d0   0x0000001a   Code   RO          702    !!handler_copy      c_w.l(__scatter_copy.o)
    0x080001ea   0x080001ea   0x00000002   PAD
    0x080001ec   0x080001ec   0x0000001c   Code   RO          704    !!handler_zi        c_w.l(__scatter_zi.o)
    0x08000208   0x08000208   0x00000002   Code   RO          623    .ARM.Collect$$libinit$$00000000  c_w.l(libinit.o)
    0x0800020a   0x0800020a   0x00000004   Code   RO          541    .ARM.Collect$$libinit$$00000001  c_w.l(libinit2.o)
    0x0800020e   0x0800020e   0x00000000   Code   RO          544    .ARM.Collect$$libinit$$00000004  c_w.l(libinit2.o)
    0x0800020e   0x0800020e   0x00000000   Code   RO          547    .ARM.Collect$$libinit$$0000000A  c_w.l(libinit2.o)
    0x0800020e   0x0800020e   0x00000000   Code   RO          549    .ARM.Collect$$libinit$$0000000C  c_w.l(libinit2.o)
    0x0800020e   0x0800020e   0x00000000   Code   RO          551    .ARM.Collect$$libinit$$0000000E  c_w.l(libinit2.o)
    0x0800020e   0x0800020e   0x00000000   Code   RO          554    .ARM.Collect$$libinit$$00000011  c_w.l(libinit2.o)
    0x0800020e   0x0800020e   0x00000000   Code   RO          556    .ARM.Collect$$libinit$$00000013  c_w.l(libinit2.o)
    0x0800020e   0x0800020e   0x00000000   Code   RO          558    .ARM.Collect$$libinit$$00000015  c_w.l(libinit2.o)
    0x0800020e   0x0800020e   0x00000000   Code   RO          560    .ARM.Collect$$libinit$$00000017  c_w.l(libinit2.o)
    0x0800020e   0x0800020e   0x00000000   Code   RO          562    .ARM.Collect$$libinit$$00000019  c_w.l(libinit2.o)
    0x0800020e   0x0800020e   0x00000000   Code   RO          564    .ARM.Collect$$libinit$$0000001B  c_w.l(libinit2.o)
    0x0800020e   0x0800020e   0x00000000   Code   RO          566    .ARM.Collect$$libinit$$0000001D  c_w.l(libinit2.o)
    0x0800020e   0x0800020e   0x00000000   Code   RO          568    .ARM.Collect$$libinit$$0000001F  c_w.l(libinit2.o)
    0x0800020e   0x0800020e   0x00000000   Code   RO          570    .ARM.Collect$$libinit$$00000021  c_w.l(libinit2.o)
    0x0800020e   0x0800020e   0x00000000   Code   RO          572    .ARM.Collect$$libinit$$00000023  c_w.l(libinit2.o)
    0x0800020e   0x0800020e   0x00000000   Code   RO          574    .ARM.Collect$$libinit$$00000025  c_w.l(libinit2.o)
    0x0800020e   0x0800020e   0x00000000   Code   RO          578    .ARM.Collect$$libinit$$0000002C  c_w.l(libinit2.o)
    0x0800020e   0x0800020e   0x00000000   Code   RO          580    .ARM.Collect$$libinit$$0000002E  c_w.l(libinit2.o)
    0x0800020e   0x0800020e   0x00000000   Code   RO          582    .ARM.Collect$$libinit$$00000030  c_w.l(libinit2.o)
    0x0800020e   0x0800020e   0x00000000   Code   RO          584    .ARM.Collect$$libinit$$00000032  c_w.l(libinit2.o)
    0x0800020e   0x0800020e   0x00000002   Code   RO          585    .ARM.Collect$$libinit$$00000033  c_w.l(libinit2.o)
    0x08000210   0x08000210   0x00000002   Code   RO          661    .ARM.Collect$$libshutdown$$00000000  c_w.l(libshutdown.o)
    0x08000212   0x08000212   0x00000000   Code   RO          667    .ARM.Collect$$libshutdown$$00000002  c_w.l(libshutdown2.o)
    0x08000212   0x08000212   0x00000000   Code   RO          669    .ARM.Collect$$libshutdown$$00000004  c_w.l(libshutdown2.o)
    0x08000212   0x08000212   0x00000000   Code   RO          672    .ARM.Collect$$libshutdown$$00000007  c_w.l(libshutdown2.o)
    0x08000212   0x08000212   0x00000000   Code   RO          675    .ARM.Collect$$libshutdown$$0000000A  c_w.l(libshutdown2.o)
    0x08000212   0x08000212   0x00000000   Code   RO          677    .ARM.Collect$$libshutdown$$0000000C  c_w.l(libshutdown2.o)
    0x08000212   0x08000212   0x00000000   Code   RO          680    .ARM.Collect$$libshutdown$$0000000F  c_w.l(libshutdown2.o)
    0x08000212   0x08000212   0x00000002   Code   RO          681    .ARM.Collect$$libshutdown$$00000010  c_w.l(libshutdown2.o)
    0x08000214   0x08000214   0x00000000   Code   RO          540    .ARM.Collect$$rtentry$$00000000  c_w.l(__rtentry.o)
    0x08000214   0x08000214   0x00000000   Code   RO          592    .ARM.Collect$$rtentry$$00000002  c_w.l(__rtentry2.o)
    0x08000214   0x08000214   0x00000006   Code   RO          604    .ARM.Collect$$rtentry$$00000004  c_w.l(__rtentry4.o)
    0x0800021a   0x0800021a   0x00000000   Code   RO          594    .ARM.Collect$$rtentry$$00000009  c_w.l(__rtentry2.o)
    0x0800021a   0x0800021a   0x00000004   Code   RO          595    .ARM.Collect$$rtentry$$0000000A  c_w.l(__rtentry2.o)
    0x0800021e   0x0800021e   0x00000000   Code   RO          597    .ARM.Collect$$rtentry$$0000000C  c_w.l(__rtentry2.o)
    0x0800021e   0x0800021e   0x00000008   Code   RO          598    .ARM.Collect$$rtentry$$0000000D  c_w.l(__rtentry2.o)
    0x08000226   0x08000226   0x00000002   Code   RO          629    .ARM.Collect$$rtexit$$00000000  c_w.l(rtexit.o)
    0x08000228   0x08000228   0x00000000   Code   RO          641    .ARM.Collect$$rtexit$$00000002  c_w.l(rtexit2.o)
    0x08000228   0x08000228   0x00000004   Code   RO          642    .ARM.Collect$$rtexit$$00000003  c_w.l(rtexit2.o)
    0x0800022c   0x0800022c   0x00000006   Code   RO          643    .ARM.Collect$$rtexit$$00000004  c_w.l(rtexit2.o)
    0x08000232   0x08000232   0x00000002   PAD
    0x08000234   0x08000234   0x00000040   Code   RO          455    .text               startup_stm32f303xe.o
    0x08000274   0x08000274   0x00000006   Code   RO          526    .text               c_w.l(heapauxi.o)
    0x0800027a   0x0800027a   0x0000004a   Code   RO          610    .text               c_w.l(sys_stackheap_outer.o)
    0x080002c4   0x080002c4   0x00000012   Code   RO          612    .text               c_w.l(exit.o)
    0x080002d6   0x080002d6   0x00000002   PAD
    0x080002d8   0x080002d8   0x00000008   Code   RO          626    .text               c_w.l(libspace.o)
    0x080002e0   0x080002e0   0x00000002   Code   RO          637    .text               c_w.l(use_no_semi.o)
    0x080002e2   0x080002e2   0x00000000   Code   RO          639    .text               c_w.l(indicate_semi.o)
    0x080002e2   0x080002e2   0x00000002   PAD
    0x080002e4   0x080002e4   0x0000000c   Code   RO          653    .text               c_w.l(sys_exit.o)
    0x080002f0   0x080002f0   0x00000046   Code   RO            1    i.GPIO_Init         gpio_program.o
    0x08000336   0x08000336   0x0000001c   Code   RO            5    i.GPIO_configure_pin_mode  gpio_program.o
    0x08000352   0x08000352   0x0000000e   Code   RO            6    i.GPIO_configure_pin_otype  gpio_program.o
    0x08000360   0x08000360   0x00000010   Code   RO            7    i.GPIO_configure_pin_pupd  gpio_program.o
    0x08000370   0x08000370   0x00000010   Code   RO            8    i.GPIO_configure_pin_speed  gpio_program.o
    0x08000380   0x08000380   0x00000030   Code   RO            9    i.GPIO_set_alt_function  gpio_program.o
    0x080003b0   0x080003b0   0x00000024   Code   RO          154    i.PIN_OUTPUT        tft_prog.o
    0x080003d4   0x080003d4   0x00000050   Code   RO          118    i.RCC_uint8_tGetClock  rcc_program.o
    0x08000424   0x08000424   0x00000048   Code   RO          120    i.RCC_voidEnableClock  rcc_program.o
    0x0800046c   0x0800046c   0x00000054   Code   RO          121    i.RCC_voidInitSysClock  rcc_program.o
    0x080004c0   0x080004c0   0x0000000c   Code   RO          402    i.STK_uint32_t_millis  stk_program.o
    0x080004cc   0x080004cc   0x00000038   Code   RO          403    i.STK_voidDelayMs   stk_program.o
    0x08000504   0x08000504   0x0000002c   Code   RO          404    i.STK_voidInit      stk_program.o
    0x08000530   0x08000530   0x00000024   Code   RO          406    i.SysTick_Handler   stk_program.o
    0x08000554   0x08000554   0x0000007c   Code   RO          464    i.SystemInit        system_stm32f3xx.o
    0x080005d0   0x080005d0   0x00000080   Code   RO          162    i.TFT_GPIO_Init     tft_prog.o
    0x08000650   0x08000650   0x00000136   Code   RO          163    i.TFT_Init          tft_prog.o
    0x08000786   0x08000786   0x00000002   PAD
    0x08000788   0x08000788   0x000000b4   Code   RO          164    i.TFT_Print_Char14x24  tft_prog.o
    0x0800083c   0x0800083c   0x000000b0   Code   RO          165    i.TFT_Print_Char18x32  tft_prog.o
    0x080008ec   0x080008ec   0x000000a0   Code   RO          166    i.TFT_Print_Char8x16  tft_prog.o
    0x0800098c   0x0800098c   0x00000038   Code   RO          168    i.TFT_Print_String  tft_prog.o
    0x080009c4   0x080009c4   0x000000a4   Code   RO          169    i.TFT_Print_String14x24  tft_prog.o
    0x08000a68   0x08000a68   0x000000a4   Code   RO          170    i.TFT_Print_String18x32  tft_prog.o
    0x08000b0c   0x08000b0c   0x000000a4   Code   RO          171    i.TFT_Print_String8x16  tft_prog.o
    0x08000bb0   0x08000bb0   0x0000003c   Code   RO          172    i.TFT_Reset         tft_prog.o
    0x08000bec   0x08000bec   0x00000034   Code   RO          174    i.TFT_SetAddrWindow  tft_prog.o
    0x08000c20   0x08000c20   0x00000014   Code   RO          175    i.TFT_SetCursor     tft_prog.o
    0x08000c34   0x08000c34   0x0000000c   Code   RO          176    i.TFT_SetTextColor  tft_prog.o
    0x08000c40   0x08000c40   0x0000000c   Code   RO          177    i.TFT_SetTextSize   tft_prog.o
    0x08000c4c   0x08000c4c   0x0000007c   Code   RO          178    i.TFT_Set_Rotation  tft_prog.o
    0x08000cc8   0x08000cc8   0x0000008c   Code   RO          179    i.TFT_Write_Cmd_Byte  tft_prog.o
    0x08000d54   0x08000d54   0x00000014   Code   RO          180    i.TFT_Write_Cmd_Data  tft_prog.o
    0x08000d68   0x08000d68   0x0000002e   Code   RO          181    i.TFT_Write_Cmd_Param4  tft_prog.o
    0x08000d96   0x08000d96   0x00000028   Code   RO          182    i.TFT_Write_Cmd_ParamN  tft_prog.o
    0x08000dbe   0x08000dbe   0x00000002   PAD
    0x08000dc0   0x08000dc0   0x0000008c   Code   RO          184    i.TFT_Write_Data_Byte  tft_prog.o
    0x08000e4c   0x08000e4c   0x00000104   Code   RO          186    i.TFT_Write_Data_Word  tft_prog.o
    0x08000f50   0x08000f50   0x000000bc   Code   RO          189    i.TFT_fillRect      tft_prog.o
    0x0800100c   0x0800100c   0x00000024   Code   RO          190    i.TFT_fillScreen    tft_prog.o
    0x08001030   0x08001030   0x00000058   Code   RO          191    i.drawPixel         tft_prog.o
    0x08001088   0x08001088   0x000000a4   Code   RO           72    i.main              main.o
    0x0800112c   0x0800112c   0x0000000a   Code   RO          608    x$fpl$fpinit        fz_wm.l(fpinit.o)
    0x08001136   0x08001136   0x000030b0   Data   RO          192    .constdata          tft_prog.o
    0x080041e6   0x080041e6   0x00000002   PAD
    0x080041e8   0x080041e8   0x00000020   Data   RO          698    Region$$Table       anon$$obj.o


    Execution Region RW_IRAM1 (Exec base: 0x20000000, Load base: 0x08004208, Size: 0x00000690, Max: 0x00010000, ABSOLUTE)

    Exec Addr    Load Addr    Size         Type   Attr      Idx    E Section Name        Object

    0x20000000   0x08004208   0x00000008   Data   RW           75    .data               main.o
    0x20000008   0x08004210   0x0000001c   Data   RW          193    .data               tft_prog.o
    0x20000024   0x0800422c   0x00000008   Data   RW          407    .data               stk_program.o
    0x2000002c        -       0x00000060   Zero   RW          627    .bss                c_w.l(libspace.o)
    0x2000008c   0x08004234   0x00000004   PAD
    0x20000090        -       0x00000200   Zero   RW          453    HEAP                startup_stm32f303xe.o
    0x20000290        -       0x00000400   Zero   RW          452    STACK               startup_stm32f303xe.o


==============================================================================

Image component sizes


      Code (inc. data)   RO Data    RW Data    ZI Data      Debug   Object Name

       192          0          0          0          0      10338   gpio_program.o
       164         34          0          8          0        821   main.o
       236         12          0          0          0       1667   rcc_program.o
        64         26        404          0       1536        912   startup_stm32f303xe.o
       148         16          0          8          0       2892   stk_program.o
       124         20          0          0          0        545   system_stm32f3xx.o
      2776        210      12464         28          0      19680   tft_prog.o

    ----------------------------------------------------------------------
      3708        318      12902         44       1536      36855   Object Totals
         0          0         32          0          0          0   (incl. Generated)
         4          0          2          0          0          0   (incl. Padding)

    ----------------------------------------------------------------------

      Code (inc. data)   RO Data    RW Data    ZI Data      Debug   Library Member Name

         8          0          0          0          0         68   __main.o
         0          0          0          0          0          0   __rtentry.o
        12          0          0          0          0          0   __rtentry2.o
         6          0          0          0          0          0   __rtentry4.o
        52          8          0          0          0          0   __scatter.o
        26          0          0          0          0          0   __scatter_copy.o
        28          0          0          0          0          0   __scatter_zi.o
        18          0          0          0          0         80   exit.o
         6          0          0          0          0        152   heapauxi.o
         0          0          0          0          0          0   indicate_semi.o
         2          0          0          0          0          0   libinit.o
         6          0          0          0          0          0   libinit2.o
         2          0          0          0          0          0   libshutdown.o
         2          0          0          0          0          0   libshutdown2.o
         8          4          0          0         96         68   libspace.o
         2          0          0          0          0          0   rtexit.o
        10          0          0          0          0          0   rtexit2.o
        12          4          0          0          0         68   sys_exit.o
        74          0          0          0          0         80   sys_stackheap_outer.o
         2          0          0          0          0         68   use_no_semi.o
        10          0          0          0          0        116   fpinit.o

    ----------------------------------------------------------------------
       294         16          0          0        100        700   Library Totals
         8          0          0          0          4          0   (incl. Padding)

    ----------------------------------------------------------------------

      Code (inc. data)   RO Data    RW Data    ZI Data      Debug   Library Name

       276         16          0          0         96        584   c_w.l
        10          0          0          0          0        116   fz_wm.l

    ----------------------------------------------------------------------
       294         16          0          0        100        700   Library Totals

    ----------------------------------------------------------------------

==============================================================================


      Code (inc. data)   RO Data    RW Data    ZI Data      Debug   

      4002        334      12902         44       1636      33899   Grand Totals
      4002        334      12902         44       1636      33899   ELF Image Totals
      4002        334      12902         44          0          0   ROM Totals

==============================================================================

    Total RO  Size (Code + RO Data)                16904 (  16.51kB)
    Total RW  Size (RW Data + ZI Data)              1680 (   1.64kB)
    Total ROM Size (Code + RO Data + RW Data)      16948 (  16.55kB)

==============================================================================

