<html>
<body>
<pre>
<h1>µVision Build Log</h1>
<h2>Tool Versions:</h2>
IDE-Version: µVision V5.25.2.0
Copyright (C) 2018 ARM Ltd and ARM Germany GmbH. All rights reserved.
License Information: abdelrhman werby, must, LIC=9WS9U-SKNZ7-CJ06Z-JYWGG-NG09J-E0765
 
Tool Versions:
Toolchain:       MDK-ARM Plus  Version: 5.25.2.0
Toolchain Path:  C:\Keil_v5\ARM\ARMCC\Bin
C Compiler:      Armcc.exe V5.06 update 6 (build 750)
Assembler:       Armasm.exe V5.06 update 6 (build 750)
Linker/Locator:  ArmLink.exe V5.06 update 6 (build 750)
Library Manager: ArmAr.exe V5.06 update 6 (build 750)
Hex Converter:   FromElf.exe V5.06 update 6 (build 750)
CPU DLL:         SARMCM3.DLL V5.25.2.0
Dialog DLL:      DCM.DLL V1.17.1.0
Target DLL:      STLink\ST-LINKIII-KEIL_SWO.dll V3.0.1.0
Dialog DLL:      TCM.DLL V1.35.1.0
 
<h2>Project:</h2>
C:\Users\abdelrhman\Documents\keil\Bare-Metal\ARM_IMT\10- USART\USART.uvprojx
Project File Date:  09/29/2020

<h2>Output:</h2>
*** Using Compiler 'V5.06 update 6 (build 750)', folder: 'C:\Keil_v5\ARM\ARMCC\Bin'
Build target 'Target 1'
compiling main.c...
BIT_MATH.h(15): warning:  #1-D: last line of file ends without a newline
  #endif 
NVIC_interface.h(17): warning:  #1-D: last line of file ends without a newline
  #endif
RCC_interface.h(22): warning:  #1-D: last line of file ends without a newline
  #endif
STK_interface.h(21): warning:  #1-D: last line of file ends without a newline
  #endif
GPIO_private.h(42): warning:  #1-D: last line of file ends without a newline
  #endif
DMA_private.h(32): warning:  #1-D: last line of file ends without a newline
  #endif
DMA_interface.h(60): warning:  #1-D: last line of file ends without a newline
  #endif
USART_private.h(30): warning:  #1-D: last line of file ends without a newline
  #endif
main.c(68): warning:  #513-D: a value of type "volatile uint16_t *" cannot be assigned to an entity of type "volatile uint32_t *"
  	dma_config.Peripheral_Reg = &USART1->RDR;
main.c(84): warning:  #223-D: function "memset" declared implicitly
  		void * garbge =  memset((void *) buffer, 0x00, 40);
main.c(84): warning:  #144-D: a value of type "int" cannot be used to initialize an entity of type "void *"
  		void * garbge =  memset((void *) buffer, 0x00, 40);
main.c(87): warning:  #111-D: statement is unreachable
  	return 0;
main.c: 12 warnings, 0 errors
linking...
Program Size: Code=1972 RO-data=436 RW-data=24 ZI-data=1672  
".\Objects\USART.axf" - 0 Error(s), 12 Warning(s).

<h2>Software Packages used:</h2>

Package Vendor: ARM
                http://www.keil.com/pack/ARM.CMSIS.5.7.0.pack
                ARM.CMSIS.5.7.0
                CMSIS (Cortex Microcontroller Software Interface Standard)
   * Component: CORE Version: 5.4.0

Package Vendor: Keil
                http://www.keil.com/pack/Keil.STM32F3xx_DFP.2.1.0.pack
                Keil.STM32F3xx_DFP.2.1.0
                STMicroelectronics STM32F3 Series Device Support and Examples
   * Component: Startup Version: 1.0.0

<h2>Collection of Component include folders:</h2>
  .\RTE\_Target_1
  C:\Keil_v5\ARM\PACK\ARM\CMSIS\5.7.0\CMSIS\Core\Include
  C:\Keil_v5\ARM\PACK\Keil\STM32F3xx_DFP\2.1.0\Drivers\CMSIS\Device\ST\STM32F3xx\Include

<h2>Collection of Component Files used:</h2>

   * Component: ARM::CMSIS:CORE:5.4.0

   * Component: Keil.Standalone::Device:Startup:1.0.0
      Source file:   MDK\Device\Source\ARM\STM32F3xx_OPT.s
      Source file:   Drivers\CMSIS\Device\ST\STM32F3xx\Source\Templates\arm\startup_stm32f303xe.s
      Include file:  Drivers\CMSIS\Device\ST\STM32F3xx\Include\stm32f3xx.h
      Source file:   Drivers\CMSIS\Device\ST\STM32F3xx\Source\Templates\system_stm32f3xx.c
Build Time Elapsed:  00:00:01
</pre>
</body>
</html>
