Component: ARM Compiler 5.06 update 6 (build 750) Tool: armlink [4d35ed]

==============================================================================

Section Cross References

    gpio_program.o(i.GPIO_Init) refers to gpio_program.o(i.GPIO_configure_pin_mode) for GPIO_configure_pin_mode
    gpio_program.o(i.GPIO_Init) refers to gpio_program.o(i.GPIO_configure_pin_speed) for GPIO_configure_pin_speed
    gpio_program.o(i.GPIO_Init) refers to gpio_program.o(i.GPIO_configure_pin_otype) for GPIO_configure_pin_otype
    gpio_program.o(i.GPIO_Init) refers to gpio_program.o(i.GPIO_configure_pin_pupd) for GPIO_configure_pin_pupd
    gpio_program.o(i.GPIO_Init) refers to gpio_program.o(i.GPIO_set_alt_function) for GPIO_set_alt_function
    main.o(i.main) refers to rcc_program.o(i.RCC_voidInitSysClock) for RCC_voidInitSysClock
    main.o(i.main) refers to rcc_program.o(i.RCC_voidEnableClock) for RCC_voidEnableClock
    main.o(i.main) refers to gpio_program.o(i.GPIO_Init) for GPIO_Init
    main.o(i.main) refers to usart_program.o(i.USART_Init) for USART_Init
    main.o(i.main) refers to tasks.o(i.xTaskCreate) for xTaskCreate
    main.o(i.main) refers to tasks.o(i.vTaskStartScheduler) for vTaskStartScheduler
    main.o(i.main) refers to main.o(i.vTask1Function) for vTask1Function
    main.o(i.main) refers to main.o(i.vTask2Function) for vTask2Function
    main.o(i.vTask1Function) refers to tasks.o(i.xTaskGetTickCount) for xTaskGetTickCount
    main.o(i.vTask1Function) refers to tasks.o(i.vTaskDelayUntil) for vTaskDelayUntil
    main.o(i.vTask1Function) refers to usart_program.o(i.USART_Send_String) for USART_Send_String
    main.o(i.vTask1Function) refers to usart_program.o(i.USART_Send_Number) for USART_Send_Number
    main.o(i.vTask1Function) refers to usart_program.o(i.USART_Send) for USART_Send
    main.o(i.vTask2Function) refers to tasks.o(i.xTaskGetTickCount) for xTaskGetTickCount
    main.o(i.vTask2Function) refers to tasks.o(i.vTaskDelayUntil) for vTaskDelayUntil
    main.o(i.vTask2Function) refers to usart_program.o(i.USART_Send_String) for USART_Send_String
    main.o(i.vTask2Function) refers to usart_program.o(i.USART_Send_Number) for USART_Send_Number
    main.o(i.vTask2Function) refers to usart_program.o(i.USART_Send) for USART_Send
    usart_program.o(i.USART_Receive_String) refers to usart_program.o(i.USART_Receive) for USART_Receive
    usart_program.o(i.USART_Send_Number) refers to usart_program.o(i.USART_Send) for USART_Send
    usart_program.o(i.USART_Send_Number) refers to llsdiv.o(.text) for __aeabi_ldivmod
    usart_program.o(i.USART_Send_String) refers to usart_program.o(i.USART_Send) for USART_Send
    startup_stm32f303xe.o(STACK) refers (Special) to heapauxi.o(.text) for __use_two_region_memory
    startup_stm32f303xe.o(HEAP) refers (Special) to heapauxi.o(.text) for __use_two_region_memory
    startup_stm32f303xe.o(RESET) refers (Special) to heapauxi.o(.text) for __use_two_region_memory
    startup_stm32f303xe.o(RESET) refers to startup_stm32f303xe.o(STACK) for __initial_sp
    startup_stm32f303xe.o(RESET) refers to startup_stm32f303xe.o(.text) for Reset_Handler
    startup_stm32f303xe.o(RESET) refers to port.o(.emb_text) for SVC_Handler
    startup_stm32f303xe.o(RESET) refers to port.o(i.SysTick_Handler) for SysTick_Handler
    startup_stm32f303xe.o(.text) refers (Special) to heapauxi.o(.text) for __use_two_region_memory
    startup_stm32f303xe.o(.text) refers to system_stm32f3xx.o(i.SystemInit) for SystemInit
    startup_stm32f303xe.o(.text) refers to __main.o(!!!main) for __main
    startup_stm32f303xe.o(.text) refers to startup_stm32f303xe.o(HEAP) for Heap_Mem
    startup_stm32f303xe.o(.text) refers to startup_stm32f303xe.o(STACK) for Stack_Mem
    system_stm32f3xx.o(i.SystemCoreClockUpdate) refers to system_stm32f3xx.o(.data) for SystemCoreClock
    system_stm32f3xx.o(i.SystemCoreClockUpdate) refers to system_stm32f3xx.o(.constdata) for AHBPrescTable
    heap_1.o(i.pvPortMalloc) refers to tasks.o(i.vTaskSuspendAll) for vTaskSuspendAll
    heap_1.o(i.pvPortMalloc) refers to tasks.o(i.xTaskResumeAll) for xTaskResumeAll
    heap_1.o(i.pvPortMalloc) refers to heap_1.o(.data) for pucAlignedHeap
    heap_1.o(i.pvPortMalloc) refers to heap_1.o(.bss) for ucHeap
    heap_1.o(i.vPortInitialiseBlocks) refers to heap_1.o(.data) for xNextFreeByte
    heap_1.o(i.xPortGetFreeHeapSize) refers to heap_1.o(.data) for xNextFreeByte
    port.o(.emb_text) refers to tasks.o(i.vTaskSwitchContext) for vTaskSwitchContext
    port.o(.emb_text) refers to tasks.o(.data) for pxCurrentTCB
    port.o(i.SysTick_Handler) refers to tasks.o(i.xTaskIncrementTick) for xTaskIncrementTick
    port.o(i.prvTaskExitError) refers to port.o(.data) for uxCriticalNesting
    port.o(i.pxPortInitialiseStack) refers to port.o(i.prvTaskExitError) for prvTaskExitError
    port.o(i.vPortEndScheduler) refers to port.o(.data) for uxCriticalNesting
    port.o(i.vPortEnterCritical) refers to port.o(.data) for uxCriticalNesting
[...]
    tasks.o(i.xTaskCheckForTimeOut) refers to tasks.o(i.vTaskInternalSetTimeOutState) for vTaskInternalSetTimeOutState
    tasks.o(i.xTaskCheckForTimeOut) refers to port.o(i.vPortExitCritical) for vPortExitCritical
    tasks.o(i.xTaskCheckForTimeOut) refers to tasks.o(.data) for xTickCount
    tasks.o(i.xTaskCreate) refers to heap_1.o(i.pvPortMalloc) for pvPortMalloc
    tasks.o(i.xTaskCreate) refers to heap_1.o(i.vPortFree) for vPortFree
    tasks.o(i.xTaskCreate) refers to tasks.o(i.prvInitialiseNewTask) for prvInitialiseNewTask
    tasks.o(i.xTaskCreate) refers to tasks.o(i.prvAddNewTaskToReadyList) for prvAddNewTaskToReadyList
    tasks.o(i.xTaskGenericNotify) refers to port.o(i.vPortEnterCritical) for vPortEnterCritical
    tasks.o(i.xTaskGenericNotify) refers to list.o(i.uxListRemove) for uxListRemove
    tasks.o(i.xTaskGenericNotify) refers to list.o(i.vListInsertEnd) for vListInsertEnd
    tasks.o(i.xTaskGenericNotify) refers to tasks.o(i.prvResetNextTaskUnblockTime) for prvResetNextTaskUnblockTime
    tasks.o(i.xTaskGenericNotify) refers to port.o(i.vPortExitCritical) for vPortExitCritical
    tasks.o(i.xTaskGenericNotify) refers to tasks.o(.data) for uxTopReadyPriority
    tasks.o(i.xTaskGenericNotify) refers to tasks.o(.bss) for pxReadyTasksLists
    tasks.o(i.xTaskGenericNotifyFromISR) refers to port.o(i.vPortValidateInterruptPriority) for vPortValidateInterruptPriority
    tasks.o(i.xTaskGenericNotifyFromISR) refers to list.o(i.uxListRemove) for uxListRemove
    tasks.o(i.xTaskGenericNotifyFromISR) refers to list.o(i.vListInsertEnd) for vListInsertEnd
    tasks.o(i.xTaskGenericNotifyFromISR) refers to tasks.o(.data) for uxSchedulerSuspended
    tasks.o(i.xTaskGenericNotifyFromISR) refers to tasks.o(.bss) for pxReadyTasksLists
    tasks.o(i.xTaskGetCurrentTaskHandle) refers to tasks.o(.data) for pxCurrentTCB
    tasks.o(i.xTaskGetHandle) refers to strlen.o(.text) for strlen
    tasks.o(i.xTaskGetHandle) refers to tasks.o(i.vTaskSuspendAll) for vTaskSuspendAll
    tasks.o(i.xTaskGetHandle) refers to tasks.o(i.prvSearchForNameWithinSingleList) for prvSearchForNameWithinSingleList
    tasks.o(i.xTaskGetHandle) refers to tasks.o(i.xTaskResumeAll) for xTaskResumeAll
    tasks.o(i.xTaskGetHandle) refers to tasks.o(.bss) for pxReadyTasksLists
    tasks.o(i.xTaskGetHandle) refers to tasks.o(.data) for pxDelayedTaskList
    tasks.o(i.xTaskGetIdleTaskHandle) refers to tasks.o(.data) for xIdleTaskHandle
    tasks.o(i.xTaskGetSchedulerState) refers to tasks.o(.data) for xSchedulerRunning
    tasks.o(i.xTaskGetTickCount) refers to tasks.o(.data) for xTickCount
    tasks.o(i.xTaskGetTickCountFromISR) refers to port.o(i.vPortValidateInterruptPriority) for vPortValidateInterruptPriority
    tasks.o(i.xTaskGetTickCountFromISR) refers to tasks.o(.data) for xTickCount
    tasks.o(i.xTaskIncrementTick) refers to tasks.o(i.prvResetNextTaskUnblockTime) for prvResetNextTaskUnblockTime
    tasks.o(i.xTaskIncrementTick) refers to list.o(i.uxListRemove) for uxListRemove
    tasks.o(i.xTaskIncrementTick) refers to list.o(i.vListInsertEnd) for vListInsertEnd
    tasks.o(i.xTaskIncrementTick) refers to tasks.o(.data) for uxSchedulerSuspended
    tasks.o(i.xTaskIncrementTick) refers to tasks.o(.bss) for pxReadyTasksLists
    tasks.o(i.xTaskNotifyStateClear) refers to port.o(i.vPortEnterCritical) for vPortEnterCritical
    tasks.o(i.xTaskNotifyStateClear) refers to port.o(i.vPortExitCritical) for vPortExitCritical
    tasks.o(i.xTaskNotifyStateClear) refers to tasks.o(.data) for pxCurrentTCB
    tasks.o(i.xTaskNotifyWait) refers to port.o(i.vPortEnterCritical) for vPortEnterCritical
    tasks.o(i.xTaskNotifyWait) refers to tasks.o(i.prvAddCurrentTaskToDelayedList) for prvAddCurrentTaskToDelayedList
    tasks.o(i.xTaskNotifyWait) refers to port.o(i.vPortExitCritical) for vPortExitCritical
    tasks.o(i.xTaskNotifyWait) refers to tasks.o(.data) for pxCurrentTCB
    tasks.o(i.xTaskPriorityDisinherit) refers to list.o(i.uxListRemove) for uxListRemove
    tasks.o(i.xTaskPriorityDisinherit) refers to list.o(i.vListInsertEnd) for vListInsertEnd
    tasks.o(i.xTaskPriorityDisinherit) refers to tasks.o(.data) for pxCurrentTCB
    tasks.o(i.xTaskPriorityDisinherit) refers to tasks.o(.bss) for pxReadyTasksLists
    tasks.o(i.xTaskPriorityInherit) refers to list.o(i.uxListRemove) for uxListRemove
    tasks.o(i.xTaskPriorityInherit) refers to list.o(i.vListInsertEnd) for vListInsertEnd
    tasks.o(i.xTaskPriorityInherit) refers to tasks.o(.data) for pxCurrentTCB
    tasks.o(i.xTaskPriorityInherit) refers to tasks.o(.bss) for pxReadyTasksLists
    tasks.o(i.xTaskRemoveFromEventList) refers to list.o(i.uxListRemove) for uxListRemove
    tasks.o(i.xTaskRemoveFromEventList) refers to list.o(i.vListInsertEnd) for vListInsertEnd
    tasks.o(i.xTaskRemoveFromEventList) refers to tasks.o(i.prvResetNextTaskUnblockTime) for prvResetNextTaskUnblockTime
    tasks.o(i.xTaskRemoveFromEventList) refers to tasks.o(.data) for uxSchedulerSuspended
    tasks.o(i.xTaskRemoveFromEventList) refers to tasks.o(.bss) for pxReadyTasksLists
    tasks.o(i.xTaskResumeAll) refers to port.o(i.vPortEnterCritical) for vPortEnterCritical
    tasks.o(i.xTaskResumeAll) refers to list.o(i.uxListRemove) for uxListRemove
    tasks.o(i.xTaskResumeAll) refers to list.o(i.vListInsertEnd) for vListInsertEnd
    tasks.o(i.xTaskResumeAll) refers to tasks.o(i.prvResetNextTaskUnblockTime) for prvResetNextTaskUnblockTime
    tasks.o(i.xTaskResumeAll) refers to tasks.o(i.xTaskIncrementTick) for xTaskIncrementTick
    tasks.o(i.xTaskResumeAll) refers to port.o(i.vPortExitCritical) for vPortExitCritical
    tasks.o(i.xTaskResumeAll) refers to tasks.o(.data) for uxSchedulerSuspended
    tasks.o(i.xTaskResumeAll) refers to tasks.o(.bss) for xPendingReadyList
    tasks.o(i.xTaskResumeFromISR) refers to port.o(i.vPortValidateInterruptPriority) for vPortValidateInterruptPriority
    tasks.o(i.xTaskResumeFromISR) refers to tasks.o(i.prvTaskIsTaskSuspended) for prvTaskIsTaskSuspended
    tasks.o(i.xTaskResumeFromISR) refers to list.o(i.uxListRemove) for uxListRemove
    tasks.o(i.xTaskResumeFromISR) refers to list.o(i.vListInsertEnd) for vListInsertEnd
    tasks.o(i.xTaskResumeFromISR) refers to tasks.o(.data) for uxSchedulerSuspended
    tasks.o(i.xTaskResumeFromISR) refers to tasks.o(.bss) for pxReadyTasksLists
    llsdiv.o(.text) refers to lludivv7m.o(.text) for __aeabi_uldivmod
    rt_memcpy_v6.o(.text) refers to rt_memcpy_w.o(.text) for __aeabi_memcpy4
    aeabi_memset.o(.text) refers to rt_memclr.o(.text) for _memset
    __main.o(!!!main) refers to __rtentry.o(.ARM.Collect$$rtentry$$00000000) for __rt_entry
    __rtentry.o(.ARM.Collect$$rtentry$$00000000) refers (Special) to __rtentry2.o(.ARM.Collect$$rtentry$$0000000A) for __rt_entry_li
    __rtentry.o(.ARM.Collect$$rtentry$$00000000) refers (Special) to __rtentry2.o(.ARM.Collect$$rtentry$$0000000D) for __rt_entry_main
    __rtentry.o(.ARM.Collect$$rtentry$$00000000) refers (Special) to __rtentry2.o(.ARM.Collect$$rtentry$$0000000C) for __rt_entry_postli_1
    __rtentry.o(.ARM.Collect$$rtentry$$00000000) refers (Special) to __rtentry2.o(.ARM.Collect$$rtentry$$00000009) for __rt_entry_postsh_1
    __rtentry.o(.ARM.Collect$$rtentry$$00000000) refers (Special) to __rtentry2.o(.ARM.Collect$$rtentry$$00000002) for __rt_entry_presh_1
    __rtentry.o(.ARM.Collect$$rtentry$$00000000) refers (Special) to __rtentry4.o(.ARM.Collect$$rtentry$$00000004) for __rt_entry_sh
    rt_memclr.o(.text) refers to rt_memclr_w.o(.text) for _memset_w
    __rtentry2.o(.ARM.Collect$$rtentry$$00000008) refers to boardinit2.o(.text) for _platform_post_stackheap_init
    __rtentry2.o(.ARM.Collect$$rtentry$$0000000A) refers to libinit.o(.ARM.Collect$$libinit$$00000000) for __rt_lib_init
    __rtentry2.o(.ARM.Collect$$rtentry$$0000000B) refers to boardinit3.o(.text) for _platform_post_lib_init
    __rtentry2.o(.ARM.Collect$$rtentry$$0000000D) refers to main.o(i.main) for main
    __rtentry2.o(.ARM.Collect$$rtentry$$0000000D) refers to exit.o(.text) for exit
    __rtentry2.o(.ARM.exidx) refers to __rtentry2.o(.ARM.Collect$$rtentry$$00000001) for .ARM.Collect$$rtentry$$00000001
    __rtentry2.o(.ARM.exidx) refers to __rtentry2.o(.ARM.Collect$$rtentry$$00000008) for .ARM.Collect$$rtentry$$00000008
    __rtentry2.o(.ARM.exidx) refers to __rtentry2.o(.ARM.Collect$$rtentry$$0000000A) for .ARM.Collect$$rtentry$$0000000A
    __rtentry2.o(.ARM.exidx) refers to __rtentry2.o(.ARM.Collect$$rtentry$$0000000B) for .ARM.Collect$$rtentry$$0000000B
    __rtentry2.o(.ARM.exidx) refers to __rtentry2.o(.ARM.Collect$$rtentry$$0000000D) for .ARM.Collect$$rtentry$$0000000D
    __rtentry4.o(.ARM.Collect$$rtentry$$00000004) refers to sys_stackheap_outer.o(.text) for __user_setup_stackheap
    __rtentry4.o(.ARM.exidx) refers to __rtentry4.o(.ARM.Collect$$rtentry$$00000004) for .ARM.Collect$$rtentry$$00000004
    aeabi_ldiv0_sigfpe.o(.text) refers to rt_div0.o(.text) for __rt_div0
    sys_stackheap_outer.o(.text) refers to libspace.o(.text) for __user_perproc_libspace
    sys_stackheap_outer.o(.text) refers to startup_stm32f303xe.o(.text) for __user_initial_stackheap
    rt_div0.o(.text) refers to defsig_fpe_outer.o(.text) for __rt_SIGFPE
    exit.o(.text) refers to rtexit.o(.ARM.Collect$$rtexit$$00000000) for __rt_exit
    libinit.o(.ARM.Collect$$libinit$$00000000) refers (Special) to libinit2.o(.ARM.Collect$$libinit$$0000002E) for __rt_lib_init_alloca_1
    libinit.o(.ARM.Collect$$libinit$$00000000) refers (Special) to libinit2.o(.ARM.Collect$$libinit$$0000002C) for __rt_lib_init_argv_1
    libinit.o(.ARM.Collect$$libinit$$00000000) refers (Special) to libinit2.o(.ARM.Collect$$libinit$$0000001B) for __rt_lib_init_atexit_1
    libinit.o(.ARM.Collect$$libinit$$00000000) refers (Special) to libinit2.o(.ARM.Collect$$libinit$$00000021) for __rt_lib_init_clock_1
    libinit.o(.ARM.Collect$$libinit$$00000000) refers (Special) to libinit2.o(.ARM.Collect$$libinit$$00000032) for __rt_lib_init_cpp_1
    libinit.o(.ARM.Collect$$libinit$$00000000) refers (Special) to libinit2.o(.ARM.Collect$$libinit$$00000030) for __rt_lib_init_exceptions_1
    libinit.o(.ARM.Collect$$libinit$$00000000) refers (Special) to libinit2.o(.ARM.Collect$$libinit$$00000001) for __rt_lib_init_fp_1
    libinit.o(.ARM.Collect$$libinit$$00000000) refers (Special) to libinit2.o(.ARM.Collect$$libinit$$0000001F) for __rt_lib_init_fp_trap_1
    libinit.o(.ARM.Collect$$libinit$$00000000) refers (Special) to libinit2.o(.ARM.Collect$$libinit$$00000023) for __rt_lib_init_getenv_1
    libinit.o(.ARM.Collect$$libinit$$00000000) refers (Special) to libinit2.o(.ARM.Collect$$libinit$$0000000A) for __rt_lib_init_heap_1
    libinit.o(.ARM.Collect$$libinit$$00000000) refers (Special) to libinit2.o(.ARM.Collect$$libinit$$00000011) for __rt_lib_init_lc_collate_1
    libinit.o(.ARM.Collect$$libinit$$00000000) refers (Special) to libinit2.o(.ARM.Collect$$libinit$$00000013) for __rt_lib_init_lc_ctype_1
    libinit.o(.ARM.Collect$$libinit$$00000000) refers (Special) to libinit2.o(.ARM.Collect$$libinit$$00000015) for __rt_lib_init_lc_monetary_1
    libinit.o(.ARM.Collect$$libinit$$00000000) refers (Special) to libinit2.o(.ARM.Collect$$libinit$$00000017) for __rt_lib_init_lc_numeric_1
    libinit.o(.ARM.Collect$$libinit$$00000000) refers (Special) to libinit2.o(.ARM.Collect$$libinit$$00000019) for __rt_lib_init_lc_time_1
    libinit.o(.ARM.Collect$$libinit$$00000000) refers (Special) to libinit2.o(.ARM.Collect$$libinit$$00000004) for __rt_lib_init_preinit_1
    libinit.o(.ARM.Collect$$libinit$$00000000) refers (Special) to libinit2.o(.ARM.Collect$$libinit$$0000000E) for __rt_lib_init_rand_1
    libinit.o(.ARM.Collect$$libinit$$00000000) refers (Special) to libinit2.o(.ARM.Collect$$libinit$$00000033) for __rt_lib_init_return
    libinit.o(.ARM.Collect$$libinit$$00000000) refers (Special) to libinit2.o(.ARM.Collect$$libinit$$0000001D) for __rt_lib_init_signal_1
    libinit.o(.ARM.Collect$$libinit$$00000000) refers (Special) to libinit2.o(.ARM.Collect$$libinit$$00000025) for __rt_lib_init_stdio_1
    libinit.o(.ARM.Collect$$libinit$$00000000) refers (Special) to libinit2.o(.ARM.Collect$$libinit$$0000000C) for __rt_lib_init_user_alloc_1
    libspace.o(.text) refers to libspace.o(.bss) for __libspace_start
    rtexit.o(.ARM.Collect$$rtexit$$00000000) refers (Special) to rtexit2.o(.ARM.Collect$$rtexit$$00000004) for __rt_exit_exit
    rtexit.o(.ARM.Collect$$rtexit$$00000000) refers (Special) to rtexit2.o(.ARM.Collect$$rtexit$$00000003) for __rt_exit_ls
    rtexit.o(.ARM.Collect$$rtexit$$00000000) refers (Special) to rtexit2.o(.ARM.Collect$$rtexit$$00000002) for __rt_exit_prels_1
    rtexit.o(.ARM.exidx) refers (Special) to rtexit2.o(.ARM.Collect$$rtexit$$00000004) for __rt_exit_exit
    rtexit.o(.ARM.exidx) refers (Special) to rtexit2.o(.ARM.Collect$$rtexit$$00000003) for __rt_exit_ls
    rtexit.o(.ARM.exidx) refers (Special) to rtexit2.o(.ARM.Collect$$rtexit$$00000002) for __rt_exit_prels_1
    rtexit.o(.ARM.exidx) refers to rtexit.o(.ARM.Collect$$rtexit$$00000000) for .ARM.Collect$$rtexit$$00000000
    defsig_fpe_outer.o(.text) refers to defsig_fpe_inner.o(.text) for __rt_SIGFPE_inner
    defsig_fpe_outer.o(.text) refers to defsig_exit.o(.text) for __sig_exit
    defsig_fpe_formal.o(.text) refers to rt_raise.o(.text) for __rt_raise
    libinit2.o(.ARM.Collect$$libinit$$00000001) refers to fpinit.o(x$fpl$fpinit) for _fp_init
    libinit2.o(.ARM.Collect$$libinit$$00000010) refers to libinit2.o(.ARM.Collect$$libinit$$0000000F) for .ARM.Collect$$libinit$$0000000F
    libinit2.o(.ARM.Collect$$libinit$$00000012) refers to libinit2.o(.ARM.Collect$$libinit$$0000000F) for .ARM.Collect$$libinit$$0000000F
    libinit2.o(.ARM.Collect$$libinit$$00000014) refers to libinit2.o(.ARM.Collect$$libinit$$0000000F) for .ARM.Collect$$libinit$$0000000F
    libinit2.o(.ARM.Collect$$libinit$$00000016) refers to libinit2.o(.ARM.Collect$$libinit$$0000000F) for .ARM.Collect$$libinit$$0000000F
    libinit2.o(.ARM.Collect$$libinit$$00000018) refers to libinit2.o(.ARM.Collect$$libinit$$0000000F) for .ARM.Collect$$libinit$$0000000F
    libinit2.o(.ARM.Collect$$libinit$$00000026) refers to argv_veneer.o(.emb_text) for __ARM_argv_veneer
    libinit2.o(.ARM.Collect$$libinit$$00000027) refers to argv_veneer.o(.emb_text) for __ARM_argv_veneer
    rtexit2.o(.ARM.Collect$$rtexit$$00000003) refers to libshutdown.o(.ARM.Collect$$libshutdown$$00000000) for __rt_lib_shutdown
    rtexit2.o(.ARM.Collect$$rtexit$$00000004) refers to sys_exit.o(.text) for _sys_exit
    rtexit2.o(.ARM.exidx) refers to rtexit2.o(.ARM.Collect$$rtexit$$00000001) for .ARM.Collect$$rtexit$$00000001
    rtexit2.o(.ARM.exidx) refers to rtexit2.o(.ARM.Collect$$rtexit$$00000003) for .ARM.Collect$$rtexit$$00000003
    rtexit2.o(.ARM.exidx) refers to rtexit2.o(.ARM.Collect$$rtexit$$00000004) for .ARM.Collect$$rtexit$$00000004
    rt_raise.o(.text) refers to __raise.o(.text) for __raise
    rt_raise.o(.text) refers to sys_exit.o(.text) for _sys_exit
    defsig_exit.o(.text) refers to sys_exit.o(.text) for _sys_exit
    defsig_fpe_inner.o(.text) refers to defsig_general.o(.text) for __default_signal_display
    argv_veneer.o(.emb_text) refers to no_argv.o(.text) for __ARM_get_argv
    sys_exit.o(.text) refers (Special) to use_no_semi.o(.text) for __I$use$semihosting
    sys_exit.o(.text) refers (Special) to indicate_semi.o(.text) for __semihosting_library_function
    __raise.o(.text) refers to defsig.o(CL$$defsig) for __default_signal_handler
    defsig_general.o(.text) refers to sys_wrch.o(.text) for _ttywrch
    _get_argv_nomalloc.o(.text) refers (Special) to hrguard.o(.text) for __heap_region$guard
    _get_argv_nomalloc.o(.text) refers to defsig_rtmem_outer.o(.text) for __rt_SIGRTMEM
    _get_argv_nomalloc.o(.text) refers to sys_command.o(.text) for _sys_command_string
    libshutdown.o(.ARM.Collect$$libshutdown$$00000000) refers (Special) to libshutdown2.o(.ARM.Collect$$libshutdown$$00000002) for __rt_lib_shutdown_cpp_1
    libshutdown.o(.ARM.Collect$$libshutdown$$00000000) refers (Special) to libshutdown2.o(.ARM.Collect$$libshutdown$$00000007) for __rt_lib_shutdown_fp_trap_1
    libshutdown.o(.ARM.Collect$$libshutdown$$00000000) refers (Special) to libshutdown2.o(.ARM.Collect$$libshutdown$$0000000F) for __rt_lib_shutdown_heap_1
    libshutdown.o(.ARM.Collect$$libshutdown$$00000000) refers (Special) to libshutdown2.o(.ARM.Collect$$libshutdown$$00000010) for __rt_lib_shutdown_return
    libshutdown.o(.ARM.Collect$$libshutdown$$00000000) refers (Special) to libshutdown2.o(.ARM.Collect$$libshutdown$$0000000A) for __rt_lib_shutdown_signal_1
    libshutdown.o(.ARM.Collect$$libshutdown$$00000000) refers (Special) to libshutdown2.o(.ARM.Collect$$libshutdown$$00000004) for __rt_lib_shutdown_stdio_1
    libshutdown.o(.ARM.Collect$$libshutdown$$00000000) refers (Special) to libshutdown2.o(.ARM.Collect$$libshutdown$$0000000C) for __rt_lib_shutdown_user_alloc_1
    sys_wrch.o(.text) refers (Special) to use_no_semi.o(.text) for __I$use$semihosting
    sys_wrch.o(.text) refers (Special) to indicate_semi.o(.text) for __semihosting_library_function
    sys_command.o(.text) refers (Special) to use_no_semi.o(.text) for __I$use$semihosting
    sys_command.o(.text) refers (Special) to indicate_semi.o(.text) for __semihosting_library_function
    defsig_rtmem_outer.o(.text) refers to defsig_rtmem_inner.o(.text) for __rt_SIGRTMEM_inner
    defsig_rtmem_outer.o(.text) refers to defsig_exit.o(.text) for __sig_exit
    defsig_rtmem_formal.o(.text) refers to rt_raise.o(.text) for __rt_raise
    defsig.o(CL$$defsig) refers to defsig_fpe_inner.o(.text) for __rt_SIGFPE_inner
    defsig.o(CL$$defsig) refers to defsig_rtmem_inner.o(.text) for __rt_SIGRTMEM_inner
    defsig_abrt_inner.o(.text) refers to defsig_general.o(.text) for __default_signal_display
    defsig_rtred_inner.o(.text) refers to defsig_general.o(.text) for __default_signal_display
    defsig_rtmem_inner.o(.text) refers to defsig_general.o(.text) for __default_signal_display
    defsig_stak_inner.o(.text) refers to defsig_general.o(.text) for __default_signal_display
    defsig_pvfn_inner.o(.text) refers to defsig_general.o(.text) for __default_signal_display
    defsig_cppl_inner.o(.text) refers to defsig_general.o(.text) for __default_signal_display
    defsig_segv_inner.o(.text) refers to defsig_general.o(.text) for __default_signal_display
    defsig_other.o(.text) refers to defsig_general.o(.text) for __default_signal_display


==============================================================================

Removing Unused input sections from the image.

    Removing gpio_program.o(i.GPIO_Read_Pin), (12 bytes).
    Removing gpio_program.o(i.GPIO_Write_Pin), (28 bytes).
    Removing gpio_program.o(i.GPIO_Write_Port), (4 bytes).
    Removing main.o(.data), (1 bytes).
    Removing rcc_program.o(i.RCC_uint8_tGetClock), (80 bytes).
    Removing rcc_program.o(i.RCC_voidDisableClock), (72 bytes).
    Removing usart_program.o(i.USART_DMA_Receive), (10 bytes).
    Removing usart_program.o(i.USART_DMA_Send), (10 bytes).
    Removing usart_program.o(i.USART_Deinit), (8 bytes).
    Removing usart_program.o(i.USART_Receive), (20 bytes).
    Removing usart_program.o(i.USART_Receive_String), (40 bytes).
    Removing system_stm32f3xx.o(.rev16_text), (4 bytes).
    Removing system_stm32f3xx.o(.revsh_text), (4 bytes).
    Removing system_stm32f3xx.o(.rrx_text), (6 bytes).
    Removing system_stm32f3xx.o(i.SystemCoreClockUpdate), (164 bytes).
    Removing system_stm32f3xx.o(.constdata), (24 bytes).
    Removing system_stm32f3xx.o(.data), (4 bytes).
    Removing heap_1.o(i.vPortInitialiseBlocks), (12 bytes).
    Removing heap_1.o(i.xPortGetFreeHeapSize), (16 bytes).
    Removing port.o(i.vPortEndScheduler), (48 bytes).
    Removing port.o(i.vPortValidateInterruptPriority), (120 bytes).
    Removing queue.o(i.prvCopyDataFromQueue), (42 bytes).
    Removing queue.o(i.prvCopyDataToQueue), (126 bytes).
    Removing queue.o(i.prvGetDisinheritPriorityAfterTimeout), (20 bytes).
    Removing queue.o(i.prvInitialiseMutex), (30 bytes).
    Removing queue.o(i.prvInitialiseNewQueue), (46 bytes).
    Removing queue.o(i.prvIsQueueEmpty), (26 bytes).
    Removing queue.o(i.prvIsQueueFull), (30 bytes).
    Removing queue.o(i.prvNotifyQueueSetContainer), (138 bytes).
    Removing queue.o(i.prvUnlockQueue), (144 bytes).
    Removing queue.o(i.ucQueueGetQueueType), (8 bytes).
    Removing queue.o(i.uxQueueGetQueueNumber), (6 bytes).
    Removing queue.o(i.uxQueueMessagesWaiting), (42 bytes).
    Removing queue.o(i.uxQueueMessagesWaitingFromISR), (34 bytes).
    Removing queue.o(i.uxQueueSpacesAvailable), (48 bytes).
    Removing queue.o(i.vQueueDelete), (38 bytes).
    Removing queue.o(i.vQueueSetQueueNumber), (4 bytes).
    Removing queue.o(i.xQueueAddToSet), (38 bytes).
    Removing queue.o(i.xQueueCreateCountingSemaphore), (92 bytes).
    Removing queue.o(i.xQueueCreateMutex), (34 bytes).
    Removing queue.o(i.xQueueCreateSet), (20 bytes).
    Removing queue.o(i.xQueueGenericCreate), (84 bytes).
    Removing queue.o(i.xQueueGenericReset), (152 bytes).
    Removing queue.o(i.xQueueGenericSend), (472 bytes).
    Removing queue.o(i.xQueueGenericSendFromISR), (274 bytes).
    Removing queue.o(i.xQueueGetMutexHolder), (28 bytes).
    Removing queue.o(i.xQueueGetMutexHolderFromISR), (38 bytes).
    Removing queue.o(i.xQueueGiveFromISR), (244 bytes).
    Removing queue.o(i.xQueueGiveMutexRecursive), (72 bytes).
    Removing queue.o(i.xQueueIsQueueEmptyFromISR), (42 bytes).
    Removing queue.o(i.xQueueIsQueueFullFromISR), (46 bytes).
    Removing queue.o(i.xQueuePeek), (368 bytes).
    Removing queue.o(i.xQueuePeekFromISR), (176 bytes).
    Removing queue.o(i.xQueueReceive), (360 bytes).
    Removing queue.o(i.xQueueReceiveFromISR), (202 bytes).
    Removing queue.o(i.xQueueRemoveFromSet), (48 bytes).
    Removing queue.o(i.xQueueSelectFromSet), (24 bytes).
    Removing queue.o(i.xQueueSelectFromSetFromISR), (22 bytes).
    Removing queue.o(i.xQueueSemaphoreTake), (440 bytes).
    Removing queue.o(i.xQueueTakeMutexRecursive), (78 bytes).
    Removing tasks.o(i.eTaskGetState), (148 bytes).
    Removing tasks.o(i.pcTaskGetName), (48 bytes).
    Removing tasks.o(i.prvListTasksWithinSingleList), (106 bytes).
    Removing tasks.o(i.prvSearchForNameWithinSingleList), (176 bytes).
    Removing tasks.o(i.prvTaskCheckFreeStackSpace), (22 bytes).
    Removing tasks.o(i.prvTaskIsTaskSuspended), (88 bytes).
    Removing tasks.o(i.pvTaskIncrementMutexHeldCount), (32 bytes).
    Removing tasks.o(i.ulTaskNotifyTake), (116 bytes).
    Removing tasks.o(i.ulTaskNotifyValueClear), (52 bytes).
    Removing tasks.o(i.uxTaskGetNumberOfTasks), (12 bytes).
    Removing tasks.o(i.uxTaskGetStackHighWaterMark), (40 bytes).
    Removing tasks.o(i.uxTaskGetStackHighWaterMark2), (40 bytes).
    Removing tasks.o(i.uxTaskGetSystemState), (176 bytes).
    Removing tasks.o(i.uxTaskGetTaskNumber), (14 bytes).
    Removing tasks.o(i.uxTaskPriorityGet), (36 bytes).
    Removing tasks.o(i.uxTaskPriorityGetFromISR), (68 bytes).
    Removing tasks.o(i.uxTaskResetEventItemValue), (28 bytes).
    Removing tasks.o(i.vTaskDelay), (92 bytes).
    Removing tasks.o(i.vTaskDelete), (244 bytes).
    Removing tasks.o(i.vTaskEndScheduler), (36 bytes).
    Removing tasks.o(i.vTaskGetInfo), (132 bytes).
    Removing tasks.o(i.vTaskInternalSetTimeOutState), (24 bytes).
    Removing tasks.o(i.vTaskMissedYield), (12 bytes).
    Removing tasks.o(i.vTaskNotifyGiveFromISR), (240 bytes).
    Removing tasks.o(i.vTaskPlaceOnEventList), (56 bytes).
    Removing tasks.o(i.vTaskPlaceOnUnorderedEventList), (108 bytes).
    Removing tasks.o(i.vTaskPriorityDisinheritAfterTimeout), (228 bytes).
    Removing tasks.o(i.vTaskPrioritySet), (276 bytes).
    Removing tasks.o(i.vTaskRemoveFromUnorderedEventList), (168 bytes).
    Removing tasks.o(i.vTaskResume), (144 bytes).
    Removing tasks.o(i.vTaskSetTaskNumber), (8 bytes).
    Removing tasks.o(i.vTaskSetTimeOutState), (60 bytes).
    Removing tasks.o(i.vTaskSuspend), (244 bytes).
    Removing tasks.o(i.xTaskAbortDelay), (160 bytes).
    Removing tasks.o(i.xTaskCatchUpTicks), (76 bytes).
    Removing tasks.o(i.xTaskCheckForTimeOut), (168 bytes).
    Removing tasks.o(i.xTaskGenericNotify), (300 bytes).
    Removing tasks.o(i.xTaskGenericNotifyFromISR), (360 bytes).
    Removing tasks.o(i.xTaskGetCurrentTaskHandle), (12 bytes).
    Removing tasks.o(i.xTaskGetHandle), (164 bytes).
    Removing tasks.o(i.xTaskGetIdleTaskHandle), (48 bytes).
    Removing tasks.o(i.xTaskGetSchedulerState), (32 bytes).
    Removing tasks.o(i.xTaskGetTickCountFromISR), (20 bytes).
    Removing tasks.o(i.xTaskNotifyStateClear), (52 bytes).
    Removing tasks.o(i.xTaskNotifyWait), (160 bytes).
    Removing tasks.o(i.xTaskPriorityDisinherit), (200 bytes).
    Removing tasks.o(i.xTaskPriorityInherit), (184 bytes).
    Removing tasks.o(i.xTaskRemoveFromEventList), (156 bytes).
    Removing tasks.o(i.xTaskResumeFromISR), (180 bytes).

109 unused section(s) (total 10369 bytes) removed from the image.

==============================================================================

Image Symbol Table

    Local Symbols

    Symbol Name                              Value     Ov Type        Size  Object(Section)

    ../clib/angel/boardlib.s                 0x00000000   Number         0  boardinit3.o ABSOLUTE
    ../clib/angel/boardlib.s                 0x00000000   Number         0  boardshut.o ABSOLUTE
    ../clib/angel/boardlib.s                 0x00000000   Number         0  boardinit2.o ABSOLUTE
    ../clib/angel/boardlib.s                 0x00000000   Number         0  boardinit1.o ABSOLUTE
    ../clib/angel/handlers.s                 0x00000000   Number         0  __scatter_zi.o ABSOLUTE
    ../clib/angel/handlers.s                 0x00000000   Number         0  __scatter_copy.o ABSOLUTE
    ../clib/angel/kernel.s                   0x00000000   Number         0  rtexit.o ABSOLUTE
    ../clib/angel/kernel.s                   0x00000000   Number         0  rtexit2.o ABSOLUTE
    ../clib/angel/kernel.s                   0x00000000   Number         0  __rtentry.o ABSOLUTE
    ../clib/angel/kernel.s                   0x00000000   Number         0  __rtentry4.o ABSOLUTE
    ../clib/angel/kernel.s                   0x00000000   Number         0  __rtentry2.o ABSOLUTE
    ../clib/angel/rt.s                       0x00000000   Number         0  rt_raise.o ABSOLUTE
    ../clib/angel/rt.s                       0x00000000   Number         0  rt_div0.o ABSOLUTE
    ../clib/angel/rt.s                       0x00000000   Number         0  aeabi_ldiv0_sigfpe.o ABSOLUTE
    ../clib/angel/rt.s                       0x00000000   Number         0  aeabi_ldiv0.o ABSOLUTE
    ../clib/angel/scatter.s                  0x00000000   Number         0  __scatter.o ABSOLUTE
    ../clib/angel/startup.s                  0x00000000   Number         0  __main.o ABSOLUTE
    ../clib/angel/sys.s                      0x00000000   Number         0  libspace.o ABSOLUTE
    ../clib/angel/sys.s                      0x00000000   Number         0  use_no_semi.o ABSOLUTE
    ../clib/angel/sys.s                      0x00000000   Number         0  indicate_semi.o ABSOLUTE
    ../clib/angel/sys.s                      0x00000000   Number         0  sys_stackheap_outer.o ABSOLUTE
    ../clib/angel/sysapp.c                   0x00000000   Number         0  sys_command.o ABSOLUTE
    ../clib/angel/sysapp.c                   0x00000000   Number         0  sys_wrch.o ABSOLUTE
    ../clib/angel/sysapp.c                   0x00000000   Number         0  sys_exit.o ABSOLUTE
    ../clib/armsys.c                         0x00000000   Number         0  argv_veneer.o ABSOLUTE
    ../clib/armsys.c                         0x00000000   Number         0  argv_veneer.o ABSOLUTE
    ../clib/armsys.c                         0x00000000   Number         0  _get_argv_nomalloc.o ABSOLUTE
    ../clib/armsys.c                         0x00000000   Number         0  no_argv.o ABSOLUTE
    ../clib/heapalloc.c                      0x00000000   Number         0  hrguard.o ABSOLUTE
    ../clib/heapaux.c                        0x00000000   Number         0  heapauxi.o ABSOLUTE
    ../clib/libinit.s                        0x00000000   Number         0  libinit2.o ABSOLUTE
    ../clib/libinit.s                        0x00000000   Number         0  libinit.o ABSOLUTE
    ../clib/libinit.s                        0x00000000   Number         0  libshutdown2.o ABSOLUTE
    ../clib/libinit.s                        0x00000000   Number         0  libshutdown.o ABSOLUTE
    ../clib/longlong.s                       0x00000000   Number         0  llsdiv.o ABSOLUTE
    ../clib/longlong.s                       0x00000000   Number         0  lludivv7m.o ABSOLUTE
    ../clib/memcpset.s                       0x00000000   Number         0  rt_memclr.o ABSOLUTE
    ../clib/memcpset.s                       0x00000000   Number         0  aeabi_memset.o ABSOLUTE
    ../clib/memcpset.s                       0x00000000   Number         0  rt_memcpy_v6.o ABSOLUTE
    ../clib/memcpset.s                       0x00000000   Number         0  rt_memcpy_w.o ABSOLUTE
    ../clib/memcpset.s                       0x00000000   Number         0  rt_memclr_w.o ABSOLUTE
    ../clib/signal.c                         0x00000000   Number         0  defsig_stak_inner.o ABSOLUTE
    ../clib/signal.c                         0x00000000   Number         0  defsig_rtmem_inner.o ABSOLUTE
    ../clib/signal.c                         0x00000000   Number         0  defsig_abrt_inner.o ABSOLUTE
    ../clib/signal.c                         0x00000000   Number         0  defsig_fpe_outer.o ABSOLUTE
    ../clib/signal.c                         0x00000000   Number         0  defsig_fpe_formal.o ABSOLUTE
    ../clib/signal.c                         0x00000000   Number         0  defsig_rtred_inner.o ABSOLUTE
    ../clib/signal.c                         0x00000000   Number         0  defsig_rtmem_outer.o ABSOLUTE
    ../clib/signal.c                         0x00000000   Number         0  defsig_fpe_inner.o ABSOLUTE
    ../clib/signal.c                         0x00000000   Number         0  defsig_exit.o ABSOLUTE
    ../clib/signal.c                         0x00000000   Number         0  defsig_rtmem_formal.o ABSOLUTE
    ../clib/signal.c                         0x00000000   Number         0  defsig_general.o ABSOLUTE
    ../clib/signal.c                         0x00000000   Number         0  __raise.o ABSOLUTE
    ../clib/signal.c                         0x00000000   Number         0  defsig_other.o ABSOLUTE
    ../clib/signal.c                         0x00000000   Number         0  defsig_segv_inner.o ABSOLUTE
    ../clib/signal.c                         0x00000000   Number         0  defsig_cppl_inner.o ABSOLUTE
    ../clib/signal.c                         0x00000000   Number         0  defsig_pvfn_inner.o ABSOLUTE
    ../clib/signal.s                         0x00000000   Number         0  defsig.o ABSOLUTE
    ../clib/stdlib.c                         0x00000000   Number         0  exit.o ABSOLUTE
    ../clib/string.c                         0x00000000   Number         0  strlen.o ABSOLUTE
    ../fplib/fpinit.s                        0x00000000   Number         0  fpinit.o ABSOLUTE
    C:\Keil_v5\ARM\PACK\ARM\CMSIS-FreeRTOS\10.3.1\CMSIS\RTOS2\FreeRTOS\Source\freertos_evr.c 0x00000000   Number         0  freertos_evr.o ABSOLUTE
    C:\Keil_v5\ARM\PACK\ARM\CMSIS-FreeRTOS\10.3.1\Source\list.c 0x00000000   Number         0  list.o ABSOLUTE
    C:\Keil_v5\ARM\PACK\ARM\CMSIS-FreeRTOS\10.3.1\Source\portable\MemMang\heap_1.c 0x00000000   Number         0  heap_1.o ABSOLUTE
    C:\Keil_v5\ARM\PACK\ARM\CMSIS-FreeRTOS\10.3.1\Source\portable\RVDS\ARM_CM4F\port.c 0x00000000   Number         0  port.o ABSOLUTE
    C:\Keil_v5\ARM\PACK\ARM\CMSIS-FreeRTOS\10.3.1\Source\queue.c 0x00000000   Number         0  queue.o ABSOLUTE
    C:\Keil_v5\ARM\PACK\ARM\CMSIS-FreeRTOS\10.3.1\Source\tasks.c 0x00000000   Number         0  tasks.o ABSOLUTE
    C:\\Keil_v5\\ARM\\PACK\\ARM\\CMSIS-FreeRTOS\\10.3.1\\Source\\portable\\RVDS\\ARM_CM4F\\port.c 0x00000000   Number         0  port.o ABSOLUTE
    GPIO_program.c                           0x00000000   Number         0  gpio_program.o ABSOLUTE
    RCC_program.c                            0x00000000   Number         0  rcc_program.o ABSOLUTE
    RTE\Device\STM32F303RETx\startup_stm32f303xe.s 0x00000000   Number         0  startup_stm32f303xe.o ABSOLUTE
    RTE\Device\STM32F303RETx\system_stm32f3xx.c 0x00000000   Number         0  system_stm32f3xx.o ABSOLUTE
    RTE\\Device\\STM32F303RETx\\system_stm32f3xx.c 0x00000000   Number         0  system_stm32f3xx.o ABSOLUTE
    USART_program.c                          0x00000000   Number         0  usart_program.o ABSOLUTE
    dc.s                                     0x00000000   Number         0  dc.o ABSOLUTE
    main.c                                   0x00000000   Number         0  main.o ABSOLUTE
    RESET                                    0x08000000   Section      404  startup_stm32f303xe.o(RESET)
    !!!main                                  0x08000194   Section        8  __main.o(!!!main)
    !!!scatter                               0x0800019c   Section       52  __scatter.o(!!!scatter)
    !!handler_copy                           0x080001d0   Section       26  __scatter_copy.o(!!handler_copy)
    !!handler_zi                             0x080001ec   Section       28  __scatter_zi.o(!!handler_zi)
    .ARM.Collect$$libinit$$00000000          0x08000208   Section        2  libinit.o(.ARM.Collect$$libinit$$00000000)
    .ARM.Collect$$libinit$$00000001          0x0800020a   Section        4  libinit2.o(.ARM.Collect$$libinit$$00000001)
    .ARM.Collect$$libinit$$00000004          0x0800020e   Section        0  libinit2.o(.ARM.Collect$$libinit$$00000004)
    .ARM.Collect$$libinit$$0000000A          0x0800020e   Section        0  libinit2.o(.ARM.Collect$$libinit$$0000000A)
    .ARM.Collect$$libinit$$0000000C          0x0800020e   Section        0  libinit2.o(.ARM.Collect$$libinit$$0000000C)
    .ARM.Collect$$libinit$$0000000E          0x0800020e   Section        0  libinit2.o(.ARM.Collect$$libinit$$0000000E)
    .ARM.Collect$$libinit$$00000011          0x0800020e   Section        0  libinit2.o(.ARM.Collect$$libinit$$00000011)
    .ARM.Collect$$libinit$$00000013          0x0800020e   Section        0  libinit2.o(.ARM.Collect$$libinit$$00000013)
    .ARM.Collect$$libinit$$00000015          0x0800020e   Section        0  libinit2.o(.ARM.Collect$$libinit$$00000015)
    .ARM.Collect$$libinit$$00000017          0x0800020e   Section        0  libinit2.o(.ARM.Collect$$libinit$$00000017)
    .ARM.Collect$$libinit$$00000019          0x0800020e   Section        0  libinit2.o(.ARM.Collect$$libinit$$00000019)
    .ARM.Collect$$libinit$$0000001B          0x0800020e   Section        0  libinit2.o(.ARM.Collect$$libinit$$0000001B)
    .ARM.Collect$$libinit$$0000001D          0x0800020e   Section        0  libinit2.o(.ARM.Collect$$libinit$$0000001D)
    .ARM.Collect$$libinit$$0000001F          0x0800020e   Section        0  libinit2.o(.ARM.Collect$$libinit$$0000001F)
    .ARM.Collect$$libinit$$00000021          0x0800020e   Section        0  libinit2.o(.ARM.Collect$$libinit$$00000021)
    .ARM.Collect$$libinit$$00000023          0x0800020e   Section        0  libinit2.o(.ARM.Collect$$libinit$$00000023)
    .ARM.Collect$$libinit$$00000025          0x0800020e   Section        0  libinit2.o(.ARM.Collect$$libinit$$00000025)
    .ARM.Collect$$libinit$$0000002C          0x0800020e   Section        0  libinit2.o(.ARM.Collect$$libinit$$0000002C)
    .ARM.Collect$$libinit$$0000002E          0x0800020e   Section        0  libinit2.o(.ARM.Collect$$libinit$$0000002E)
    .ARM.Collect$$libinit$$00000030          0x0800020e   Section        0  libinit2.o(.ARM.Collect$$libinit$$00000030)
    .ARM.Collect$$libinit$$00000032          0x0800020e   Section        0  libinit2.o(.ARM.Collect$$libinit$$00000032)
    .ARM.Collect$$libinit$$00000033          0x0800020e   Section        2  libinit2.o(.ARM.Collect$$libinit$$00000033)
    .ARM.Collect$$libshutdown$$00000000      0x08000210   Section        2  libshutdown.o(.ARM.Collect$$libshutdown$$00000000)
    .ARM.Collect$$libshutdown$$00000002      0x08000212   Section        0  libshutdown2.o(.ARM.Collect$$libshutdown$$00000002)
    .ARM.Collect$$libshutdown$$00000004      0x08000212   Section        0  libshutdown2.o(.ARM.Collect$$libshutdown$$00000004)
    .ARM.Collect$$libshutdown$$00000007      0x08000212   Section        0  libshutdown2.o(.ARM.Collect$$libshutdown$$00000007)
    .ARM.Collect$$libshutdown$$0000000A      0x08000212   Section        0  libshutdown2.o(.ARM.Collect$$libshutdown$$0000000A)
    .ARM.Collect$$libshutdown$$0000000C      0x08000212   Section        0  libshutdown2.o(.ARM.Collect$$libshutdown$$0000000C)
    .ARM.Collect$$libshutdown$$0000000F      0x08000212   Section        0  libshutdown2.o(.ARM.Collect$$libshutdown$$0000000F)
    .ARM.Collect$$libshutdown$$00000010      0x08000212   Section        2  libshutdown2.o(.ARM.Collect$$libshutdown$$00000010)
    .ARM.Collect$$rtentry$$00000000          0x08000214   Section        0  __rtentry.o(.ARM.Collect$$rtentry$$00000000)
    .ARM.Collect$$rtentry$$00000002          0x08000214   Section        0  __rtentry2.o(.ARM.Collect$$rtentry$$00000002)
    .ARM.Collect$$rtentry$$00000004          0x08000214   Section        6  __rtentry4.o(.ARM.Collect$$rtentry$$00000004)
    .ARM.Collect$$rtentry$$00000009          0x0800021a   Section        0  __rtentry2.o(.ARM.Collect$$rtentry$$00000009)
    .ARM.Collect$$rtentry$$0000000A          0x0800021a   Section        4  __rtentry2.o(.ARM.Collect$$rtentry$$0000000A)
    .ARM.Collect$$rtentry$$0000000C          0x0800021e   Section        0  __rtentry2.o(.ARM.Collect$$rtentry$$0000000C)
    .ARM.Collect$$rtentry$$0000000D          0x0800021e   Section        8  __rtentry2.o(.ARM.Collect$$rtentry$$0000000D)
    .ARM.Collect$$rtexit$$00000000           0x08000226   Section        2  rtexit.o(.ARM.Collect$$rtexit$$00000000)
    .ARM.Collect$$rtexit$$00000002           0x08000228   Section        0  rtexit2.o(.ARM.Collect$$rtexit$$00000002)
    .ARM.Collect$$rtexit$$00000003           0x08000228   Section        4  rtexit2.o(.ARM.Collect$$rtexit$$00000003)
    .ARM.Collect$$rtexit$$00000004           0x0800022c   Section        6  rtexit2.o(.ARM.Collect$$rtexit$$00000004)
    .emb_text                                0x08000234   Section      190  port.o(.emb_text)
    $v0                                      0x08000234   Number         0  port.o(.emb_text)
    .text                                    0x080002f4   Section       64  startup_stm32f303xe.o(.text)
    $v0                                      0x080002f4   Number         0  startup_stm32f303xe.o(.text)
    .text                                    0x08000334   Section       72  llsdiv.o(.text)
    .text                                    0x0800037c   Section       16  aeabi_memset.o(.text)
    .text                                    0x0800038c   Section        0  heapauxi.o(.text)
    .text                                    0x08000392   Section      238  lludivv7m.o(.text)
    .text                                    0x08000480   Section       68  rt_memclr.o(.text)
    .text                                    0x080004c4   Section       78  rt_memclr_w.o(.text)
    .text                                    0x08000512   Section       74  sys_stackheap_outer.o(.text)
    .text                                    0x0800055c   Section        0  exit.o(.text)
    .text                                    0x08000570   Section        8  libspace.o(.text)
    .text                                    0x08000578   Section        0  sys_exit.o(.text)
    .text                                    0x08000584   Section        2  use_no_semi.o(.text)
    .text                                    0x08000586   Section        0  indicate_semi.o(.text)
    i.GPIO_Init                              0x08000586   Section        0  gpio_program.o(i.GPIO_Init)
    i.GPIO_configure_pin_mode                0x080005cc   Section        0  gpio_program.o(i.GPIO_configure_pin_mode)
    i.GPIO_configure_pin_otype               0x080005e8   Section        0  gpio_program.o(i.GPIO_configure_pin_otype)
    i.GPIO_configure_pin_pupd                0x080005f6   Section        0  gpio_program.o(i.GPIO_configure_pin_pupd)
    i.GPIO_configure_pin_speed               0x08000606   Section        0  gpio_program.o(i.GPIO_configure_pin_speed)
    i.GPIO_set_alt_function                  0x08000616   Section        0  gpio_program.o(i.GPIO_set_alt_function)
    i.RCC_voidEnableClock                    0x08000648   Section        0  rcc_program.o(i.RCC_voidEnableClock)
    i.RCC_voidInitSysClock                   0x08000690   Section        0  rcc_program.o(i.RCC_voidInitSysClock)
    i.SysTick_Handler                        0x080006a0   Section        0  port.o(i.SysTick_Handler)
    i.SystemInit                             0x080006d4   Section        0  system_stm32f3xx.o(i.SystemInit)
    i.USART_Init                             0x08000750   Section        0  usart_program.o(i.USART_Init)
    i.USART_Send                             0x080007f4   Section        0  usart_program.o(i.USART_Send)
    i.USART_Send_Number                      0x08000804   Section        0  usart_program.o(i.USART_Send_Number)
    i.USART_Send_String                      0x080008b2   Section        0  usart_program.o(i.USART_Send_String)
    i.eTaskConfirmSleepModeStatus            0x080008cc   Section        0  tasks.o(i.eTaskConfirmSleepModeStatus)
    i.main                                   0x08000908   Section        0  main.o(i.main)
    i.prvAddCurrentTaskToDelayedList         0x08000a04   Section        0  tasks.o(i.prvAddCurrentTaskToDelayedList)
    prvAddCurrentTaskToDelayedList           0x08000a05   Thumb Code   134  tasks.o(i.prvAddCurrentTaskToDelayedList)
    i.prvAddNewTaskToReadyList               0x08000aa8   Section        0  tasks.o(i.prvAddNewTaskToReadyList)
    prvAddNewTaskToReadyList                 0x08000aa9   Thumb Code   156  tasks.o(i.prvAddNewTaskToReadyList)
    i.prvCheckTasksWaitingTermination        0x08000b60   Section        0  tasks.o(i.prvCheckTasksWaitingTermination)
    prvCheckTasksWaitingTermination          0x08000b61   Thumb Code    60  tasks.o(i.prvCheckTasksWaitingTermination)
    i.prvDeleteTCB                           0x08000ba8   Section        0  tasks.o(i.prvDeleteTCB)
    prvDeleteTCB                             0x08000ba9   Thumb Code    18  tasks.o(i.prvDeleteTCB)
    i.prvGetExpectedIdleTime                 0x08000bbc   Section        0  tasks.o(i.prvGetExpectedIdleTime)
    prvGetExpectedIdleTime                   0x08000bbd   Thumb Code    56  tasks.o(i.prvGetExpectedIdleTime)
    i.prvIdleTask                            0x08000c08   Section        0  tasks.o(i.prvIdleTask)
    prvIdleTask                              0x08000c09   Thumb Code   108  tasks.o(i.prvIdleTask)
    i.prvInitialiseNewTask                   0x08000c84   Section        0  tasks.o(i.prvInitialiseNewTask)
    prvInitialiseNewTask                     0x08000c85   Thumb Code   194  tasks.o(i.prvInitialiseNewTask)
    i.prvInitialiseTaskLists                 0x08000d48   Section        0  tasks.o(i.prvInitialiseTaskLists)
    prvInitialiseTaskLists                   0x08000d49   Thumb Code    70  tasks.o(i.prvInitialiseTaskLists)
    i.prvResetNextTaskUnblockTime            0x08000db0   Section        0  tasks.o(i.prvResetNextTaskUnblockTime)
    prvResetNextTaskUnblockTime              0x08000db1   Thumb Code    42  tasks.o(i.prvResetNextTaskUnblockTime)
    i.prvTaskExitError                       0x08000de4   Section        0  port.o(i.prvTaskExitError)
    prvTaskExitError                         0x08000de5   Thumb Code    60  port.o(i.prvTaskExitError)
    i.pvPortMalloc                           0x08000e24   Section        0  heap_1.o(i.pvPortMalloc)
    i.pxPortInitialiseStack                  0x08000e94   Section        0  port.o(i.pxPortInitialiseStack)
    i.uxListRemove                           0x08000ec0   Section        0  list.o(i.uxListRemove)
    i.vListInitialise                        0x08000ee8   Section        0  list.o(i.vListInitialise)
    i.vListInitialiseItem                    0x08000f02   Section        0  list.o(i.vListInitialiseItem)
    i.vListInsert                            0x08000f08   Section        0  list.o(i.vListInsert)
    i.vListInsertEnd                         0x08000f3c   Section        0  list.o(i.vListInsertEnd)
    i.vPortEnterCritical                     0x08000f54   Section        0  port.o(i.vPortEnterCritical)
    i.vPortExitCritical                      0x08000fa8   Section        0  port.o(i.vPortExitCritical)
    i.vPortFree                              0x08000fe4   Section        0  heap_1.o(i.vPortFree)
    i.vPortSetupTimerInterrupt               0x08001008   Section        0  port.o(i.vPortSetupTimerInterrupt)
    i.vPortSuppressTicksAndSleep             0x08001048   Section        0  port.o(i.vPortSuppressTicksAndSleep)
    i.vTask1Function                         0x08001194   Section        0  main.o(i.vTask1Function)
    i.vTask2Function                         0x080011dc   Section        0  main.o(i.vTask2Function)
    i.vTaskDelayUntil                        0x08001224   Section        0  tasks.o(i.vTaskDelayUntil)
    i.vTaskStartScheduler                    0x080012f8   Section        0  tasks.o(i.vTaskStartScheduler)
    i.vTaskStepTick                          0x08001384   Section        0  tasks.o(i.vTaskStepTick)
    i.vTaskSuspendAll                        0x080013c4   Section        0  tasks.o(i.vTaskSuspendAll)
    i.vTaskSwitchContext                     0x080013d4   Section        0  tasks.o(i.vTaskSwitchContext)
    i.xPortStartScheduler                    0x08001460   Section        0  port.o(i.xPortStartScheduler)
    i.xTaskCreate                            0x080015c8   Section        0  tasks.o(i.xTaskCreate)
    i.xTaskGetTickCount                      0x08001628   Section        0  tasks.o(i.xTaskGetTickCount)
    i.xTaskIncrementTick                     0x08001634   Section        0  tasks.o(i.xTaskIncrementTick)
    i.xTaskResumeAll                         0x0800177c   Section        0  tasks.o(i.xTaskResumeAll)
    x$fpl$fpinit                             0x08001880   Section       10  fpinit.o(x$fpl$fpinit)
    $v0                                      0x08001880   Number         0  fpinit.o(x$fpl$fpinit)
    .data                                    0x20000000   Section        8  heap_1.o(.data)
    xNextFreeByte                            0x20000000   Data           4  heap_1.o(.data)
    pucAlignedHeap                           0x20000004   Data           4  heap_1.o(.data)
    .data                                    0x20000008   Section       24  port.o(.data)
    uxCriticalNesting                        0x20000008   Data           4  port.o(.data)
    ulTimerCountsForOneTick                  0x2000000c   Data           4  port.o(.data)
    xMaximumPossibleSuppressedTicks          0x20000010   Data           4  port.o(.data)
    ulStoppedTimerCompensation               0x20000014   Data           4  port.o(.data)
    ucMaxSysCallPriority                     0x20000018   Data           1  port.o(.data)
    ulMaxPRIGROUPValue                       0x2000001c   Data           4  port.o(.data)
    .data                                    0x20000020   Section       60  tasks.o(.data)
    pxDelayedTaskList                        0x20000024   Data           4  tasks.o(.data)
    pxOverflowDelayedTaskList                0x20000028   Data           4  tasks.o(.data)
    uxDeletedTasksWaitingCleanUp             0x2000002c   Data           4  tasks.o(.data)
    uxCurrentNumberOfTasks                   0x20000030   Data           4  tasks.o(.data)
    xTickCount                               0x20000034   Data           4  tasks.o(.data)
    uxTopReadyPriority                       0x20000038   Data           4  tasks.o(.data)
    xSchedulerRunning                        0x2000003c   Data           4  tasks.o(.data)
    xPendedTicks                             0x20000040   Data           4  tasks.o(.data)
    xYieldPending                            0x20000044   Data           4  tasks.o(.data)
    xNumOfOverflows                          0x20000048   Data           4  tasks.o(.data)
    uxTaskNumber                             0x2000004c   Data           4  tasks.o(.data)
    xNextTaskUnblockTime                     0x20000050   Data           4  tasks.o(.data)
    xIdleTaskHandle                          0x20000054   Data           4  tasks.o(.data)
    uxSchedulerSuspended                     0x20000058   Data           4  tasks.o(.data)
    .bss                                     0x2000005c   Section     4096  heap_1.o(.bss)
    ucHeap                                   0x2000005c   Data        4096  heap_1.o(.bss)
    .bss                                     0x2000105c   Section      200  tasks.o(.bss)
    pxReadyTasksLists                        0x2000105c   Data         100  tasks.o(.bss)
    xDelayedTaskList1                        0x200010c0   Data          20  tasks.o(.bss)
    xDelayedTaskList2                        0x200010d4   Data          20  tasks.o(.bss)
    xPendingReadyList                        0x200010e8   Data          20  tasks.o(.bss)
    xTasksWaitingTermination                 0x200010fc   Data          20  tasks.o(.bss)
    xSuspendedTaskList                       0x20001110   Data          20  tasks.o(.bss)
    .bss                                     0x20001124   Section       96  libspace.o(.bss)
    HEAP                                     0x20001188   Section      512  startup_stm32f303xe.o(HEAP)
    Heap_Mem                                 0x20001188   Data         512  startup_stm32f303xe.o(HEAP)
    STACK                                    0x20001388   Section     1024  startup_stm32f303xe.o(STACK)
    Stack_Mem                                0x20001388   Data        1024  startup_stm32f303xe.o(STACK)
    __initial_sp                             0x20001788   Data           0  startup_stm32f303xe.o(STACK)

    Global Symbols

    Symbol Name                              Value     Ov Type        Size  Object(Section)

    BuildAttributes$$THM_ISAv4$E$P$D$K$B$S$7EM$VFPi3$EXTD16$VFPS$VFMA$PE$A:L22UL41UL21$X:L11$S22US41US21$IEEE1$IW$USESV6$~STKCKD$USESV7$~SHL$OSPACE$ROPI$EBA8$UX$STANDARDLIB$REQ8$PRES8$EABIv2 0x00000000   Number         0  anon$$obj.o ABSOLUTE
    __ARM_use_no_argv                        0x00000000   Number         0  main.o ABSOLUTE
    __ARM_exceptions_init                     - Undefined Weak Reference
    __alloca_initialize                       - Undefined Weak Reference
    __arm_preinit_                            - Undefined Weak Reference
    __cpp_initialize__aeabi_                  - Undefined Weak Reference
    __cxa_finalize                            - Undefined Weak Reference
    __rt_locale                               - Undefined Weak Reference
    __sigvec_lookup                           - Undefined Weak Reference
    _atexit_init                              - Undefined Weak Reference
    _call_atexit_fns                          - Undefined Weak Reference
    _clock_init                               - Undefined Weak Reference
    _fp_trap_init                             - Undefined Weak Reference
    _fp_trap_shutdown                         - Undefined Weak Reference
    _get_lc_collate                           - Undefined Weak Reference
    _get_lc_ctype                             - Undefined Weak Reference
    _get_lc_monetary                          - Undefined Weak Reference
    _get_lc_numeric                           - Undefined Weak Reference
    _get_lc_time                              - Undefined Weak Reference
    _getenv_init                              - Undefined Weak Reference
    _handle_redirection                       - Undefined Weak Reference
    _init_alloc                               - Undefined Weak Reference
    _init_user_alloc                          - Undefined Weak Reference
    _initio                                   - Undefined Weak Reference
    _rand_init                                - Undefined Weak Reference
    _signal_finish                            - Undefined Weak Reference
    _signal_init                              - Undefined Weak Reference
    _terminate_alloc                          - Undefined Weak Reference
    _terminate_user_alloc                     - Undefined Weak Reference
    _terminateio                              - Undefined Weak Reference
    __Vectors_Size                           0x00000194   Number         0  startup_stm32f303xe.o ABSOLUTE
    __Vectors                                0x08000000   Data           4  startup_stm32f303xe.o(RESET)
    __Vectors_End                            0x08000194   Data           0  startup_stm32f303xe.o(RESET)
    __main                                   0x08000195   Thumb Code     8  __main.o(!!!main)
    __scatterload                            0x0800019d   Thumb Code     0  __scatter.o(!!!scatter)
    __scatterload_rt2                        0x0800019d   Thumb Code    44  __scatter.o(!!!scatter)
    __scatterload_rt2_thumb_only             0x0800019d   Thumb Code     0  __scatter.o(!!!scatter)
    __scatterload_null                       0x080001ab   Thumb Code     0  __scatter.o(!!!scatter)
    __scatterload_copy                       0x080001d1   Thumb Code    26  __scatter_copy.o(!!handler_copy)
    __scatterload_zeroinit                   0x080001ed   Thumb Code    28  __scatter_zi.o(!!handler_zi)
    __rt_lib_init                            0x08000209   Thumb Code     0  libinit.o(.ARM.Collect$$libinit$$00000000)
    __rt_lib_init_fp_1                       0x0800020b   Thumb Code     0  libinit2.o(.ARM.Collect$$libinit$$00000001)
    __rt_lib_init_alloca_1                   0x0800020f   Thumb Code     0  libinit2.o(.ARM.Collect$$libinit$$0000002E)
    __rt_lib_init_argv_1                     0x0800020f   Thumb Code     0  libinit2.o(.ARM.Collect$$libinit$$0000002C)
    __rt_lib_init_atexit_1                   0x0800020f   Thumb Code     0  libinit2.o(.ARM.Collect$$libinit$$0000001B)
    __rt_lib_init_clock_1                    0x0800020f   Thumb Code     0  libinit2.o(.ARM.Collect$$libinit$$00000021)
    __rt_lib_init_cpp_1                      0x0800020f   Thumb Code     0  libinit2.o(.ARM.Collect$$libinit$$00000032)
    __rt_lib_init_exceptions_1               0x0800020f   Thumb Code     0  libinit2.o(.ARM.Collect$$libinit$$00000030)
    __rt_lib_init_fp_trap_1                  0x0800020f   Thumb Code     0  libinit2.o(.ARM.Collect$$libinit$$0000001F)
    __rt_lib_init_getenv_1                   0x0800020f   Thumb Code     0  libinit2.o(.ARM.Collect$$libinit$$00000023)
    __rt_lib_init_heap_1                     0x0800020f   Thumb Code     0  libinit2.o(.ARM.Collect$$libinit$$0000000A)
    __rt_lib_init_lc_collate_1               0x0800020f   Thumb Code     0  libinit2.o(.ARM.Collect$$libinit$$00000011)
    __rt_lib_init_lc_ctype_1                 0x0800020f   Thumb Code     0  libinit2.o(.ARM.Collect$$libinit$$00000013)
    __rt_lib_init_lc_monetary_1              0x0800020f   Thumb Code     0  libinit2.o(.ARM.Collect$$libinit$$00000015)
    __rt_lib_init_lc_numeric_1               0x0800020f   Thumb Code     0  libinit2.o(.ARM.Collect$$libinit$$00000017)
    __rt_lib_init_lc_time_1                  0x0800020f   Thumb Code     0  libinit2.o(.ARM.Collect$$libinit$$00000019)
    __rt_lib_init_preinit_1                  0x0800020f   Thumb Code     0  libinit2.o(.ARM.Collect$$libinit$$00000004)
    __rt_lib_init_rand_1                     0x0800020f   Thumb Code     0  libinit2.o(.ARM.Collect$$libinit$$0000000E)
    __rt_lib_init_return                     0x0800020f   Thumb Code     0  libinit2.o(.ARM.Collect$$libinit$$00000033)
    __rt_lib_init_signal_1                   0x0800020f   Thumb Code     0  libinit2.o(.ARM.Collect$$libinit$$0000001D)
    __rt_lib_init_stdio_1                    0x0800020f   Thumb Code     0  libinit2.o(.ARM.Collect$$libinit$$00000025)
    __rt_lib_init_user_alloc_1               0x0800020f   Thumb Code     0  libinit2.o(.ARM.Collect$$libinit$$0000000C)
    __rt_lib_shutdown                        0x08000211   Thumb Code     0  libshutdown.o(.ARM.Collect$$libshutdown$$00000000)
    __rt_lib_shutdown_cpp_1                  0x08000213   Thumb Code     0  libshutdown2.o(.ARM.Collect$$libshutdown$$00000002)
    __rt_lib_shutdown_fp_trap_1              0x08000213   Thumb Code     0  libshutdown2.o(.ARM.Collect$$libshutdown$$00000007)
    __rt_lib_shutdown_heap_1                 0x08000213   Thumb Code     0  libshutdown2.o(.ARM.Collect$$libshutdown$$0000000F)
    __rt_lib_shutdown_return                 0x08000213   Thumb Code     0  libshutdown2.o(.ARM.Collect$$libshutdown$$00000010)
    __rt_lib_shutdown_signal_1               0x08000213   Thumb Code     0  libshutdown2.o(.ARM.Collect$$libshutdown$$0000000A)
    __rt_lib_shutdown_stdio_1                0x08000213   Thumb Code     0  libshutdown2.o(.ARM.Collect$$libshutdown$$00000004)
    __rt_lib_shutdown_user_alloc_1           0x08000213   Thumb Code     0  libshutdown2.o(.ARM.Collect$$libshutdown$$0000000C)
    __rt_entry                               0x08000215   Thumb Code     0  __rtentry.o(.ARM.Collect$$rtentry$$00000000)
    __rt_entry_presh_1                       0x08000215   Thumb Code     0  __rtentry2.o(.ARM.Collect$$rtentry$$00000002)
    __rt_entry_sh                            0x08000215   Thumb Code     0  __rtentry4.o(.ARM.Collect$$rtentry$$00000004)
    __rt_entry_li                            0x0800021b   Thumb Code     0  __rtentry2.o(.ARM.Collect$$rtentry$$0000000A)
    __rt_entry_postsh_1                      0x0800021b   Thumb Code     0  __rtentry2.o(.ARM.Collect$$rtentry$$00000009)
    __rt_entry_main                          0x0800021f   Thumb Code     0  __rtentry2.o(.ARM.Collect$$rtentry$$0000000D)
    __rt_entry_postli_1                      0x0800021f   Thumb Code     0  __rtentry2.o(.ARM.Collect$$rtentry$$0000000C)
    __rt_exit                                0x08000227   Thumb Code     0  rtexit.o(.ARM.Collect$$rtexit$$00000000)
    __rt_exit_ls                             0x08000229   Thumb Code     0  rtexit2.o(.ARM.Collect$$rtexit$$00000003)
    __rt_exit_prels_1                        0x08000229   Thumb Code     0  rtexit2.o(.ARM.Collect$$rtexit$$00000002)
    __rt_exit_exit                           0x0800022d   Thumb Code     0  rtexit2.o(.ARM.Collect$$rtexit$$00000004)
    SVC_Handler                              0x08000235   Thumb Code    28  port.o(.emb_text)
    __asm___6_port_c_39a90d8d__prvStartFirstTask 0x08000255   Thumb Code    36  port.o(.emb_text)
    __asm___6_port_c_39a90d8d__prvEnableVFP  0x0800027d   Thumb Code    16  port.o(.emb_text)
    PendSV_Handler                           0x08000291   Thumb Code    88  port.o(.emb_text)
    vPortGetIPSR                             0x080002ed   Thumb Code     6  port.o(.emb_text)
    Reset_Handler                            0x080002f5   Thumb Code     8  startup_stm32f303xe.o(.text)
    NMI_Handler                              0x080002fd   Thumb Code     2  startup_stm32f303xe.o(.text)
    HardFault_Handler                        0x080002ff   Thumb Code     2  startup_stm32f303xe.o(.text)
    MemManage_Handler                        0x08000301   Thumb Code     2  startup_stm32f303xe.o(.text)
    BusFault_Handler                         0x08000303   Thumb Code     2  startup_stm32f303xe.o(.text)
    UsageFault_Handler                       0x08000305   Thumb Code     2  startup_stm32f303xe.o(.text)
    DebugMon_Handler                         0x08000309   Thumb Code     2  startup_stm32f303xe.o(.text)
    ADC1_2_IRQHandler                        0x0800030f   Thumb Code     0  startup_stm32f303xe.o(.text)
    ADC3_IRQHandler                          0x0800030f   Thumb Code     0  startup_stm32f303xe.o(.text)
    ADC4_IRQHandler                          0x0800030f   Thumb Code     0  startup_stm32f303xe.o(.text)
    CAN_RX1_IRQHandler                       0x0800030f   Thumb Code     0  startup_stm32f303xe.o(.text)
    CAN_SCE_IRQHandler                       0x0800030f   Thumb Code     0  startup_stm32f303xe.o(.text)
    COMP1_2_3_IRQHandler                     0x0800030f   Thumb Code     0  startup_stm32f303xe.o(.text)
    COMP4_5_6_IRQHandler                     0x0800030f   Thumb Code     0  startup_stm32f303xe.o(.text)
    COMP7_IRQHandler                         0x0800030f   Thumb Code     0  startup_stm32f303xe.o(.text)
    DMA1_Channel1_IRQHandler                 0x0800030f   Thumb Code     0  startup_stm32f303xe.o(.text)
    DMA1_Channel2_IRQHandler                 0x0800030f   Thumb Code     0  startup_stm32f303xe.o(.text)
    DMA1_Channel3_IRQHandler                 0x0800030f   Thumb Code     0  startup_stm32f303xe.o(.text)
    DMA1_Channel4_IRQHandler                 0x0800030f   Thumb Code     0  startup_stm32f303xe.o(.text)
    DMA1_Channel5_IRQHandler                 0x0800030f   Thumb Code     0  startup_stm32f303xe.o(.text)
    DMA1_Channel6_IRQHandler                 0x0800030f   Thumb Code     0  startup_stm32f303xe.o(.text)
    DMA1_Channel7_IRQHandler                 0x0800030f   Thumb Code     0  startup_stm32f303xe.o(.text)
    DMA2_Channel1_IRQHandler                 0x0800030f   Thumb Code     0  startup_stm32f303xe.o(.text)
    DMA2_Channel2_IRQHandler                 0x0800030f   Thumb Code     0  startup_stm32f303xe.o(.text)
    DMA2_Channel3_IRQHandler                 0x0800030f   Thumb Code     0  startup_stm32f303xe.o(.text)
    DMA2_Channel4_IRQHandler                 0x0800030f   Thumb Code     0  startup_stm32f303xe.o(.text)
    DMA2_Channel5_IRQHandler                 0x0800030f   Thumb Code     0  startup_stm32f303xe.o(.text)
    EXTI0_IRQHandler                         0x0800030f   Thumb Code     0  startup_stm32f303xe.o(.text)
    EXTI15_10_IRQHandler                     0x0800030f   Thumb Code     0  startup_stm32f303xe.o(.text)
    EXTI1_IRQHandler                         0x0800030f   Thumb Code     0  startup_stm32f303xe.o(.text)
    EXTI2_TSC_IRQHandler                     0x0800030f   Thumb Code     0  startup_stm32f303xe.o(.text)
    EXTI3_IRQHandler                         0x0800030f   Thumb Code     0  startup_stm32f303xe.o(.text)
    EXTI4_IRQHandler                         0x0800030f   Thumb Code     0  startup_stm32f303xe.o(.text)
    EXTI9_5_IRQHandler                       0x0800030f   Thumb Code     0  startup_stm32f303xe.o(.text)
    FLASH_IRQHandler                         0x0800030f   Thumb Code     0  startup_stm32f303xe.o(.text)
    FMC_IRQHandler                           0x0800030f   Thumb Code     0  startup_stm32f303xe.o(.text)
    FPU_IRQHandler                           0x0800030f   Thumb Code     0  startup_stm32f303xe.o(.text)
    I2C1_ER_IRQHandler                       0x0800030f   Thumb Code     0  startup_stm32f303xe.o(.text)
    I2C1_EV_IRQHandler                       0x0800030f   Thumb Code     0  startup_stm32f303xe.o(.text)
    I2C2_ER_IRQHandler                       0x0800030f   Thumb Code     0  startup_stm32f303xe.o(.text)
    I2C2_EV_IRQHandler                       0x0800030f   Thumb Code     0  startup_stm32f303xe.o(.text)
    I2C3_ER_IRQHandler                       0x0800030f   Thumb Code     0  startup_stm32f303xe.o(.text)
    I2C3_EV_IRQHandler                       0x0800030f   Thumb Code     0  startup_stm32f303xe.o(.text)
    PVD_IRQHandler                           0x0800030f   Thumb Code     0  startup_stm32f303xe.o(.text)
    RCC_IRQHandler                           0x0800030f   Thumb Code     0  startup_stm32f303xe.o(.text)
    RTC_Alarm_IRQHandler                     0x0800030f   Thumb Code     0  startup_stm32f303xe.o(.text)
    RTC_WKUP_IRQHandler                      0x0800030f   Thumb Code     0  startup_stm32f303xe.o(.text)
    SPI1_IRQHandler                          0x0800030f   Thumb Code     0  startup_stm32f303xe.o(.text)
    SPI2_IRQHandler                          0x0800030f   Thumb Code     0  startup_stm32f303xe.o(.text)
    SPI3_IRQHandler                          0x0800030f   Thumb Code     0  startup_stm32f303xe.o(.text)
    SPI4_IRQHandler                          0x0800030f   Thumb Code     0  startup_stm32f303xe.o(.text)
    TAMP_STAMP_IRQHandler                    0x0800030f   Thumb Code     0  startup_stm32f303xe.o(.text)
    TIM1_BRK_TIM15_IRQHandler                0x0800030f   Thumb Code     0  startup_stm32f303xe.o(.text)
    TIM1_CC_IRQHandler                       0x0800030f   Thumb Code     0  startup_stm32f303xe.o(.text)
    TIM1_TRG_COM_TIM17_IRQHandler            0x0800030f   Thumb Code     0  startup_stm32f303xe.o(.text)
    TIM1_UP_TIM16_IRQHandler                 0x0800030f   Thumb Code     0  startup_stm32f303xe.o(.text)
    TIM20_BRK_IRQHandler                     0x0800030f   Thumb Code     0  startup_stm32f303xe.o(.text)
    TIM20_CC_IRQHandler                      0x0800030f   Thumb Code     0  startup_stm32f303xe.o(.text)
    TIM20_TRG_COM_IRQHandler                 0x0800030f   Thumb Code     0  startup_stm32f303xe.o(.text)
    TIM20_UP_IRQHandler                      0x0800030f   Thumb Code     0  startup_stm32f303xe.o(.text)
    TIM2_IRQHandler                          0x0800030f   Thumb Code     0  startup_stm32f303xe.o(.text)
    TIM3_IRQHandler                          0x0800030f   Thumb Code     0  startup_stm32f303xe.o(.text)
    TIM4_IRQHandler                          0x0800030f   Thumb Code     0  startup_stm32f303xe.o(.text)
    TIM6_DAC_IRQHandler                      0x0800030f   Thumb Code     0  startup_stm32f303xe.o(.text)
    TIM7_IRQHandler                          0x0800030f   Thumb Code     0  startup_stm32f303xe.o(.text)
    TIM8_BRK_IRQHandler                      0x0800030f   Thumb Code     0  startup_stm32f303xe.o(.text)
    TIM8_CC_IRQHandler                       0x0800030f   Thumb Code     0  startup_stm32f303xe.o(.text)
    TIM8_TRG_COM_IRQHandler                  0x0800030f   Thumb Code     0  startup_stm32f303xe.o(.text)
    TIM8_UP_IRQHandler                       0x0800030f   Thumb Code     0  startup_stm32f303xe.o(.text)
    UART4_IRQHandler                         0x0800030f   Thumb Code     0  startup_stm32f303xe.o(.text)
    UART5_IRQHandler                         0x0800030f   Thumb Code     0  startup_stm32f303xe.o(.text)
    USART1_IRQHandler                        0x0800030f   Thumb Code     0  startup_stm32f303xe.o(.text)
    USART2_IRQHandler                        0x0800030f   Thumb Code     0  startup_stm32f303xe.o(.text)
    USART3_IRQHandler                        0x0800030f   Thumb Code     0  startup_stm32f303xe.o(.text)
    USBWakeUp_IRQHandler                     0x0800030f   Thumb Code     0  startup_stm32f303xe.o(.text)
    USBWakeUp_RMP_IRQHandler                 0x0800030f   Thumb Code     0  startup_stm32f303xe.o(.text)
    USB_HP_CAN_TX_IRQHandler                 0x0800030f   Thumb Code     0  startup_stm32f303xe.o(.text)
    USB_HP_IRQHandler                        0x0800030f   Thumb Code     0  startup_stm32f303xe.o(.text)
    USB_LP_CAN_RX0_IRQHandler                0x0800030f   Thumb Code     0  startup_stm32f303xe.o(.text)
    USB_LP_IRQHandler                        0x0800030f   Thumb Code     0  startup_stm32f303xe.o(.text)
    WWDG_IRQHandler                          0x0800030f   Thumb Code     0  startup_stm32f303xe.o(.text)
    __user_initial_stackheap                 0x08000311   Thumb Code     0  startup_stm32f303xe.o(.text)
    __aeabi_ldivmod                          0x08000335   Thumb Code     0  llsdiv.o(.text)
    _ll_sdiv                                 0x08000335   Thumb Code    72  llsdiv.o(.text)
    __aeabi_memset                           0x0800037d   Thumb Code    16  aeabi_memset.o(.text)
    __use_two_region_memory                  0x0800038d   Thumb Code     2  heapauxi.o(.text)
    __rt_heap_escrow$2region                 0x0800038f   Thumb Code     2  heapauxi.o(.text)
    __rt_heap_expand$2region                 0x08000391   Thumb Code     2  heapauxi.o(.text)
    __aeabi_uldivmod                         0x08000393   Thumb Code     0  lludivv7m.o(.text)
    _ll_udiv                                 0x08000393   Thumb Code   238  lludivv7m.o(.text)
    __aeabi_memclr                           0x08000481   Thumb Code     0  rt_memclr.o(.text)
    __rt_memclr                              0x08000481   Thumb Code    68  rt_memclr.o(.text)
    _memset                                  0x08000485   Thumb Code     0  rt_memclr.o(.text)
    __aeabi_memclr4                          0x080004c5   Thumb Code     0  rt_memclr_w.o(.text)
    __aeabi_memclr8                          0x080004c5   Thumb Code     0  rt_memclr_w.o(.text)
    __rt_memclr_w                            0x080004c5   Thumb Code    78  rt_memclr_w.o(.text)
    _memset_w                                0x080004c9   Thumb Code     0  rt_memclr_w.o(.text)
    __user_setup_stackheap                   0x08000513   Thumb Code    74  sys_stackheap_outer.o(.text)
    exit                                     0x0800055d   Thumb Code    18  exit.o(.text)
    __user_libspace                          0x08000571   Thumb Code     8  libspace.o(.text)
    __user_perproc_libspace                  0x08000571   Thumb Code     0  libspace.o(.text)
    __user_perthread_libspace                0x08000571   Thumb Code     0  libspace.o(.text)
    _sys_exit                                0x08000579   Thumb Code     8  sys_exit.o(.text)
    __I$use$semihosting                      0x08000585   Thumb Code     0  use_no_semi.o(.text)
    __use_no_semihosting_swi                 0x08000585   Thumb Code     2  use_no_semi.o(.text)
    GPIO_Init                                0x08000587   Thumb Code    70  gpio_program.o(i.GPIO_Init)
    __semihosting_library_function           0x08000587   Thumb Code     0  indicate_semi.o(.text)
    GPIO_configure_pin_mode                  0x080005cd   Thumb Code    28  gpio_program.o(i.GPIO_configure_pin_mode)
    GPIO_configure_pin_otype                 0x080005e9   Thumb Code    14  gpio_program.o(i.GPIO_configure_pin_otype)
    GPIO_configure_pin_pupd                  0x080005f7   Thumb Code    16  gpio_program.o(i.GPIO_configure_pin_pupd)
    GPIO_configure_pin_speed                 0x08000607   Thumb Code    16  gpio_program.o(i.GPIO_configure_pin_speed)
    GPIO_set_alt_function                    0x08000617   Thumb Code    48  gpio_program.o(i.GPIO_set_alt_function)
    RCC_voidEnableClock                      0x08000649   Thumb Code    68  rcc_program.o(i.RCC_voidEnableClock)
    RCC_voidInitSysClock                     0x08000691   Thumb Code    12  rcc_program.o(i.RCC_voidInitSysClock)
    SysTick_Handler                          0x080006a1   Thumb Code    46  port.o(i.SysTick_Handler)
    SystemInit                               0x080006d5   Thumb Code   104  system_stm32f3xx.o(i.SystemInit)
    USART_Init                               0x08000751   Thumb Code   158  usart_program.o(i.USART_Init)
    USART_Send                               0x080007f5   Thumb Code    16  usart_program.o(i.USART_Send)
    USART_Send_Number                        0x08000805   Thumb Code   174  usart_program.o(i.USART_Send_Number)
    USART_Send_String                        0x080008b3   Thumb Code    26  usart_program.o(i.USART_Send_String)
    eTaskConfirmSleepModeStatus              0x080008cd   Thumb Code    42  tasks.o(i.eTaskConfirmSleepModeStatus)
    main                                     0x08000909   Thumb Code   218  main.o(i.main)
    pvPortMalloc                             0x08000e25   Thumb Code    98  heap_1.o(i.pvPortMalloc)
    pxPortInitialiseStack                    0x08000e95   Thumb Code    38  port.o(i.pxPortInitialiseStack)
    uxListRemove                             0x08000ec1   Thumb Code    40  list.o(i.uxListRemove)
    vListInitialise                          0x08000ee9   Thumb Code    26  list.o(i.vListInitialise)
    vListInitialiseItem                      0x08000f03   Thumb Code     6  list.o(i.vListInitialiseItem)
    vListInsert                              0x08000f09   Thumb Code    52  list.o(i.vListInsert)
    vListInsertEnd                           0x08000f3d   Thumb Code    24  list.o(i.vListInsertEnd)
    vPortEnterCritical                       0x08000f55   Thumb Code    76  port.o(i.vPortEnterCritical)
    vPortExitCritical                        0x08000fa9   Thumb Code    56  port.o(i.vPortExitCritical)
    vPortFree                                0x08000fe5   Thumb Code    34  heap_1.o(i.vPortFree)
    vPortSetupTimerInterrupt                 0x08001009   Thumb Code    52  port.o(i.vPortSetupTimerInterrupt)
    vPortSuppressTicksAndSleep               0x08001049   Thumb Code   320  port.o(i.vPortSuppressTicksAndSleep)
    vTask1Function                           0x08001195   Thumb Code    56  main.o(i.vTask1Function)
    vTask2Function                           0x080011dd   Thumb Code    56  main.o(i.vTask2Function)
    vTaskDelayUntil                          0x08001225   Thumb Code   200  tasks.o(i.vTaskDelayUntil)
    vTaskStartScheduler                      0x080012f9   Thumb Code   110  tasks.o(i.vTaskStartScheduler)
    vTaskStepTick                            0x08001385   Thumb Code    56  tasks.o(i.vTaskStepTick)
    vTaskSuspendAll                          0x080013c5   Thumb Code    12  tasks.o(i.vTaskSuspendAll)
    vTaskSwitchContext                       0x080013d5   Thumb Code   118  tasks.o(i.vTaskSwitchContext)
    xPortStartScheduler                      0x08001461   Thumb Code   330  port.o(i.xPortStartScheduler)
    xTaskCreate                              0x080015c9   Thumb Code    96  tasks.o(i.xTaskCreate)
    xTaskGetTickCount                        0x08001629   Thumb Code     6  tasks.o(i.xTaskGetTickCount)
    xTaskIncrementTick                       0x08001635   Thumb Code   282  tasks.o(i.xTaskIncrementTick)
    xTaskResumeAll                           0x0800177d   Thumb Code   224  tasks.o(i.xTaskResumeAll)
    _fp_init                                 0x08001881   Thumb Code    10  fpinit.o(x$fpl$fpinit)
    __fplib_config_fpu_vfp                   0x08001889   Thumb Code     0  fpinit.o(x$fpl$fpinit)
    __fplib_config_pureend_doubles           0x08001889   Thumb Code     0  fpinit.o(x$fpl$fpinit)
    Region$$Table$$Base                      0x0800188c   Number         0  anon$$obj.o(Region$$Table)
    Region$$Table$$Limit                     0x080018ac   Number         0  anon$$obj.o(Region$$Table)
    pxCurrentTCB                             0x20000020   Data           4  tasks.o(.data)
    __libspace_start                         0x20001124   Data          96  libspace.o(.bss)
    __temporary_stack_top$libspace           0x20001184   Data           0  libspace.o(.bss)



==============================================================================

Memory Map of the image

  Image Entry point : 0x08000195

  Load Region LR_IROM1 (Base: 0x08000000, Size: 0x00001908, Max: 0x00080000, ABSOLUTE)

    Execution Region ER_IROM1 (Exec base: 0x08000000, Load base: 0x08000000, Size: 0x000018ac, Max: 0x00080000, ABSOLUTE)

    Exec Addr    Load Addr    Size         Type   Attr      Idx    E Section Name        Object

    0x08000000   0x08000000   0x00000194   Data   RO          255    RESET               startup_stm32f303xe.o
    0x08000194   0x08000194   0x00000008   Code   RO         1186  * !!!main             c_w.l(__main.o)
    0x0800019c   0x0800019c   0x00000034   Code   RO         1361    !!!scatter          c_w.l(__scatter.o)
    0x080001d0   0x080001d0   0x0000001a   Code   RO         1363    !!handler_copy      c_w.l(__scatter_copy.o)
    0x080001ea   0x080001ea   0x00000002   PAD
    0x080001ec   0x080001ec   0x0000001c   Code   RO         1365    !!handler_zi        c_w.l(__scatter_zi.o)
    0x08000208   0x08000208   0x00000002   Code   RO         1227    .ARM.Collect$$libinit$$00000000  c_w.l(libinit.o)
    0x0800020a   0x0800020a   0x00000004   Code   RO         1237    .ARM.Collect$$libinit$$00000001  c_w.l(libinit2.o)
    0x0800020e   0x0800020e   0x00000000   Code   RO         1240    .ARM.Collect$$libinit$$00000004  c_w.l(libinit2.o)
    0x0800020e   0x0800020e   0x00000000   Code   RO         1243    .ARM.Collect$$libinit$$0000000A  c_w.l(libinit2.o)
    0x0800020e   0x0800020e   0x00000000   Code   RO         1245    .ARM.Collect$$libinit$$0000000C  c_w.l(libinit2.o)
    0x0800020e   0x0800020e   0x00000000   Code   RO         1247    .ARM.Collect$$libinit$$0000000E  c_w.l(libinit2.o)
    0x0800020e   0x0800020e   0x00000000   Code   RO         1250    .ARM.Collect$$libinit$$00000011  c_w.l(libinit2.o)
    0x0800020e   0x0800020e   0x00000000   Code   RO         1252    .ARM.Collect$$libinit$$00000013  c_w.l(libinit2.o)
    0x0800020e   0x0800020e   0x00000000   Code   RO         1254    .ARM.Collect$$libinit$$00000015  c_w.l(libinit2.o)
    0x0800020e   0x0800020e   0x00000000   Code   RO         1256    .ARM.Collect$$libinit$$00000017  c_w.l(libinit2.o)
    0x0800020e   0x0800020e   0x00000000   Code   RO         1258    .ARM.Collect$$libinit$$00000019  c_w.l(libinit2.o)
    0x0800020e   0x0800020e   0x00000000   Code   RO         1260    .ARM.Collect$$libinit$$0000001B  c_w.l(libinit2.o)
    0x0800020e   0x0800020e   0x00000000   Code   RO         1262    .ARM.Collect$$libinit$$0000001D  c_w.l(libinit2.o)
    0x0800020e   0x0800020e   0x00000000   Code   RO         1264    .ARM.Collect$$libinit$$0000001F  c_w.l(libinit2.o)
    0x0800020e   0x0800020e   0x00000000   Code   RO         1266    .ARM.Collect$$libinit$$00000021  c_w.l(libinit2.o)
    0x0800020e   0x0800020e   0x00000000   Code   RO         1268    .ARM.Collect$$libinit$$00000023  c_w.l(libinit2.o)
    0x0800020e   0x0800020e   0x00000000   Code   RO         1270    .ARM.Collect$$libinit$$00000025  c_w.l(libinit2.o)
    0x0800020e   0x0800020e   0x00000000   Code   RO         1274    .ARM.Collect$$libinit$$0000002C  c_w.l(libinit2.o)
    0x0800020e   0x0800020e   0x00000000   Code   RO         1276    .ARM.Collect$$libinit$$0000002E  c_w.l(libinit2.o)
    0x0800020e   0x0800020e   0x00000000   Code   RO         1278    .ARM.Collect$$libinit$$00000030  c_w.l(libinit2.o)
    0x0800020e   0x0800020e   0x00000000   Code   RO         1280    .ARM.Collect$$libinit$$00000032  c_w.l(libinit2.o)
    0x0800020e   0x0800020e   0x00000002   Code   RO         1281    .ARM.Collect$$libinit$$00000033  c_w.l(libinit2.o)
    0x08000210   0x08000210   0x00000002   Code   RO         1311    .ARM.Collect$$libshutdown$$00000000  c_w.l(libshutdown.o)
    0x08000212   0x08000212   0x00000000   Code   RO         1328    .ARM.Collect$$libshutdown$$00000002  c_w.l(libshutdown2.o)
    0x08000212   0x08000212   0x00000000   Code   RO         1330    .ARM.Collect$$libshutdown$$00000004  c_w.l(libshutdown2.o)
    0x08000212   0x08000212   0x00000000   Code   RO         1333    .ARM.Collect$$libshutdown$$00000007  c_w.l(libshutdown2.o)
    0x08000212   0x08000212   0x00000000   Code   RO         1336    .ARM.Collect$$libshutdown$$0000000A  c_w.l(libshutdown2.o)
    0x08000212   0x08000212   0x00000000   Code   RO         1338    .ARM.Collect$$libshutdown$$0000000C  c_w.l(libshutdown2.o)
    0x08000212   0x08000212   0x00000000   Code   RO         1341    .ARM.Collect$$libshutdown$$0000000F  c_w.l(libshutdown2.o)
    0x08000212   0x08000212   0x00000002   Code   RO         1342    .ARM.Collect$$libshutdown$$00000010  c_w.l(libshutdown2.o)
    0x08000214   0x08000214   0x00000000   Code   RO         1188    .ARM.Collect$$rtentry$$00000000  c_w.l(__rtentry.o)
    0x08000214   0x08000214   0x00000000   Code   RO         1196    .ARM.Collect$$rtentry$$00000002  c_w.l(__rtentry2.o)
    0x08000214   0x08000214   0x00000006   Code   RO         1208    .ARM.Collect$$rtentry$$00000004  c_w.l(__rtentry4.o)
    0x0800021a   0x0800021a   0x00000000   Code   RO         1198    .ARM.Collect$$rtentry$$00000009  c_w.l(__rtentry2.o)
    0x0800021a   0x0800021a   0x00000004   Code   RO         1199    .ARM.Collect$$rtentry$$0000000A  c_w.l(__rtentry2.o)
    0x0800021e   0x0800021e   0x00000000   Code   RO         1201    .ARM.Collect$$rtentry$$0000000C  c_w.l(__rtentry2.o)
    0x0800021e   0x0800021e   0x00000008   Code   RO         1202    .ARM.Collect$$rtentry$$0000000D  c_w.l(__rtentry2.o)
    0x08000226   0x08000226   0x00000002   Code   RO         1231    .ARM.Collect$$rtexit$$00000000  c_w.l(rtexit.o)
    0x08000228   0x08000228   0x00000000   Code   RO         1283    .ARM.Collect$$rtexit$$00000002  c_w.l(rtexit2.o)
    0x08000228   0x08000228   0x00000004   Code   RO         1284    .ARM.Collect$$rtexit$$00000003  c_w.l(rtexit2.o)
    0x0800022c   0x0800022c   0x00000006   Code   RO         1285    .ARM.Collect$$rtexit$$00000004  c_w.l(rtexit2.o)
    0x08000232   0x08000232   0x00000002   PAD
    0x08000234   0x08000234   0x000000be   Code   RO          434    .emb_text           port.o
    0x080002f2   0x080002f2   0x00000002   PAD
    0x080002f4   0x080002f4   0x00000040   Code   RO          256    .text               startup_stm32f303xe.o
    0x08000334   0x08000334   0x00000048   Code   RO         1176    .text               c_w.l(llsdiv.o)
    0x0800037c   0x0800037c   0x00000010   Code   RO         1182    .text               c_w.l(aeabi_memset.o)
    0x0800038c   0x0800038c   0x00000006   Code   RO         1184    .text               c_w.l(heapauxi.o)
    0x08000392   0x08000392   0x000000ee   Code   RO         1189    .text               c_w.l(lludivv7m.o)
    0x08000480   0x08000480   0x00000044   Code   RO         1193    .text               c_w.l(rt_memclr.o)
    0x080004c4   0x080004c4   0x0000004e   Code   RO         1214    .text               c_w.l(rt_memclr_w.o)
    0x08000512   0x08000512   0x0000004a   Code   RO         1216    .text               c_w.l(sys_stackheap_outer.o)
    0x0800055c   0x0800055c   0x00000012   Code   RO         1220    .text               c_w.l(exit.o)
    0x0800056e   0x0800056e   0x00000002   PAD
    0x08000570   0x08000570   0x00000008   Code   RO         1228    .text               c_w.l(libspace.o)
    0x08000578   0x08000578   0x0000000c   Code   RO         1299    .text               c_w.l(sys_exit.o)
    0x08000584   0x08000584   0x00000002   Code   RO         1316    .text               c_w.l(use_no_semi.o)
    0x08000586   0x08000586   0x00000000   Code   RO         1318    .text               c_w.l(indicate_semi.o)
    0x08000586   0x08000586   0x00000046   Code   RO            1    i.GPIO_Init         gpio_program.o
    0x080005cc   0x080005cc   0x0000001c   Code   RO            5    i.GPIO_configure_pin_mode  gpio_program.o
    0x080005e8   0x080005e8   0x0000000e   Code   RO            6    i.GPIO_configure_pin_otype  gpio_program.o
    0x080005f6   0x080005f6   0x00000010   Code   RO            7    i.GPIO_configure_pin_pupd  gpio_program.o
    0x08000606   0x08000606   0x00000010   Code   RO            8    i.GPIO_configure_pin_speed  gpio_program.o
    0x08000616   0x08000616   0x00000030   Code   RO            9    i.GPIO_set_alt_function  gpio_program.o
    0x08000646   0x08000646   0x00000002   PAD
    0x08000648   0x08000648   0x00000048   Code   RO          156    i.RCC_voidEnableClock  rcc_program.o
    0x08000690   0x08000690   0x00000010   Code   RO          157    i.RCC_voidInitSysClock  rcc_program.o
    0x080006a0   0x080006a0   0x00000034   Code   RO          435    i.SysTick_Handler   port.o
    0x080006d4   0x080006d4   0x0000007c   Code   RO          265    i.SystemInit        system_stm32f3xx.o
    0x08000750   0x08000750   0x000000a4   Code   RO          193    i.USART_Init        usart_program.o
    0x080007f4   0x080007f4   0x00000010   Code   RO          196    i.USART_Send        usart_program.o
    0x08000804   0x08000804   0x000000ae   Code   RO          197    i.USART_Send_Number  usart_program.o
    0x080008b2   0x080008b2   0x0000001a   Code   RO          198    i.USART_Send_String  usart_program.o
    0x080008cc   0x080008cc   0x0000003c   Code   RO          763    i.eTaskConfirmSleepModeStatus  tasks.o
    0x08000908   0x08000908   0x000000fc   Code   RO           72    i.main              main.o
    0x08000a04   0x08000a04   0x000000a4   Code   RO          766    i.prvAddCurrentTaskToDelayedList  tasks.o
    0x08000aa8   0x08000aa8   0x000000b8   Code   RO          767    i.prvAddNewTaskToReadyList  tasks.o
    0x08000b60   0x08000b60   0x00000048   Code   RO          768    i.prvCheckTasksWaitingTermination  tasks.o
    0x08000ba8   0x08000ba8   0x00000012   Code   RO          769    i.prvDeleteTCB      tasks.o
    0x08000bba   0x08000bba   0x00000002   PAD
    0x08000bbc   0x08000bbc   0x0000004c   Code   RO          770    i.prvGetExpectedIdleTime  tasks.o
    0x08000c08   0x08000c08   0x0000007c   Code   RO          771    i.prvIdleTask       tasks.o
    0x08000c84   0x08000c84   0x000000c2   Code   RO          772    i.prvInitialiseNewTask  tasks.o
    0x08000d46   0x08000d46   0x00000002   PAD
    0x08000d48   0x08000d48   0x00000068   Code   RO          773    i.prvInitialiseTaskLists  tasks.o
    0x08000db0   0x08000db0   0x00000034   Code   RO          775    i.prvResetNextTaskUnblockTime  tasks.o
    0x08000de4   0x08000de4   0x00000040   Code   RO          436    i.prvTaskExitError  port.o
    0x08000e24   0x08000e24   0x00000070   Code   RO          389    i.pvPortMalloc      heap_1.o
    0x08000e94   0x08000e94   0x0000002c   Code   RO          437    i.pxPortInitialiseStack  port.o
    0x08000ec0   0x08000ec0   0x00000028   Code   RO          338    i.uxListRemove      list.o
    0x08000ee8   0x08000ee8   0x0000001a   Code   RO          339    i.vListInitialise   list.o
    0x08000f02   0x08000f02   0x00000006   Code   RO          340    i.vListInitialiseItem  list.o
    0x08000f08   0x08000f08   0x00000034   Code   RO          341    i.vListInsert       list.o
    0x08000f3c   0x08000f3c   0x00000018   Code   RO          342    i.vListInsertEnd    list.o
    0x08000f54   0x08000f54   0x00000054   Code   RO          439    i.vPortEnterCritical  port.o
    0x08000fa8   0x08000fa8   0x0000003c   Code   RO          440    i.vPortExitCritical  port.o
    0x08000fe4   0x08000fe4   0x00000022   Code   RO          390    i.vPortFree         heap_1.o
    0x08001006   0x08001006   0x00000002   PAD
    0x08001008   0x08001008   0x00000040   Code   RO          441    i.vPortSetupTimerInterrupt  port.o
    0x08001048   0x08001048   0x0000014c   Code   RO          442    i.vPortSuppressTicksAndSleep  port.o
    0x08001194   0x08001194   0x00000048   Code   RO           73    i.vTask1Function    main.o
    0x080011dc   0x080011dc   0x00000048   Code   RO           74    i.vTask2Function    main.o
    0x08001224   0x08001224   0x000000d4   Code   RO          791    i.vTaskDelayUntil   tasks.o
    0x080012f8   0x080012f8   0x0000008c   Code   RO          806    i.vTaskStartScheduler  tasks.o
    0x08001384   0x08001384   0x00000040   Code   RO          807    i.vTaskStepTick     tasks.o
    0x080013c4   0x080013c4   0x00000010   Code   RO          809    i.vTaskSuspendAll   tasks.o
    0x080013d4   0x080013d4   0x0000008c   Code   RO          810    i.vTaskSwitchContext  tasks.o
    0x08001460   0x08001460   0x00000168   Code   RO          444    i.xPortStartScheduler  port.o
    0x080015c8   0x080015c8   0x00000060   Code   RO          814    i.xTaskCreate       tasks.o
    0x08001628   0x08001628   0x0000000c   Code   RO          821    i.xTaskGetTickCount  tasks.o
    0x08001634   0x08001634   0x00000148   Code   RO          823    i.xTaskIncrementTick  tasks.o
    0x0800177c   0x0800177c   0x00000104   Code   RO          829    i.xTaskResumeAll    tasks.o
    0x08001880   0x08001880   0x0000000a   Code   RO         1297    x$fpl$fpinit        fz_wm.l(fpinit.o)
    0x0800188a   0x0800188a   0x00000002   PAD
    0x0800188c   0x0800188c   0x00000020   Data   RO         1359    Region$$Table       anon$$obj.o


    Execution Region RW_IRAM1 (Exec base: 0x20000000, Load base: 0x080018ac, Size: 0x00001788, Max: 0x00010000, ABSOLUTE)

    Exec Addr    Load Addr    Size         Type   Attr      Idx    E Section Name        Object

    0x20000000   0x080018ac   0x00000008   Data   RW          394    .data               heap_1.o
    0x20000008   0x080018b4   0x00000018   Data   RW          445    .data               port.o
    0x20000020   0x080018cc   0x0000003c   Data   RW          832    .data               tasks.o
    0x2000005c        -       0x00001000   Zero   RW          393    .bss                heap_1.o
    0x2000105c        -       0x000000c8   Zero   RW          831    .bss                tasks.o
    0x20001124        -       0x00000060   Zero   RW         1229    .bss                c_w.l(libspace.o)
    0x20001184   0x08001908   0x00000004   PAD
    0x20001188        -       0x00000200   Zero   RW          254    HEAP                startup_stm32f303xe.o
    0x20001388        -       0x00000400   Zero   RW          253    STACK               startup_stm32f303xe.o


==============================================================================

Image component sizes


      Code (inc. data)   RO Data    RW Data    ZI Data      Debug   Object Name

       192          0          0          0          0      10398   gpio_program.o
       146         14          0          8       4096       4971   heap_1.o
       148          0          0          0          0       4966   list.o
       396         66          0          0          0      11157   main.o
      1250         98          0         24          0      12369   port.o
         0          0          0          0          0       5176   queue.o
        88          8          0          0          0       1081   rcc_program.o
        64         26        404          0       1536        920   startup_stm32f303xe.o
       124         20          0          0          0        553   system_stm32f3xx.o
      2316        332          0         60        200      21704   tasks.o
       380          6          0          0          0       3122   usart_program.o

    ----------------------------------------------------------------------
      5114        570        436         92       5832      76417   Object Totals
         0          0         32          0          0          0   (incl. Generated)
        10          0          0          0          0          0   (incl. Padding)

    ----------------------------------------------------------------------

      Code (inc. data)   RO Data    RW Data    ZI Data      Debug   Library Member Name

         8          0          0          0          0         68   __main.o
         0          0          0          0          0          0   __rtentry.o
        12          0          0          0          0          0   __rtentry2.o
         6          0          0          0          0          0   __rtentry4.o
        52          8          0          0          0          0   __scatter.o
        26          0          0          0          0          0   __scatter_copy.o
        28          0          0          0          0          0   __scatter_zi.o
        16          0          0          0          0         68   aeabi_memset.o
        18          0          0          0          0         80   exit.o
         6          0          0          0          0        152   heapauxi.o
         0          0          0          0          0          0   indicate_semi.o
         2          0          0          0          0          0   libinit.o
         6          0          0          0          0          0   libinit2.o
         2          0          0          0          0          0   libshutdown.o
         2          0          0          0          0          0   libshutdown2.o
         8          4          0          0         96         68   libspace.o
        72          0          0          0          0         76   llsdiv.o
       238          0          0          0          0        100   lludivv7m.o
        68          0          0          0          0         68   rt_memclr.o
        78          0          0          0          0         80   rt_memclr_w.o
         2          0          0          0          0          0   rtexit.o
        10          0          0          0          0          0   rtexit2.o
        12          4          0          0          0         68   sys_exit.o
        74          0          0          0          0         80   sys_stackheap_outer.o
         2          0          0          0          0         68   use_no_semi.o
        10          0          0          0          0        116   fpinit.o

    ----------------------------------------------------------------------
       766         16          0          0        100       1092   Library Totals
         8          0          0          0          4          0   (incl. Padding)

    ----------------------------------------------------------------------

      Code (inc. data)   RO Data    RW Data    ZI Data      Debug   Library Name

       748         16          0          0         96        976   c_w.l
        10          0          0          0          0        116   fz_wm.l

    ----------------------------------------------------------------------
       766         16          0          0        100       1092   Library Totals

    ----------------------------------------------------------------------

==============================================================================


      Code (inc. data)   RO Data    RW Data    ZI Data      Debug   

      5880        586        436         92       5932      72393   Grand Totals
      5880        586        436         92       5932      72393   ELF Image Totals
      5880        586        436         92          0          0   ROM Totals

==============================================================================

    Total RO  Size (Code + RO Data)                 6316 (   6.17kB)
    Total RW  Size (RW Data + ZI Data)              6024 (   5.88kB)
    Total ROM Size (Code + RO Data + RW Data)       6408 (   6.26kB)

==============================================================================

